#
# There is insufficient memory for the Java Runtime Environment to continue.
# Native memory allocation (mmap) failed to map 689963008 bytes. Error detail: G1 virtual space
# Possible reasons:
#   The system is out of physical RAM or swap space
#   This process is running with CompressedOops enabled, and the Java Heap may be blocking the growth of the native heap
# Possible solutions:
#   Reduce memory load on the system
#   Increase physical memory or swap space
#   Check if swap backing store is full
#   Decrease Java heap size (-Xmx/-Xms)
#   Decrease number of Java threads
#   Decrease Java thread stack sizes (-Xss)
#   Set larger code cache with -XX:ReservedCodeCacheSize=
#   JVM is running with Zero Based Compressed Oops mode in which the Java heap is
#     placed in the first 32GB address space. The Java Heap base address is the
#     maximum limit for the native heap growth. Please use -XX:HeapBaseMinAddress
#     to set the Java Heap base and to place the Java Heap above 32GB virtual address.
# This output file may be truncated or incomplete.
#
#  Out of Memory Error (os_windows.cpp:3614), pid=12428, tid=16560
#
# JRE version: OpenJDK Runtime Environment Temurin-17.0.13+11 (17.0.13+11) (build 17.0.13+11)
# Java VM: OpenJDK 64-Bit Server VM Temurin-17.0.13+11 (17.0.13+11, mixed mode, sharing, tiered, compressed oops, compressed class ptrs, g1 gc, windows-amd64)
# No core dump will be written. Minidumps are not enabled by default on client versions of Windows
#

---------------  S U M M A R Y ------------

Command Line: C:\Users\jsams\.sonar\cache\70ee75b3dd24c4e195caf0320e3d1311f0a75f0f3c368f35429fe8c53570d32a\sonar-scanner-engine-shaded-25.7.0.110598-all.jar

Host: AMD Ryzen 5 3500 6-Core Processor              , 6 cores, 15G,  Windows 10 , 64 bit Build 19041 (10.0.19041.5915)
Time: Sun Aug  3 22:39:59 2025  Windows 10 , 64 bit Build 19041 (10.0.19041.5915) elapsed time: 26.429532 seconds (0d 0h 0m 26s)

---------------  T H R E A D  ---------------

Current thread (0x00000209a5676770):  VMThread "VM Thread" [stack: 0x0000004b25400000,0x0000004b25500000] [id=16560]

Stack: [0x0000004b25400000,0x0000004b25500000]
Native frames: (J=compiled Java code, j=interpreted, Vv=VM code, C=native code)
V  [jvm.dll+0x682a19]
V  [jvm.dll+0x839538]
V  [jvm.dll+0x83afe3]
V  [jvm.dll+0x83b653]
V  [jvm.dll+0x24704f]
V  [jvm.dll+0x67f809]
V  [jvm.dll+0x6746fa]
V  [jvm.dll+0x304a96]
V  [jvm.dll+0x30bf56]
V  [jvm.dll+0x35da5e]
V  [jvm.dll+0x35dc9d]
V  [jvm.dll+0x2dbe5c]
V  [jvm.dll+0x2da1ff]
V  [jvm.dll+0x2d996c]
V  [jvm.dll+0x31d14b]
V  [jvm.dll+0x83fe8d]
V  [jvm.dll+0x840bc3]
V  [jvm.dll+0x8410ef]
V  [jvm.dll+0x8414d4]
V  [jvm.dll+0x84159e]
V  [jvm.dll+0x7e8ffc]
V  [jvm.dll+0x6818f7]
C  [ucrtbase.dll+0x21bb2]
C  [KERNEL32.DLL+0x17374]
C  [ntdll.dll+0x4cc91]

VM_Operation (0x0000004b24efe5c0): G1CollectForAllocation, mode: safepoint, requested by thread 0x0000020985580030


---------------  P R O C E S S  ---------------

Threads class SMR info:
_java_thread_list=0x00000209ee8d9470, length=22, elements={
0x0000020985580030, 0x00000209a567e5f0, 0x00000209a5680390, 0x00000209a57360a0,
0x00000209a5738d90, 0x00000209a573d450, 0x00000209a573abd0, 0x00000209a5697640,
0x00000209a574c3c0, 0x00000209a569c370, 0x00000209a573ca30, 0x00000209a573bb00,
0x00000209a573cf40, 0x00000209a573a6c0, 0x00000209ec507e60, 0x00000209ec5097b0,
0x00000209ec508370, 0x00000209ec504bc0, 0x00000209ec508880, 0x00000209ec506000,
0x00000209ec505af0, 0x00000209ee934810
}

Java Threads: ( => current thread )
  0x0000020985580030 JavaThread "main" [_thread_blocked, id=20648, stack(0x0000004b24e00000,0x0000004b24f00000)]
  0x00000209a567e5f0 JavaThread "Reference Handler" daemon [_thread_blocked, id=24588, stack(0x0000004b25500000,0x0000004b25600000)]
  0x00000209a5680390 JavaThread "Finalizer" daemon [_thread_blocked, id=25296, stack(0x0000004b25600000,0x0000004b25700000)]
  0x00000209a57360a0 JavaThread "Signal Dispatcher" daemon [_thread_blocked, id=25660, stack(0x0000004b25700000,0x0000004b25800000)]
  0x00000209a5738d90 JavaThread "Attach Listener" daemon [_thread_blocked, id=23236, stack(0x0000004b25800000,0x0000004b25900000)]
  0x00000209a573d450 JavaThread "Service Thread" daemon [_thread_blocked, id=25632, stack(0x0000004b25900000,0x0000004b25a00000)]
  0x00000209a573abd0 JavaThread "Monitor Deflation Thread" daemon [_thread_blocked, id=25316, stack(0x0000004b25a00000,0x0000004b25b00000)]
  0x00000209a5697640 JavaThread "C2 CompilerThread0" daemon [_thread_blocked, id=20644, stack(0x0000004b25b00000,0x0000004b25c00000)]
  0x00000209a574c3c0 JavaThread "C1 CompilerThread0" daemon [_thread_blocked, id=25328, stack(0x0000004b25c00000,0x0000004b25d00000)]
  0x00000209a569c370 JavaThread "Sweeper thread" daemon [_thread_blocked, id=25664, stack(0x0000004b25d00000,0x0000004b25e00000)]
  0x00000209a573ca30 JavaThread "Notification Thread" daemon [_thread_blocked, id=25808, stack(0x0000004b25e00000,0x0000004b25f00000)]
  0x00000209a573bb00 JavaThread "Common-Cleaner" daemon [_thread_blocked, id=25308, stack(0x0000004b26000000,0x0000004b26100000)]
  0x00000209a573cf40 JavaThread "OkHttp TaskRunner" daemon [_thread_blocked, id=12868, stack(0x0000004b26b00000,0x0000004b26c00000)]
  0x00000209a573a6c0 JavaThread "Okio Watchdog" daemon [_thread_blocked, id=25360, stack(0x0000004b26c00000,0x0000004b26d00000)]
  0x00000209ec507e60 JavaThread "JGit-WorkQueue" daemon [_thread_blocked, id=26376, stack(0x0000004b27000000,0x0000004b27100000)]
  0x00000209ec5097b0 JavaThread "HttpClient-1-SelectorManager" daemon [_thread_in_native, id=3768, stack(0x0000004b26f00000,0x0000004b27000000)]
  0x00000209ec508370 JavaThread "ForkJoinPool.commonPool-worker-1" daemon [_thread_blocked, id=19252, stack(0x0000004b27300000,0x0000004b27400000)]
  0x00000209ec504bc0 JavaThread "ForkJoinPool.commonPool-worker-2" daemon [_thread_blocked, id=25176, stack(0x0000004b27400000,0x0000004b27500000)]
  0x00000209ec508880 JavaThread "ForkJoinPool.commonPool-worker-3" daemon [_thread_blocked, id=14212, stack(0x0000004b27500000,0x0000004b27600000)]
  0x00000209ec506000 JavaThread "ForkJoinPool.commonPool-worker-4" daemon [_thread_blocked, id=25172, stack(0x0000004b27600000,0x0000004b27700000)]
  0x00000209ec505af0 JavaThread "ForkJoinPool.commonPool-worker-5" daemon [_thread_blocked, id=26076, stack(0x0000004b27700000,0x0000004b27800000)]
  0x00000209ee934810 JavaThread "C2 CompilerThread1" daemon [_thread_in_native, id=17524, stack(0x0000004b27800000,0x0000004b27900000)]

Other Threads:
=>0x00000209a5676770 VMThread "VM Thread" [stack: 0x0000004b25400000,0x0000004b25500000] [id=16560]
  0x00000209a5858ef0 WatcherThread [stack: 0x0000004b25f00000,0x0000004b26000000] [id=12500]
  0x00000209855ebd00 GCTaskThread "GC Thread#0" [stack: 0x0000004b24f00000,0x0000004b25000000] [id=23596]
  0x00000209eb1a6520 GCTaskThread "GC Thread#1" [stack: 0x0000004b26200000,0x0000004b26300000] [id=18912]
  0x00000209eb12ec30 GCTaskThread "GC Thread#2" [stack: 0x0000004b26300000,0x0000004b26400000] [id=23296]
  0x00000209eb131040 GCTaskThread "GC Thread#3" [stack: 0x0000004b26400000,0x0000004b26500000] [id=16076]
  0x00000209eb09d990 GCTaskThread "GC Thread#4" [stack: 0x0000004b26500000,0x0000004b26600000] [id=13916]
  0x00000209eb09dc50 GCTaskThread "GC Thread#5" [stack: 0x0000004b26600000,0x0000004b26700000] [id=16940]
  0x00000209855fcab0 ConcurrentGCThread "G1 Main Marker" [stack: 0x0000004b25000000,0x0000004b25100000] [id=9708]
  0x00000209855fdb80 ConcurrentGCThread "G1 Conc#0" [stack: 0x0000004b25100000,0x0000004b25200000] [id=17996]
  0x00000209ec3a0840 ConcurrentGCThread "G1 Conc#1" [stack: 0x0000004b26d00000,0x0000004b26e00000] [id=26616]
  0x000002098563db00 ConcurrentGCThread "G1 Refine#0" [stack: 0x0000004b25200000,0x0000004b25300000] [id=16032]
  0x00000209ed98dfe0 ConcurrentGCThread "G1 Refine#1" [stack: 0x0000004b26e00000,0x0000004b26f00000] [id=12184]
  0x00000209ece49540 ConcurrentGCThread "G1 Refine#2" [stack: 0x0000004b27100000,0x0000004b27200000] [id=13772]
  0x00000209ece6d9b0 ConcurrentGCThread "G1 Refine#3" [stack: 0x0000004b27200000,0x0000004b27300000] [id=20596]
  0x00000209ebb462e0 ConcurrentGCThread "G1 Refine#4" [stack: 0x0000004b27e00000,0x0000004b27f00000] [id=10612]
  0x00000209ef2ab6a0 ConcurrentGCThread "G1 Refine#5" [stack: 0x0000004b26100000,0x0000004b26200000] [id=19128]
  0x000002098563e440 ConcurrentGCThread "G1 Service" [stack: 0x0000004b25300000,0x0000004b25400000] [id=24824]

Threads with active compile tasks:
C2 CompilerThread0    26458 11830       4       org.sonar.plugins.html.checks.accessibility.HeadingHasAccessibleContentCheck::startElement (77 bytes)
C2 CompilerThread1    26459 11822       4       org.sonar.plugins.html.checks.sonar.DeprecatedAttributesInHtml5Check::startElement (116 bytes)

VM state: at safepoint (normal execution)

VM Mutex/Monitor currently owned by a thread:  ([mutex/lock_event])
[0x000002098557c540] Threads_lock - owner thread: 0x00000209a5676770
[0x000002098557cb70] Heap_lock - owner thread: 0x0000020985580030

Heap address: 0x0000000700c00000, size: 4084 MB, Compressed Oops mode: Zero based, Oop shift amount: 3

CDS archive(s) mapped at: [0x00000209a6000000-0x00000209a6a50000-0x00000209a6a50000), size 10813440, SharedBaseAddress: 0x00000209a6000000, ArchiveRelocationMode: 1.
Compressed class space mapped at: 0x00000209a7000000-0x00000209e7000000, reserved size: 1073741824
Narrow klass base: 0x00000209a6000000, Narrow klass shift: 0, Narrow klass range: 0x100000000

GC Precious Log:
 CPUs: 6 total, 6 available
 Memory: 16335M
 Large Page Support: Disabled
 NUMA Support: Disabled
 Compressed Oops: Enabled (Zero based)
 Heap Region Size: 2M
 Heap Min Capacity: 8M
 Heap Initial Capacity: 256M
 Heap Max Capacity: 4084M
 Pre-touch: Disabled
 Parallel Workers: 6
 Concurrent Workers: 2
 Concurrent Refinement Workers: 6
 Periodic GC: Disabled

Heap:
 garbage-first heap   total 673792K, used 251904K [0x0000000700c00000, 0x0000000800000000)
  region size 2048K, 10 young (20480K), 10 survivors (20480K)
 Metaspace       used 55786K, committed 56640K, reserved 1114112K
  class space    used 7404K, committed 7808K, reserved 1048576K

Heap Regions: E=young(eden), S=young(survivor), O=old, HS=humongous(starts), HC=humongous(continues), CS=collection set, F=free, OA=open archive, CA=closed archive, TAMS=top-at-mark-start (previous, next)
|   0|0x0000000700c00000, 0x0000000700e00000, 0x0000000700e00000|100%| O|  |TAMS 0x0000000700e00000, 0x0000000700c00000| Untracked 
|   1|0x0000000700e00000, 0x0000000701000000, 0x0000000701000000|100%| O|  |TAMS 0x0000000701000000, 0x0000000700e00000| Untracked 
|   2|0x0000000701000000, 0x0000000701200000, 0x0000000701200000|100%|HS|  |TAMS 0x0000000701200000, 0x0000000701000000| Complete 
|   3|0x0000000701200000, 0x0000000701400000, 0x0000000701400000|100%|HC|  |TAMS 0x0000000701400000, 0x0000000701200000| Complete 
|   4|0x0000000701400000, 0x0000000701600000, 0x0000000701600000|100%| O|  |TAMS 0x0000000701600000, 0x0000000701400000| Untracked 
|   5|0x0000000701600000, 0x0000000701800000, 0x0000000701800000|100%| O|  |TAMS 0x0000000701800000, 0x0000000701600000| Untracked 
|   6|0x0000000701800000, 0x0000000701a00000, 0x0000000701a00000|100%| O|  |TAMS 0x0000000701a00000, 0x0000000701800000| Untracked 
|   7|0x0000000701a00000, 0x0000000701c00000, 0x0000000701c00000|100%| O|  |TAMS 0x0000000701c00000, 0x0000000701a00000| Untracked 
|   8|0x0000000701c00000, 0x0000000701e00000, 0x0000000701e00000|100%| O|  |TAMS 0x0000000701e00000, 0x0000000701c00000| Untracked 
|   9|0x0000000701e00000, 0x0000000702000000, 0x0000000702000000|100%|HS|  |TAMS 0x0000000702000000, 0x0000000701e00000| Complete 
|  10|0x0000000702000000, 0x0000000702200000, 0x0000000702200000|100%| O|  |TAMS 0x0000000702200000, 0x0000000702000000| Untracked 
|  11|0x0000000702200000, 0x0000000702400000, 0x0000000702400000|100%| O|  |TAMS 0x0000000702400000, 0x0000000702200000| Untracked 
|  12|0x0000000702400000, 0x0000000702600000, 0x0000000702600000|100%| O|  |TAMS 0x0000000702600000, 0x0000000702400000| Untracked 
|  13|0x0000000702600000, 0x0000000702800000, 0x0000000702800000|100%| O|  |TAMS 0x0000000702800000, 0x0000000702600000| Untracked 
|  14|0x0000000702800000, 0x0000000702a00000, 0x0000000702a00000|100%| O|  |TAMS 0x0000000702a00000, 0x0000000702800000| Untracked 
|  15|0x0000000702a00000, 0x0000000702c00000, 0x0000000702c00000|100%| O|  |TAMS 0x0000000702c00000, 0x0000000702a00000| Untracked 
|  16|0x0000000702c00000, 0x0000000702e00000, 0x0000000702e00000|100%| O|  |TAMS 0x0000000702c00000, 0x0000000702c00000| Untracked 
|  17|0x0000000702e00000, 0x0000000703000000, 0x0000000703000000|100%| O|  |TAMS 0x0000000702e00000, 0x0000000702e00000| Untracked 
|  18|0x0000000703000000, 0x0000000703200000, 0x0000000703200000|100%| O|  |TAMS 0x0000000703200000, 0x0000000703000000| Untracked 
|  19|0x0000000703200000, 0x0000000703400000, 0x0000000703400000|100%| O|  |TAMS 0x0000000703200000, 0x0000000703200000| Untracked 
|  20|0x0000000703400000, 0x0000000703600000, 0x0000000703600000|100%| O|  |TAMS 0x0000000703600000, 0x0000000703400000| Untracked 
|  21|0x0000000703600000, 0x0000000703800000, 0x0000000703800000|100%| O|  |TAMS 0x0000000703600000, 0x0000000703600000| Untracked 
|  22|0x0000000703800000, 0x0000000703a00000, 0x0000000703a00000|100%| O|  |TAMS 0x0000000703a00000, 0x0000000703800000| Untracked 
|  23|0x0000000703a00000, 0x0000000703c00000, 0x0000000703c00000|100%| O|  |TAMS 0x0000000703c00000, 0x0000000703a00000| Untracked 
|  24|0x0000000703c00000, 0x0000000703e00000, 0x0000000703e00000|100%| O|  |TAMS 0x0000000703c00000, 0x0000000703c00000| Untracked 
|  25|0x0000000703e00000, 0x0000000704000000, 0x0000000704000000|100%| O|  |TAMS 0x0000000704000000, 0x0000000703e00000| Untracked 
|  26|0x0000000704000000, 0x0000000704200000, 0x0000000704200000|100%| O|  |TAMS 0x0000000704200000, 0x0000000704000000| Untracked 
|  27|0x0000000704200000, 0x0000000704400000, 0x0000000704400000|100%| O|  |TAMS 0x0000000704200000, 0x0000000704200000| Untracked 
|  28|0x0000000704400000, 0x0000000704600000, 0x0000000704600000|100%| O|  |TAMS 0x0000000704600000, 0x0000000704400000| Untracked 
|  29|0x0000000704600000, 0x0000000704800000, 0x0000000704800000|100%| O|  |TAMS 0x0000000704800000, 0x0000000704600000| Untracked 
|  30|0x0000000704800000, 0x0000000704a00000, 0x0000000704a00000|100%| O|  |TAMS 0x0000000704a00000, 0x0000000704800000| Untracked 
|  31|0x0000000704a00000, 0x0000000704c00000, 0x0000000704c00000|100%| O|  |TAMS 0x0000000704a00000, 0x0000000704a00000| Untracked 
|  32|0x0000000704c00000, 0x0000000704e00000, 0x0000000704e00000|100%| O|  |TAMS 0x0000000704c00000, 0x0000000704c00000| Untracked 
|  33|0x0000000704e00000, 0x0000000705000000, 0x0000000705000000|100%| O|  |TAMS 0x0000000705000000, 0x0000000704e00000| Untracked 
|  34|0x0000000705000000, 0x0000000705200000, 0x0000000705200000|100%| O|  |TAMS 0x0000000705080e00, 0x0000000705000000| Untracked 
|  35|0x0000000705200000, 0x0000000705400000, 0x0000000705400000|100%| O|  |TAMS 0x0000000705200000, 0x0000000705200000| Untracked 
|  36|0x0000000705400000, 0x0000000705600000, 0x0000000705600000|100%| O|  |TAMS 0x0000000705400000, 0x0000000705400000| Untracked 
|  37|0x0000000705600000, 0x0000000705800000, 0x0000000705800000|100%| O|  |TAMS 0x0000000705600000, 0x0000000705600000| Untracked 
|  38|0x0000000705800000, 0x0000000705a00000, 0x0000000705a00000|100%| O|  |TAMS 0x0000000705800000, 0x0000000705800000| Untracked 
|  39|0x0000000705a00000, 0x0000000705c00000, 0x0000000705c00000|100%| O|  |TAMS 0x0000000705a00000, 0x0000000705a00000| Untracked 
|  40|0x0000000705c00000, 0x0000000705e00000, 0x0000000705e00000|100%| O|  |TAMS 0x0000000705c00000, 0x0000000705c00000| Untracked 
|  41|0x0000000705e00000, 0x0000000706000000, 0x0000000706000000|100%| O|  |TAMS 0x0000000705e00000, 0x0000000705e00000| Untracked 
|  42|0x0000000706000000, 0x0000000706200000, 0x0000000706200000|100%| O|  |TAMS 0x0000000706000000, 0x0000000706000000| Untracked 
|  43|0x0000000706200000, 0x0000000706400000, 0x0000000706400000|100%| O|  |TAMS 0x0000000706200000, 0x0000000706200000| Untracked 
|  44|0x0000000706400000, 0x0000000706600000, 0x0000000706600000|100%| O|  |TAMS 0x0000000706400000, 0x0000000706400000| Untracked 
|  45|0x0000000706600000, 0x0000000706800000, 0x0000000706800000|100%| O|  |TAMS 0x0000000706600000, 0x0000000706600000| Untracked 
|  46|0x0000000706800000, 0x0000000706a00000, 0x0000000706a00000|100%| O|  |TAMS 0x0000000706800000, 0x0000000706800000| Untracked 
|  47|0x0000000706a00000, 0x0000000706c00000, 0x0000000706c00000|100%| O|  |TAMS 0x0000000706a00000, 0x0000000706a00000| Untracked 
|  48|0x0000000706c00000, 0x0000000706e00000, 0x0000000706e00000|100%| O|  |TAMS 0x0000000706c00000, 0x0000000706c00000| Untracked 
|  49|0x0000000706e00000, 0x0000000707000000, 0x0000000707000000|100%| O|  |TAMS 0x0000000706e00000, 0x0000000706e00000| Untracked 
|  50|0x0000000707000000, 0x0000000707200000, 0x0000000707200000|100%| O|  |TAMS 0x0000000707000000, 0x0000000707000000| Untracked 
|  51|0x0000000707200000, 0x0000000707400000, 0x0000000707400000|100%| O|  |TAMS 0x0000000707200000, 0x0000000707200000| Untracked 
|  52|0x0000000707400000, 0x0000000707600000, 0x0000000707600000|100%| O|  |TAMS 0x0000000707400000, 0x0000000707400000| Untracked 
|  53|0x0000000707600000, 0x0000000707800000, 0x0000000707800000|100%| O|  |TAMS 0x0000000707600000, 0x0000000707600000| Untracked 
|  54|0x0000000707800000, 0x0000000707a00000, 0x0000000707a00000|100%| O|  |TAMS 0x0000000707800000, 0x0000000707800000| Untracked 
|  55|0x0000000707a00000, 0x0000000707c00000, 0x0000000707c00000|100%| O|  |TAMS 0x0000000707a00000, 0x0000000707a00000| Untracked 
|  56|0x0000000707c00000, 0x0000000707e00000, 0x0000000707e00000|100%| O|  |TAMS 0x0000000707c00000, 0x0000000707c00000| Untracked 
|  57|0x0000000707e00000, 0x0000000708000000, 0x0000000708000000|100%| O|  |TAMS 0x0000000707e00000, 0x0000000707e00000| Untracked 
|  58|0x0000000708000000, 0x0000000708200000, 0x0000000708200000|100%| O|  |TAMS 0x0000000708000000, 0x0000000708000000| Untracked 
|  59|0x0000000708200000, 0x0000000708400000, 0x0000000708400000|100%| O|  |TAMS 0x0000000708200000, 0x0000000708200000| Untracked 
|  60|0x0000000708400000, 0x0000000708600000, 0x0000000708600000|100%| O|  |TAMS 0x0000000708400000, 0x0000000708400000| Untracked 
|  61|0x0000000708600000, 0x0000000708800000, 0x0000000708800000|100%| O|  |TAMS 0x0000000708600000, 0x0000000708600000| Untracked 
|  62|0x0000000708800000, 0x0000000708a00000, 0x0000000708a00000|100%| O|  |TAMS 0x0000000708800000, 0x0000000708800000| Untracked 
|  63|0x0000000708a00000, 0x0000000708c00000, 0x0000000708c00000|100%| O|  |TAMS 0x0000000708a00000, 0x0000000708a00000| Untracked 
|  64|0x0000000708c00000, 0x0000000708e00000, 0x0000000708e00000|100%| O|  |TAMS 0x0000000708c00000, 0x0000000708c00000| Untracked 
|  65|0x0000000708e00000, 0x0000000709000000, 0x0000000709000000|100%| O|  |TAMS 0x0000000708e00000, 0x0000000708e00000| Untracked 
|  66|0x0000000709000000, 0x0000000709200000, 0x0000000709200000|100%| O|  |TAMS 0x0000000709000000, 0x0000000709000000| Untracked 
|  67|0x0000000709200000, 0x0000000709400000, 0x0000000709400000|100%| O|  |TAMS 0x0000000709200000, 0x0000000709200000| Untracked 
|  68|0x0000000709400000, 0x0000000709600000, 0x0000000709600000|100%| O|  |TAMS 0x0000000709400000, 0x0000000709400000| Untracked 
|  69|0x0000000709600000, 0x0000000709800000, 0x0000000709800000|100%| O|  |TAMS 0x0000000709600000, 0x0000000709600000| Untracked 
|  70|0x0000000709800000, 0x0000000709a00000, 0x0000000709a00000|100%| O|  |TAMS 0x0000000709800000, 0x0000000709800000| Untracked 
|  71|0x0000000709a00000, 0x0000000709c00000, 0x0000000709c00000|100%| O|  |TAMS 0x0000000709a00000, 0x0000000709a00000| Untracked 
|  72|0x0000000709c00000, 0x0000000709e00000, 0x0000000709e00000|100%| O|  |TAMS 0x0000000709c00000, 0x0000000709c00000| Untracked 
|  73|0x0000000709e00000, 0x000000070a000000, 0x000000070a000000|100%| O|  |TAMS 0x0000000709e00000, 0x0000000709e00000| Untracked 
|  74|0x000000070a000000, 0x000000070a200000, 0x000000070a200000|100%| O|  |TAMS 0x000000070a000000, 0x000000070a000000| Untracked 
|  75|0x000000070a200000, 0x000000070a400000, 0x000000070a400000|100%| O|  |TAMS 0x000000070a200000, 0x000000070a200000| Untracked 
|  76|0x000000070a400000, 0x000000070a600000, 0x000000070a600000|100%| O|  |TAMS 0x000000070a400000, 0x000000070a400000| Untracked 
|  77|0x000000070a600000, 0x000000070a800000, 0x000000070a800000|100%| O|  |TAMS 0x000000070a600000, 0x000000070a600000| Untracked 
|  78|0x000000070a800000, 0x000000070aa00000, 0x000000070aa00000|100%| O|  |TAMS 0x000000070a800000, 0x000000070a800000| Untracked 
|  79|0x000000070aa00000, 0x000000070ac00000, 0x000000070ac00000|100%| O|  |TAMS 0x000000070aa00000, 0x000000070aa00000| Untracked 
|  80|0x000000070ac00000, 0x000000070ae00000, 0x000000070ae00000|100%| O|  |TAMS 0x000000070ac00000, 0x000000070ac00000| Untracked 
|  81|0x000000070ae00000, 0x000000070b000000, 0x000000070b000000|100%| O|  |TAMS 0x000000070ae00000, 0x000000070ae00000| Untracked 
|  82|0x000000070b000000, 0x000000070b200000, 0x000000070b200000|100%|HS|  |TAMS 0x000000070b000000, 0x000000070b000000| Complete 
|  83|0x000000070b200000, 0x000000070b400000, 0x000000070b400000|100%|HS|  |TAMS 0x000000070b200000, 0x000000070b200000| Complete 
|  84|0x000000070b400000, 0x000000070b600000, 0x000000070b600000|100%|HC|  |TAMS 0x000000070b400000, 0x000000070b400000| Complete 
|  85|0x000000070b600000, 0x000000070b800000, 0x000000070b800000|100%| O|  |TAMS 0x000000070b600000, 0x000000070b600000| Untracked 
|  86|0x000000070b800000, 0x000000070ba00000, 0x000000070ba00000|100%| O|  |TAMS 0x000000070b800000, 0x000000070b800000| Untracked 
|  87|0x000000070ba00000, 0x000000070bc00000, 0x000000070bc00000|100%| O|  |TAMS 0x000000070ba00000, 0x000000070ba00000| Untracked 
|  88|0x000000070bc00000, 0x000000070be00000, 0x000000070be00000|100%| O|  |TAMS 0x000000070bc00000, 0x000000070bc00000| Untracked 
|  89|0x000000070be00000, 0x000000070c000000, 0x000000070c000000|100%| O|  |TAMS 0x000000070be00000, 0x000000070be00000| Untracked 
|  90|0x000000070c000000, 0x000000070c200000, 0x000000070c200000|100%| O|  |TAMS 0x000000070c000000, 0x000000070c000000| Untracked 
|  91|0x000000070c200000, 0x000000070c400000, 0x000000070c400000|100%| O|  |TAMS 0x000000070c200000, 0x000000070c200000| Untracked 
|  92|0x000000070c400000, 0x000000070c600000, 0x000000070c600000|100%| O|  |TAMS 0x000000070c400000, 0x000000070c400000| Untracked 
|  93|0x000000070c600000, 0x000000070c800000, 0x000000070c800000|100%| O|  |TAMS 0x000000070c600000, 0x000000070c600000| Untracked 
|  94|0x000000070c800000, 0x000000070ca00000, 0x000000070ca00000|100%| O|  |TAMS 0x000000070c800000, 0x000000070c800000| Untracked 
|  95|0x000000070ca00000, 0x000000070cc00000, 0x000000070cc00000|100%| O|  |TAMS 0x000000070ca00000, 0x000000070ca00000| Untracked 
|  96|0x000000070cc00000, 0x000000070ce00000, 0x000000070ce00000|100%| O|  |TAMS 0x000000070cc00000, 0x000000070cc00000| Untracked 
|  97|0x000000070ce00000, 0x000000070d000000, 0x000000070d000000|100%| O|  |TAMS 0x000000070ce00000, 0x000000070ce00000| Untracked 
|  98|0x000000070d000000, 0x000000070d200000, 0x000000070d200000|100%| O|  |TAMS 0x000000070d000000, 0x000000070d000000| Untracked 
|  99|0x000000070d200000, 0x000000070d400000, 0x000000070d400000|100%| O|  |TAMS 0x000000070d200000, 0x000000070d200000| Untracked 
| 100|0x000000070d400000, 0x000000070d600000, 0x000000070d600000|100%| O|  |TAMS 0x000000070d400000, 0x000000070d400000| Untracked 
| 101|0x000000070d600000, 0x000000070d800000, 0x000000070d800000|100%| O|  |TAMS 0x000000070d600000, 0x000000070d600000| Untracked 
| 102|0x000000070d800000, 0x000000070da00000, 0x000000070da00000|100%| O|  |TAMS 0x000000070d800000, 0x000000070d800000| Untracked 
| 103|0x000000070da00000, 0x000000070dc00000, 0x000000070dc00000|100%| O|  |TAMS 0x000000070da00000, 0x000000070da00000| Untracked 
| 104|0x000000070dc00000, 0x000000070de00000, 0x000000070de00000|100%| O|  |TAMS 0x000000070dc00000, 0x000000070dc00000| Untracked 
| 105|0x000000070de00000, 0x000000070e000000, 0x000000070e000000|100%| O|  |TAMS 0x000000070de00000, 0x000000070de00000| Untracked 
| 106|0x000000070e000000, 0x000000070e200000, 0x000000070e200000|100%| O|  |TAMS 0x000000070e000000, 0x000000070e000000| Untracked 
| 107|0x000000070e200000, 0x000000070e200000, 0x000000070e400000|  0%| F|  |TAMS 0x000000070e200000, 0x000000070e200000| Untracked 
| 108|0x000000070e400000, 0x000000070e600000, 0x000000070e600000|100%|HS|  |TAMS 0x000000070e400000, 0x000000070e400000| Complete 
| 109|0x000000070e600000, 0x000000070e600000, 0x000000070e800000|  0%| F|  |TAMS 0x000000070e600000, 0x000000070e600000| Untracked 
| 110|0x000000070e800000, 0x000000070e800000, 0x000000070ea00000|  0%| F|  |TAMS 0x000000070e800000, 0x000000070e800000| Untracked 
| 111|0x000000070ea00000, 0x000000070ea00000, 0x000000070ec00000|  0%| F|  |TAMS 0x000000070ea00000, 0x000000070ea00000| Untracked 
| 112|0x000000070ec00000, 0x000000070ee00000, 0x000000070ee00000|100%| O|  |TAMS 0x000000070ec00000, 0x000000070ec00000| Untracked 
| 113|0x000000070ee00000, 0x000000070f000000, 0x000000070f000000|100%| O|  |TAMS 0x000000070ee00000, 0x000000070ee00000| Untracked 
| 114|0x000000070f000000, 0x000000070f200000, 0x000000070f200000|100%| O|  |TAMS 0x000000070f000000, 0x000000070f000000| Untracked 
| 115|0x000000070f200000, 0x000000070f400000, 0x000000070f400000|100%| O|  |TAMS 0x000000070f200000, 0x000000070f200000| Untracked 
| 116|0x000000070f400000, 0x000000070f400000, 0x000000070f600000|  0%| F|  |TAMS 0x000000070f400000, 0x000000070f400000| Untracked 
| 117|0x000000070f600000, 0x000000070f600000, 0x000000070f800000|  0%| F|  |TAMS 0x000000070f600000, 0x000000070f600000| Untracked 
| 118|0x000000070f800000, 0x000000070f800000, 0x000000070fa00000|  0%| F|  |TAMS 0x000000070f800000, 0x000000070f800000| Untracked 
| 119|0x000000070fa00000, 0x000000070fa00000, 0x000000070fc00000|  0%| F|  |TAMS 0x000000070fa00000, 0x000000070fa00000| Untracked 
| 120|0x000000070fc00000, 0x000000070fc00000, 0x000000070fe00000|  0%| F|  |TAMS 0x000000070fc00000, 0x000000070fc00000| Untracked 
| 121|0x000000070fe00000, 0x000000070fe00000, 0x0000000710000000|  0%| F|  |TAMS 0x000000070fe00000, 0x000000070fe00000| Untracked 
| 122|0x0000000710000000, 0x0000000710000000, 0x0000000710200000|  0%| F|  |TAMS 0x0000000710000000, 0x0000000710000000| Untracked 
| 123|0x0000000710200000, 0x0000000710200000, 0x0000000710400000|  0%| F|  |TAMS 0x0000000710200000, 0x0000000710200000| Untracked 
| 124|0x0000000710400000, 0x0000000710400000, 0x0000000710600000|  0%| F|  |TAMS 0x0000000710400000, 0x0000000710400000| Untracked 
| 125|0x0000000710600000, 0x0000000710600000, 0x0000000710800000|  0%| F|  |TAMS 0x0000000710600000, 0x0000000710600000| Untracked 
| 126|0x0000000710800000, 0x0000000710800000, 0x0000000710a00000|  0%| F|  |TAMS 0x0000000710800000, 0x0000000710800000| Untracked 
| 127|0x0000000710a00000, 0x0000000710a00000, 0x0000000710c00000|  0%| F|  |TAMS 0x0000000710a00000, 0x0000000710a00000| Untracked 
| 128|0x0000000710c00000, 0x0000000710c00000, 0x0000000710e00000|  0%| F|  |TAMS 0x0000000710c00000, 0x0000000710c00000| Untracked 
| 129|0x0000000710e00000, 0x0000000710e00000, 0x0000000711000000|  0%| F|  |TAMS 0x0000000710e00000, 0x0000000710e00000| Untracked 
| 130|0x0000000711000000, 0x0000000711000000, 0x0000000711200000|  0%| F|  |TAMS 0x0000000711000000, 0x0000000711000000| Untracked 
| 131|0x0000000711200000, 0x0000000711200000, 0x0000000711400000|  0%| F|  |TAMS 0x0000000711200000, 0x0000000711200000| Untracked 
| 132|0x0000000711400000, 0x0000000711400000, 0x0000000711600000|  0%| F|  |TAMS 0x0000000711400000, 0x0000000711400000| Untracked 
| 133|0x0000000711600000, 0x0000000711600000, 0x0000000711800000|  0%| F|  |TAMS 0x0000000711600000, 0x0000000711600000| Untracked 
| 134|0x0000000711800000, 0x0000000711800000, 0x0000000711a00000|  0%| F|  |TAMS 0x0000000711800000, 0x0000000711800000| Untracked 
| 135|0x0000000711a00000, 0x0000000711a00000, 0x0000000711c00000|  0%| F|  |TAMS 0x0000000711a00000, 0x0000000711a00000| Untracked 
| 136|0x0000000711c00000, 0x0000000711c00000, 0x0000000711e00000|  0%| F|  |TAMS 0x0000000711c00000, 0x0000000711c00000| Untracked 
| 137|0x0000000711e00000, 0x0000000711e00000, 0x0000000712000000|  0%| F|  |TAMS 0x0000000711e00000, 0x0000000711e00000| Untracked 
| 138|0x0000000712000000, 0x0000000712000000, 0x0000000712200000|  0%| F|  |TAMS 0x0000000712000000, 0x0000000712000000| Untracked 
| 139|0x0000000712200000, 0x0000000712200000, 0x0000000712400000|  0%| F|  |TAMS 0x0000000712200000, 0x0000000712200000| Untracked 
| 140|0x0000000712400000, 0x0000000712400000, 0x0000000712600000|  0%| F|  |TAMS 0x0000000712400000, 0x0000000712400000| Untracked 
| 141|0x0000000712600000, 0x0000000712600000, 0x0000000712800000|  0%| F|  |TAMS 0x0000000712600000, 0x0000000712600000| Untracked 
| 142|0x0000000712800000, 0x0000000712800000, 0x0000000712a00000|  0%| F|  |TAMS 0x0000000712800000, 0x0000000712800000| Untracked 
| 143|0x0000000712a00000, 0x0000000712a00000, 0x0000000712c00000|  0%| F|  |TAMS 0x0000000712a00000, 0x0000000712a00000| Untracked 
| 144|0x0000000712c00000, 0x0000000712c00000, 0x0000000712e00000|  0%| F|  |TAMS 0x0000000712c00000, 0x0000000712c00000| Untracked 
| 145|0x0000000712e00000, 0x0000000712e00000, 0x0000000713000000|  0%| F|  |TAMS 0x0000000712e00000, 0x0000000712e00000| Untracked 
| 146|0x0000000713000000, 0x0000000713000000, 0x0000000713200000|  0%| F|  |TAMS 0x0000000713000000, 0x0000000713000000| Untracked 
| 147|0x0000000713200000, 0x0000000713200000, 0x0000000713400000|  0%| F|  |TAMS 0x0000000713200000, 0x0000000713200000| Untracked 
| 148|0x0000000713400000, 0x0000000713400000, 0x0000000713600000|  0%| F|  |TAMS 0x0000000713400000, 0x0000000713400000| Untracked 
| 149|0x0000000713600000, 0x0000000713600000, 0x0000000713800000|  0%| F|  |TAMS 0x0000000713600000, 0x0000000713600000| Untracked 
| 150|0x0000000713800000, 0x0000000713800000, 0x0000000713a00000|  0%| F|  |TAMS 0x0000000713800000, 0x0000000713800000| Untracked 
| 151|0x0000000713a00000, 0x0000000713a00000, 0x0000000713c00000|  0%| F|  |TAMS 0x0000000713a00000, 0x0000000713a00000| Untracked 
| 152|0x0000000713c00000, 0x0000000713c00000, 0x0000000713e00000|  0%| F|  |TAMS 0x0000000713c00000, 0x0000000713c00000| Untracked 
| 153|0x0000000713e00000, 0x0000000713e00000, 0x0000000714000000|  0%| F|  |TAMS 0x0000000713e00000, 0x0000000713e00000| Untracked 
| 154|0x0000000714000000, 0x0000000714000000, 0x0000000714200000|  0%| F|  |TAMS 0x0000000714000000, 0x0000000714000000| Untracked 
| 155|0x0000000714200000, 0x0000000714200000, 0x0000000714400000|  0%| F|  |TAMS 0x0000000714200000, 0x0000000714200000| Untracked 
| 156|0x0000000714400000, 0x0000000714400000, 0x0000000714600000|  0%| F|  |TAMS 0x0000000714400000, 0x0000000714400000| Untracked 
| 157|0x0000000714600000, 0x0000000714600000, 0x0000000714800000|  0%| F|  |TAMS 0x0000000714600000, 0x0000000714600000| Untracked 
| 158|0x0000000714800000, 0x0000000714800000, 0x0000000714a00000|  0%| F|  |TAMS 0x0000000714800000, 0x0000000714800000| Untracked 
| 159|0x0000000714a00000, 0x0000000714a00000, 0x0000000714c00000|  0%| F|  |TAMS 0x0000000714a00000, 0x0000000714a00000| Untracked 
| 160|0x0000000714c00000, 0x0000000714c00000, 0x0000000714e00000|  0%| F|  |TAMS 0x0000000714c00000, 0x0000000714c00000| Untracked 
| 161|0x0000000714e00000, 0x0000000714e00000, 0x0000000715000000|  0%| F|  |TAMS 0x0000000714e00000, 0x0000000714e00000| Untracked 
| 162|0x0000000715000000, 0x0000000715000000, 0x0000000715200000|  0%| F|  |TAMS 0x0000000715000000, 0x0000000715000000| Untracked 
| 163|0x0000000715200000, 0x0000000715200000, 0x0000000715400000|  0%| F|  |TAMS 0x0000000715200000, 0x0000000715200000| Untracked 
| 164|0x0000000715400000, 0x0000000715600000, 0x0000000715600000|100%| S|CS|TAMS 0x0000000715400000, 0x0000000715400000| Complete 
| 165|0x0000000715600000, 0x0000000715800000, 0x0000000715800000|100%| S|CS|TAMS 0x0000000715600000, 0x0000000715600000| Complete 
| 166|0x0000000715800000, 0x0000000715a00000, 0x0000000715a00000|100%| S|CS|TAMS 0x0000000715800000, 0x0000000715800000| Complete 
| 167|0x0000000715a00000, 0x0000000715c00000, 0x0000000715c00000|100%| S|CS|TAMS 0x0000000715a00000, 0x0000000715a00000| Complete 
| 168|0x0000000715c00000, 0x0000000715e00000, 0x0000000715e00000|100%| S|CS|TAMS 0x0000000715c00000, 0x0000000715c00000| Complete 
| 169|0x0000000715e00000, 0x0000000716000000, 0x0000000716000000|100%| S|CS|TAMS 0x0000000715e00000, 0x0000000715e00000| Complete 
| 170|0x0000000716000000, 0x0000000716200000, 0x0000000716200000|100%| S|CS|TAMS 0x0000000716000000, 0x0000000716000000| Complete 
| 171|0x0000000716200000, 0x0000000716400000, 0x0000000716400000|100%| S|CS|TAMS 0x0000000716200000, 0x0000000716200000| Complete 
| 172|0x0000000716400000, 0x0000000716400000, 0x0000000716600000|  0%| F|  |TAMS 0x0000000716400000, 0x0000000716400000| Untracked 
| 173|0x0000000716600000, 0x0000000716600000, 0x0000000716800000|  0%| F|  |TAMS 0x0000000716600000, 0x0000000716600000| Untracked 
| 174|0x0000000716800000, 0x0000000716800000, 0x0000000716a00000|  0%| F|  |TAMS 0x0000000716800000, 0x0000000716800000| Untracked 
| 175|0x0000000716a00000, 0x0000000716a00000, 0x0000000716c00000|  0%| F|  |TAMS 0x0000000716a00000, 0x0000000716a00000| Untracked 
| 176|0x0000000716c00000, 0x0000000716c00000, 0x0000000716e00000|  0%| F|  |TAMS 0x0000000716c00000, 0x0000000716c00000| Untracked 
| 177|0x0000000716e00000, 0x0000000716e00000, 0x0000000717000000|  0%| F|  |TAMS 0x0000000716e00000, 0x0000000716e00000| Untracked 
| 178|0x0000000717000000, 0x0000000717200000, 0x0000000717200000|100%| S|CS|TAMS 0x0000000717000000, 0x0000000717000000| Complete 
| 179|0x0000000717200000, 0x0000000717400000, 0x0000000717400000|100%| S|CS|TAMS 0x0000000717200000, 0x0000000717200000| Complete 
| 180|0x0000000717400000, 0x0000000717400000, 0x0000000717600000|  0%| F|  |TAMS 0x0000000717400000, 0x0000000717400000| Untracked 
| 181|0x0000000717600000, 0x0000000717600000, 0x0000000717800000|  0%| F|  |TAMS 0x0000000717600000, 0x0000000717600000| Untracked 
| 182|0x0000000717800000, 0x0000000717800000, 0x0000000717a00000|  0%| F|  |TAMS 0x0000000717800000, 0x0000000717800000| Untracked 
| 183|0x0000000717a00000, 0x0000000717a00000, 0x0000000717c00000|  0%| F|  |TAMS 0x0000000717a00000, 0x0000000717a00000| Untracked 
| 184|0x0000000717c00000, 0x0000000717c00000, 0x0000000717e00000|  0%| F|  |TAMS 0x0000000717c00000, 0x0000000717c00000| Untracked 
| 185|0x0000000717e00000, 0x0000000717e00000, 0x0000000718000000|  0%| F|  |TAMS 0x0000000717e00000, 0x0000000717e00000| Untracked 
| 186|0x0000000718000000, 0x0000000718000000, 0x0000000718200000|  0%| F|  |TAMS 0x0000000718000000, 0x0000000718000000| Untracked 
| 187|0x0000000718200000, 0x0000000718200000, 0x0000000718400000|  0%| F|  |TAMS 0x0000000718200000, 0x0000000718200000| Untracked 
| 188|0x0000000718400000, 0x0000000718400000, 0x0000000718600000|  0%| F|  |TAMS 0x0000000718400000, 0x0000000718400000| Untracked 
| 189|0x0000000718600000, 0x0000000718600000, 0x0000000718800000|  0%| F|  |TAMS 0x0000000718600000, 0x0000000718600000| Untracked 
| 190|0x0000000718800000, 0x0000000718800000, 0x0000000718a00000|  0%| F|  |TAMS 0x0000000718800000, 0x0000000718800000| Untracked 
| 191|0x0000000718a00000, 0x0000000718a00000, 0x0000000718c00000|  0%| F|  |TAMS 0x0000000718a00000, 0x0000000718a00000| Untracked 
| 192|0x0000000718c00000, 0x0000000718c00000, 0x0000000718e00000|  0%| F|  |TAMS 0x0000000718c00000, 0x0000000718c00000| Untracked 
| 193|0x0000000718e00000, 0x0000000718e00000, 0x0000000719000000|  0%| F|  |TAMS 0x0000000718e00000, 0x0000000718e00000| Untracked 
| 194|0x0000000719000000, 0x0000000719000000, 0x0000000719200000|  0%| F|  |TAMS 0x0000000719000000, 0x0000000719000000| Untracked 
| 195|0x0000000719200000, 0x0000000719200000, 0x0000000719400000|  0%| F|  |TAMS 0x0000000719200000, 0x0000000719200000| Untracked 
| 196|0x0000000719400000, 0x0000000719400000, 0x0000000719600000|  0%| F|  |TAMS 0x0000000719400000, 0x0000000719400000| Untracked 
| 197|0x0000000719600000, 0x0000000719600000, 0x0000000719800000|  0%| F|  |TAMS 0x0000000719600000, 0x0000000719600000| Untracked 
| 198|0x0000000719800000, 0x0000000719800000, 0x0000000719a00000|  0%| F|  |TAMS 0x0000000719800000, 0x0000000719800000| Untracked 
| 199|0x0000000719a00000, 0x0000000719a00000, 0x0000000719c00000|  0%| F|  |TAMS 0x0000000719a00000, 0x0000000719a00000| Untracked 
| 200|0x0000000719c00000, 0x0000000719c00000, 0x0000000719e00000|  0%| F|  |TAMS 0x0000000719c00000, 0x0000000719c00000| Untracked 
| 201|0x0000000719e00000, 0x0000000719e00000, 0x000000071a000000|  0%| F|  |TAMS 0x0000000719e00000, 0x0000000719e00000| Untracked 
| 202|0x000000071a000000, 0x000000071a000000, 0x000000071a200000|  0%| F|  |TAMS 0x000000071a000000, 0x000000071a000000| Untracked 
| 203|0x000000071a200000, 0x000000071a200000, 0x000000071a400000|  0%| F|  |TAMS 0x000000071a200000, 0x000000071a200000| Untracked 
| 204|0x000000071a400000, 0x000000071a400000, 0x000000071a600000|  0%| F|  |TAMS 0x000000071a400000, 0x000000071a400000| Untracked 
| 205|0x000000071a600000, 0x000000071a600000, 0x000000071a800000|  0%| F|  |TAMS 0x000000071a600000, 0x000000071a600000| Untracked 
| 206|0x000000071a800000, 0x000000071a800000, 0x000000071aa00000|  0%| F|  |TAMS 0x000000071a800000, 0x000000071a800000| Untracked 
| 207|0x000000071aa00000, 0x000000071aa00000, 0x000000071ac00000|  0%| F|  |TAMS 0x000000071aa00000, 0x000000071aa00000| Untracked 
| 208|0x000000071ac00000, 0x000000071ac00000, 0x000000071ae00000|  0%| F|  |TAMS 0x000000071ac00000, 0x000000071ac00000| Untracked 
| 209|0x000000071ae00000, 0x000000071ae00000, 0x000000071b000000|  0%| F|  |TAMS 0x000000071ae00000, 0x000000071ae00000| Untracked 
| 210|0x000000071b000000, 0x000000071b000000, 0x000000071b200000|  0%| F|  |TAMS 0x000000071b000000, 0x000000071b000000| Untracked 
| 211|0x000000071b200000, 0x000000071b200000, 0x000000071b400000|  0%| F|  |TAMS 0x000000071b200000, 0x000000071b200000| Untracked 
| 212|0x000000071b400000, 0x000000071b400000, 0x000000071b600000|  0%| F|  |TAMS 0x000000071b400000, 0x000000071b400000| Untracked 
| 213|0x000000071b600000, 0x000000071b600000, 0x000000071b800000|  0%| F|  |TAMS 0x000000071b600000, 0x000000071b600000| Untracked 
| 214|0x000000071b800000, 0x000000071b800000, 0x000000071ba00000|  0%| F|  |TAMS 0x000000071b800000, 0x000000071b800000| Untracked 
| 215|0x000000071ba00000, 0x000000071ba00000, 0x000000071bc00000|  0%| F|  |TAMS 0x000000071ba00000, 0x000000071ba00000| Untracked 
| 216|0x000000071bc00000, 0x000000071bc00000, 0x000000071be00000|  0%| F|  |TAMS 0x000000071bc00000, 0x000000071bc00000| Untracked 
| 217|0x000000071be00000, 0x000000071be00000, 0x000000071c000000|  0%| F|  |TAMS 0x000000071be00000, 0x000000071be00000| Untracked 
| 218|0x000000071c000000, 0x000000071c000000, 0x000000071c200000|  0%| F|  |TAMS 0x000000071c000000, 0x000000071c000000| Untracked 
| 219|0x000000071c200000, 0x000000071c200000, 0x000000071c400000|  0%| F|  |TAMS 0x000000071c200000, 0x000000071c200000| Untracked 
| 220|0x000000071c400000, 0x000000071c400000, 0x000000071c600000|  0%| F|  |TAMS 0x000000071c400000, 0x000000071c400000| Untracked 
| 221|0x000000071c600000, 0x000000071c600000, 0x000000071c800000|  0%| F|  |TAMS 0x000000071c600000, 0x000000071c600000| Untracked 
| 222|0x000000071c800000, 0x000000071c800000, 0x000000071ca00000|  0%| F|  |TAMS 0x000000071c800000, 0x000000071c800000| Untracked 
| 223|0x000000071ca00000, 0x000000071ca00000, 0x000000071cc00000|  0%| F|  |TAMS 0x000000071ca00000, 0x000000071ca00000| Untracked 
| 224|0x000000071cc00000, 0x000000071cc00000, 0x000000071ce00000|  0%| F|  |TAMS 0x000000071cc00000, 0x000000071cc00000| Untracked 
| 225|0x000000071ce00000, 0x000000071ce00000, 0x000000071d000000|  0%| F|  |TAMS 0x000000071ce00000, 0x000000071ce00000| Untracked 
| 226|0x000000071d000000, 0x000000071d000000, 0x000000071d200000|  0%| F|  |TAMS 0x000000071d000000, 0x000000071d000000| Untracked 
| 227|0x000000071d200000, 0x000000071d200000, 0x000000071d400000|  0%| F|  |TAMS 0x000000071d200000, 0x000000071d200000| Untracked 
| 228|0x000000071d400000, 0x000000071d400000, 0x000000071d600000|  0%| F|  |TAMS 0x000000071d400000, 0x000000071d400000| Untracked 
| 229|0x000000071d600000, 0x000000071d600000, 0x000000071d800000|  0%| F|  |TAMS 0x000000071d600000, 0x000000071d600000| Untracked 
| 230|0x000000071d800000, 0x000000071d800000, 0x000000071da00000|  0%| F|  |TAMS 0x000000071d800000, 0x000000071d800000| Untracked 
| 231|0x000000071da00000, 0x000000071da00000, 0x000000071dc00000|  0%| F|  |TAMS 0x000000071da00000, 0x000000071da00000| Untracked 
| 232|0x000000071dc00000, 0x000000071dc00000, 0x000000071de00000|  0%| F|  |TAMS 0x000000071dc00000, 0x000000071dc00000| Untracked 
| 233|0x000000071de00000, 0x000000071de00000, 0x000000071e000000|  0%| F|  |TAMS 0x000000071de00000, 0x000000071de00000| Untracked 
| 234|0x000000071e000000, 0x000000071e000000, 0x000000071e200000|  0%| F|  |TAMS 0x000000071e000000, 0x000000071e000000| Untracked 
| 235|0x000000071e200000, 0x000000071e200000, 0x000000071e400000|  0%| F|  |TAMS 0x000000071e200000, 0x000000071e200000| Untracked 
| 236|0x000000071e400000, 0x000000071e400000, 0x000000071e600000|  0%| F|  |TAMS 0x000000071e400000, 0x000000071e400000| Untracked 
| 237|0x000000071e600000, 0x000000071e600000, 0x000000071e800000|  0%| F|  |TAMS 0x000000071e600000, 0x000000071e600000| Untracked 
| 238|0x000000071e800000, 0x000000071e800000, 0x000000071ea00000|  0%| F|  |TAMS 0x000000071e800000, 0x000000071e800000| Untracked 
| 239|0x000000071ea00000, 0x000000071ea00000, 0x000000071ec00000|  0%| F|  |TAMS 0x000000071ea00000, 0x000000071ea00000| Untracked 
| 240|0x000000071ec00000, 0x000000071ec00000, 0x000000071ee00000|  0%| F|  |TAMS 0x000000071ec00000, 0x000000071ec00000| Untracked 
| 241|0x000000071ee00000, 0x000000071ee00000, 0x000000071f000000|  0%| F|  |TAMS 0x000000071ee00000, 0x000000071ee00000| Untracked 
| 242|0x000000071f000000, 0x000000071f000000, 0x000000071f200000|  0%| F|  |TAMS 0x000000071f000000, 0x000000071f000000| Untracked 
| 243|0x000000071f200000, 0x000000071f200000, 0x000000071f400000|  0%| F|  |TAMS 0x000000071f200000, 0x000000071f200000| Untracked 
| 244|0x000000071f400000, 0x000000071f400000, 0x000000071f600000|  0%| F|  |TAMS 0x000000071f400000, 0x000000071f400000| Untracked 
| 245|0x000000071f600000, 0x000000071f600000, 0x000000071f800000|  0%| F|  |TAMS 0x000000071f600000, 0x000000071f600000| Untracked 
| 246|0x000000071f800000, 0x000000071f800000, 0x000000071fa00000|  0%| F|  |TAMS 0x000000071f800000, 0x000000071f800000| Untracked 
| 247|0x000000071fa00000, 0x000000071fa00000, 0x000000071fc00000|  0%| F|  |TAMS 0x000000071fa00000, 0x000000071fa00000| Untracked 
| 248|0x000000071fc00000, 0x000000071fc00000, 0x000000071fe00000|  0%| F|  |TAMS 0x000000071fc00000, 0x000000071fc00000| Untracked 
| 249|0x000000071fe00000, 0x000000071fe00000, 0x0000000720000000|  0%| F|  |TAMS 0x000000071fe00000, 0x000000071fe00000| Untracked 
| 250|0x0000000720000000, 0x0000000720000000, 0x0000000720200000|  0%| F|  |TAMS 0x0000000720000000, 0x0000000720000000| Untracked 
| 251|0x0000000720200000, 0x0000000720200000, 0x0000000720400000|  0%| F|  |TAMS 0x0000000720200000, 0x0000000720200000| Untracked 
| 252|0x0000000720400000, 0x0000000720400000, 0x0000000720600000|  0%| F|  |TAMS 0x0000000720400000, 0x0000000720400000| Untracked 
| 253|0x0000000720600000, 0x0000000720600000, 0x0000000720800000|  0%| F|  |TAMS 0x0000000720600000, 0x0000000720600000| Untracked 
| 254|0x0000000720800000, 0x0000000720800000, 0x0000000720a00000|  0%| F|  |TAMS 0x0000000720800000, 0x0000000720800000| Untracked 
| 255|0x0000000720a00000, 0x0000000720a00000, 0x0000000720c00000|  0%| F|  |TAMS 0x0000000720a00000, 0x0000000720a00000| Untracked 
| 256|0x0000000720c00000, 0x0000000720c00000, 0x0000000720e00000|  0%| F|  |TAMS 0x0000000720c00000, 0x0000000720c00000| Untracked 
| 257|0x0000000720e00000, 0x0000000720e00000, 0x0000000721000000|  0%| F|  |TAMS 0x0000000720e00000, 0x0000000720e00000| Untracked 
| 258|0x0000000721000000, 0x0000000721000000, 0x0000000721200000|  0%| F|  |TAMS 0x0000000721000000, 0x0000000721000000| Untracked 
| 259|0x0000000721200000, 0x0000000721200000, 0x0000000721400000|  0%| F|  |TAMS 0x0000000721200000, 0x0000000721200000| Untracked 
| 260|0x0000000721400000, 0x0000000721400000, 0x0000000721600000|  0%| F|  |TAMS 0x0000000721400000, 0x0000000721400000| Untracked 
| 261|0x0000000721600000, 0x0000000721600000, 0x0000000721800000|  0%| F|  |TAMS 0x0000000721600000, 0x0000000721600000| Untracked 
| 262|0x0000000721800000, 0x0000000721800000, 0x0000000721a00000|  0%| F|  |TAMS 0x0000000721800000, 0x0000000721800000| Untracked 
| 263|0x0000000721a00000, 0x0000000721a00000, 0x0000000721c00000|  0%| F|  |TAMS 0x0000000721a00000, 0x0000000721a00000| Untracked 
| 264|0x0000000721c00000, 0x0000000721c00000, 0x0000000721e00000|  0%| F|  |TAMS 0x0000000721c00000, 0x0000000721c00000| Untracked 
| 265|0x0000000721e00000, 0x0000000721e00000, 0x0000000722000000|  0%| F|  |TAMS 0x0000000721e00000, 0x0000000721e00000| Untracked 
| 266|0x0000000722000000, 0x0000000722000000, 0x0000000722200000|  0%| F|  |TAMS 0x0000000722000000, 0x0000000722000000| Untracked 
| 267|0x0000000722200000, 0x0000000722200000, 0x0000000722400000|  0%| F|  |TAMS 0x0000000722200000, 0x0000000722200000| Untracked 
| 268|0x0000000722400000, 0x0000000722400000, 0x0000000722600000|  0%| F|  |TAMS 0x0000000722400000, 0x0000000722400000| Untracked 
| 269|0x0000000722600000, 0x0000000722600000, 0x0000000722800000|  0%| F|  |TAMS 0x0000000722600000, 0x0000000722600000| Untracked 
| 270|0x0000000722800000, 0x0000000722800000, 0x0000000722a00000|  0%| F|  |TAMS 0x0000000722800000, 0x0000000722800000| Untracked 
| 271|0x0000000722a00000, 0x0000000722a00000, 0x0000000722c00000|  0%| F|  |TAMS 0x0000000722a00000, 0x0000000722a00000| Untracked 
| 272|0x0000000722c00000, 0x0000000722c00000, 0x0000000722e00000|  0%| F|  |TAMS 0x0000000722c00000, 0x0000000722c00000| Untracked 
| 273|0x0000000722e00000, 0x0000000722e00000, 0x0000000723000000|  0%| F|  |TAMS 0x0000000722e00000, 0x0000000722e00000| Untracked 
| 274|0x0000000723000000, 0x0000000723000000, 0x0000000723200000|  0%| F|  |TAMS 0x0000000723000000, 0x0000000723000000| Untracked 
| 275|0x0000000723200000, 0x0000000723200000, 0x0000000723400000|  0%| F|  |TAMS 0x0000000723200000, 0x0000000723200000| Untracked 
| 276|0x0000000723400000, 0x0000000723400000, 0x0000000723600000|  0%| F|  |TAMS 0x0000000723400000, 0x0000000723400000| Untracked 
| 277|0x0000000723600000, 0x0000000723600000, 0x0000000723800000|  0%| F|  |TAMS 0x0000000723600000, 0x0000000723600000| Untracked 
| 278|0x0000000723800000, 0x0000000723800000, 0x0000000723a00000|  0%| F|  |TAMS 0x0000000723800000, 0x0000000723800000| Untracked 
| 279|0x0000000723a00000, 0x0000000723a00000, 0x0000000723c00000|  0%| F|  |TAMS 0x0000000723a00000, 0x0000000723a00000| Untracked 
| 280|0x0000000723c00000, 0x0000000723c00000, 0x0000000723e00000|  0%| F|  |TAMS 0x0000000723c00000, 0x0000000723c00000| Untracked 
| 281|0x0000000723e00000, 0x0000000723e00000, 0x0000000724000000|  0%| F|  |TAMS 0x0000000723e00000, 0x0000000723e00000| Untracked 
| 282|0x0000000724000000, 0x0000000724000000, 0x0000000724200000|  0%| F|  |TAMS 0x0000000724000000, 0x0000000724000000| Untracked 
| 283|0x0000000724200000, 0x0000000724200000, 0x0000000724400000|  0%| F|  |TAMS 0x0000000724200000, 0x0000000724200000| Untracked 
| 284|0x0000000724400000, 0x0000000724400000, 0x0000000724600000|  0%| F|  |TAMS 0x0000000724400000, 0x0000000724400000| Untracked 
| 285|0x0000000724600000, 0x0000000724600000, 0x0000000724800000|  0%| F|  |TAMS 0x0000000724600000, 0x0000000724600000| Untracked 
| 286|0x0000000724800000, 0x0000000724800000, 0x0000000724a00000|  0%| F|  |TAMS 0x0000000724800000, 0x0000000724800000| Untracked 
| 287|0x0000000724a00000, 0x0000000724a00000, 0x0000000724c00000|  0%| F|  |TAMS 0x0000000724a00000, 0x0000000724a00000| Untracked 
| 288|0x0000000724c00000, 0x0000000724c00000, 0x0000000724e00000|  0%| F|  |TAMS 0x0000000724c00000, 0x0000000724c00000| Untracked 
| 289|0x0000000724e00000, 0x0000000724e00000, 0x0000000725000000|  0%| F|  |TAMS 0x0000000724e00000, 0x0000000724e00000| Untracked 
| 290|0x0000000725000000, 0x0000000725000000, 0x0000000725200000|  0%| F|  |TAMS 0x0000000725000000, 0x0000000725000000| Untracked 
| 291|0x0000000725200000, 0x0000000725200000, 0x0000000725400000|  0%| F|  |TAMS 0x0000000725200000, 0x0000000725200000| Untracked 
| 292|0x0000000725400000, 0x0000000725400000, 0x0000000725600000|  0%| F|  |TAMS 0x0000000725400000, 0x0000000725400000| Untracked 
| 293|0x0000000725600000, 0x0000000725600000, 0x0000000725800000|  0%| F|  |TAMS 0x0000000725600000, 0x0000000725600000| Untracked 
| 294|0x0000000725800000, 0x0000000725800000, 0x0000000725a00000|  0%| F|  |TAMS 0x0000000725800000, 0x0000000725800000| Untracked 
| 295|0x0000000725a00000, 0x0000000725a00000, 0x0000000725c00000|  0%| F|  |TAMS 0x0000000725a00000, 0x0000000725a00000| Untracked 
| 296|0x0000000725c00000, 0x0000000725c00000, 0x0000000725e00000|  0%| F|  |TAMS 0x0000000725c00000, 0x0000000725c00000| Untracked 
| 297|0x0000000725e00000, 0x0000000725e00000, 0x0000000726000000|  0%| F|  |TAMS 0x0000000725e00000, 0x0000000725e00000| Untracked 
| 298|0x0000000726000000, 0x0000000726000000, 0x0000000726200000|  0%| F|  |TAMS 0x0000000726000000, 0x0000000726000000| Untracked 
| 299|0x0000000726200000, 0x0000000726200000, 0x0000000726400000|  0%| F|  |TAMS 0x0000000726200000, 0x0000000726200000| Untracked 
| 300|0x0000000726400000, 0x0000000726400000, 0x0000000726600000|  0%| F|  |TAMS 0x0000000726400000, 0x0000000726400000| Untracked 
| 301|0x0000000726600000, 0x0000000726600000, 0x0000000726800000|  0%| F|  |TAMS 0x0000000726600000, 0x0000000726600000| Untracked 
| 302|0x0000000726800000, 0x0000000726800000, 0x0000000726a00000|  0%| F|  |TAMS 0x0000000726800000, 0x0000000726800000| Untracked 
| 303|0x0000000726a00000, 0x0000000726a00000, 0x0000000726c00000|  0%| F|  |TAMS 0x0000000726a00000, 0x0000000726a00000| Untracked 
| 304|0x0000000726c00000, 0x0000000726c00000, 0x0000000726e00000|  0%| F|  |TAMS 0x0000000726c00000, 0x0000000726c00000| Untracked 
| 305|0x0000000726e00000, 0x0000000726e00000, 0x0000000727000000|  0%| F|  |TAMS 0x0000000726e00000, 0x0000000726e00000| Untracked 
| 306|0x0000000727000000, 0x0000000727000000, 0x0000000727200000|  0%| F|  |TAMS 0x0000000727000000, 0x0000000727000000| Untracked 
| 307|0x0000000727200000, 0x0000000727200000, 0x0000000727400000|  0%| F|  |TAMS 0x0000000727200000, 0x0000000727200000| Untracked 
| 308|0x0000000727400000, 0x0000000727400000, 0x0000000727600000|  0%| F|  |TAMS 0x0000000727400000, 0x0000000727400000| Untracked 
| 309|0x0000000727600000, 0x0000000727600000, 0x0000000727800000|  0%| F|  |TAMS 0x0000000727600000, 0x0000000727600000| Untracked 
| 310|0x0000000727800000, 0x0000000727800000, 0x0000000727a00000|  0%| F|  |TAMS 0x0000000727800000, 0x0000000727800000| Untracked 
| 311|0x0000000727a00000, 0x0000000727a00000, 0x0000000727c00000|  0%| F|  |TAMS 0x0000000727a00000, 0x0000000727a00000| Untracked 
| 312|0x0000000727c00000, 0x0000000727c00000, 0x0000000727e00000|  0%| F|  |TAMS 0x0000000727c00000, 0x0000000727c00000| Untracked 
| 313|0x0000000727e00000, 0x0000000727e00000, 0x0000000728000000|  0%| F|  |TAMS 0x0000000727e00000, 0x0000000727e00000| Untracked 
| 314|0x0000000728000000, 0x0000000728000000, 0x0000000728200000|  0%| F|  |TAMS 0x0000000728000000, 0x0000000728000000| Untracked 
| 315|0x0000000728200000, 0x0000000728200000, 0x0000000728400000|  0%| F|  |TAMS 0x0000000728200000, 0x0000000728200000| Untracked 
| 316|0x0000000728400000, 0x0000000728400000, 0x0000000728600000|  0%| F|  |TAMS 0x0000000728400000, 0x0000000728400000| Untracked 
| 317|0x0000000728600000, 0x0000000728600000, 0x0000000728800000|  0%| F|  |TAMS 0x0000000728600000, 0x0000000728600000| Untracked 
| 318|0x0000000728800000, 0x0000000728800000, 0x0000000728a00000|  0%| F|  |TAMS 0x0000000728800000, 0x0000000728800000| Untracked 
| 319|0x0000000728a00000, 0x0000000728a00000, 0x0000000728c00000|  0%| F|  |TAMS 0x0000000728a00000, 0x0000000728a00000| Untracked 
| 320|0x0000000728c00000, 0x0000000728c00000, 0x0000000728e00000|  0%| F|  |TAMS 0x0000000728c00000, 0x0000000728c00000| Untracked 
| 321|0x0000000728e00000, 0x0000000728e00000, 0x0000000729000000|  0%| F|  |TAMS 0x0000000728e00000, 0x0000000728e00000| Untracked 
| 322|0x0000000729000000, 0x0000000729000000, 0x0000000729200000|  0%| F|  |TAMS 0x0000000729000000, 0x0000000729000000| Untracked 
| 323|0x0000000729200000, 0x0000000729200000, 0x0000000729400000|  0%| F|  |TAMS 0x0000000729200000, 0x0000000729200000| Untracked 
| 324|0x0000000729400000, 0x0000000729400000, 0x0000000729600000|  0%| F|  |TAMS 0x0000000729400000, 0x0000000729400000| Untracked 
| 325|0x0000000729600000, 0x0000000729600000, 0x0000000729800000|  0%| F|  |TAMS 0x0000000729600000, 0x0000000729600000| Untracked 
| 326|0x0000000729800000, 0x0000000729800000, 0x0000000729a00000|  0%| F|  |TAMS 0x0000000729800000, 0x0000000729800000| Untracked 
| 327|0x0000000729a00000, 0x0000000729a00000, 0x0000000729c00000|  0%| F|  |TAMS 0x0000000729a00000, 0x0000000729a00000| Untracked 
|2041|0x00000007ffe00000, 0x0000000800000000, 0x0000000800000000|100%| O|  |TAMS 0x00000007ffe00000, 0x00000007ffe00000| Untracked 

Card table byte_map: [0x0000020999e90000,0x000002099a690000] _byte_map_base: 0x000002099668a000

Marking Bits (Prev, Next): (CMBitMap*) 0x00000209855ec280, (CMBitMap*) 0x00000209855ec240
 Prev Bits: [0x000002099ee60000, 0x00000209a2e30000)
 Next Bits: [0x000002099ae90000, 0x000002099ee60000)

Polling page: 0x0000020983510000

Metaspace:

Usage:
  Non-class:     47.25 MB used.
      Class:      7.23 MB used.
       Both:     54.48 MB used.

Virtual space:
  Non-class space:       64.00 MB reserved,      47.69 MB ( 75%) committed,  1 nodes.
      Class space:        1.00 GB reserved,       7.62 MB ( <1%) committed,  1 nodes.
             Both:        1.06 GB reserved,      55.31 MB (  5%) committed. 

Chunk freelists:
   Non-Class:  48.00 KB
       Class:  8.29 MB
        Both:  8.33 MB

MaxMetaspaceSize: unlimited
CompressedClassSpaceSize: 1.00 GB
Initial GC threshold: 21.00 MB
Current GC threshold: 73.69 MB
CDS: on
MetaspaceReclaimPolicy: balanced
 - commit_granule_bytes: 65536.
 - commit_granule_words: 8192.
 - virtual_space_node_default_size: 8388608.
 - enlarge_chunks_in_place: 1.
 - new_chunks_are_fully_committed: 0.
 - uncommit_free_chunks: 1.
 - use_allocation_guard: 0.
 - handle_deallocations: 1.


Internal statistics:

num_allocs_failed_limit: 6.
num_arena_births: 1402.
num_arena_deaths: 140.
num_vsnodes_births: 2.
num_vsnodes_deaths: 0.
num_space_committed: 885.
num_space_uncommitted: 0.
num_chunks_returned_to_freelist: 195.
num_chunks_taken_from_freelist: 3737.
num_chunk_merges: 71.
num_chunk_splits: 2371.
num_chunks_enlarged: 1505.
num_inconsistent_stats: 0.

CodeHeap 'non-profiled nmethods': size=120000Kb used=5866Kb max_used=5866Kb free=114134Kb
 bounds [0x0000020992040000, 0x0000020992600000, 0x0000020999570000]
CodeHeap 'profiled nmethods': size=120000Kb used=17938Kb max_used=17938Kb free=102061Kb
 bounds [0x000002098a570000, 0x000002098b700000, 0x0000020991aa0000]
CodeHeap 'non-nmethods': size=5760Kb used=1298Kb max_used=1365Kb free=4461Kb
 bounds [0x0000020991aa0000, 0x0000020991d10000, 0x0000020992040000]
 total_blobs=10175 nmethods=9560 adapters=526
 compilation: enabled
              stopped_count=0, restarted_count=0
 full_count=0

Compilation events (20 events):
Event: 26.320 Thread 0x00000209ee934810 nmethod 11816 0x00000209925f0590 code [0x00000209925f0720, 0x00000209925f08f8]
Event: 26.320 Thread 0x00000209a5697640 nmethod 11817 0x00000209925f0b90 code [0x00000209925f0d20, 0x00000209925f0f38]
Event: 26.322 Thread 0x00000209a5697640 11818       4       org.sonar.plugins.html.checks.security.DisabledAutoescapeCheck::characters (174 bytes)
Event: 26.322 Thread 0x00000209ee934810 11819       4       org.sonar.plugins.html.checks.accessibility.AnchorsHaveContentCheck::characters (49 bytes)
Event: 26.325 Thread 0x00000209ee934810 nmethod 11819 0x00000209925f1210 code [0x00000209925f13a0, 0x00000209925f1658]
Event: 26.328 Thread 0x00000209ee934810 11820       4       org.sonar.plugins.html.checks.accessibility.ValidAutocompleteCheck$$Lambda$3326/0x00000209a77af0b8::test (12 bytes)
Event: 26.329 Thread 0x00000209ee934810 nmethod 11820 0x00000209925f1a10 code [0x00000209925f1ba0, 0x00000209925f1ca8]
Event: 26.329 Thread 0x00000209ee934810 11821   !   4       org.sonar.plugins.html.checks.accessibility.TabIndexNoPositiveCheck::startElement (33 bytes)
Event: 26.329 Thread 0x00000209ee934810 nmethod 11821 0x00000209925f1e90 code [0x00000209925f2020, 0x00000209925f2108]
Event: 26.329 Thread 0x00000209ee934810 11822       4       org.sonar.plugins.html.checks.sonar.DeprecatedAttributesInHtml5Check::startElement (116 bytes)
Event: 26.333 Thread 0x00000209a5697640 nmethod 11818 0x00000209925f2210 code [0x00000209925f2400, 0x00000209925f2f08]
Event: 26.333 Thread 0x00000209a5697640 11823       4       org.sonar.plugins.html.checks.accessibility.NoNoninteractiveElementToInteractiveRoleCheck::startElement (29 bytes)
Event: 26.338 Thread 0x00000209a574c3c0 11824       3       org.sonar.plugins.html.api.HtmlConstants::hasInteractiveRole (44 bytes)
Event: 26.338 Thread 0x00000209a574c3c0 nmethod 11824 0x000002098b6f5c10 code [0x000002098b6f5e60, 0x000002098b6f6908]
Event: 26.357 Thread 0x00000209a5697640 nmethod 11823 0x00000209925f3910 code [0x00000209925f3c00, 0x00000209925f5570]
Event: 26.357 Thread 0x00000209a5697640 11826       4       org.sonar.plugins.html.checks.accessibility.ValidAutocompleteCheck::startElement (32 bytes)
Event: 26.369 Thread 0x00000209a5697640 nmethod 11826 0x00000209925f6510 code [0x00000209925f6740, 0x00000209925f74b0]
Event: 26.369 Thread 0x00000209a5697640 11828       4       org.sonar.plugins.html.checks.accessibility.AriaProptypesCheck::startElement (126 bytes)
Event: 26.394 Thread 0x00000209a5697640 nmethod 11828 0x00000209925f7d10 code [0x00000209925f7f20, 0x00000209925f9748]
Event: 26.394 Thread 0x00000209a5697640 11830       4       org.sonar.plugins.html.checks.accessibility.HeadingHasAccessibleContentCheck::startElement (77 bytes)

GC Heap History (20 events):
Event: 19.699 GC heap after
{Heap after GC invocations=36 (full 0):
 garbage-first heap   total 335872K, used 82045K [0x0000000700c00000, 0x0000000800000000)
  region size 2048K, 2 young (4096K), 2 survivors (4096K)
 Metaspace       used 50445K, committed 50944K, reserved 1114112K
  class space    used 6599K, committed 6848K, reserved 1048576K
}
Event: 20.218 GC heap before
{Heap before GC invocations=36 (full 0):
 garbage-first heap   total 335872K, used 247933K [0x0000000700c00000, 0x0000000800000000)
  region size 2048K, 83 young (169984K), 2 survivors (4096K)
 Metaspace       used 52657K, committed 53248K, reserved 1114112K
  class space    used 7048K, committed 7296K, reserved 1048576K
}
Event: 20.230 GC heap after
{Heap after GC invocations=37 (full 0):
 garbage-first heap   total 335872K, used 115228K [0x0000000700c00000, 0x0000000800000000)
  region size 2048K, 11 young (22528K), 11 survivors (22528K)
 Metaspace       used 52657K, committed 53248K, reserved 1114112K
  class space    used 7048K, committed 7296K, reserved 1048576K
}
Event: 20.496 GC heap before
{Heap before GC invocations=37 (full 0):
 garbage-first heap   total 335872K, used 234012K [0x0000000700c00000, 0x0000000800000000)
  region size 2048K, 69 young (141312K), 11 survivors (22528K)
 Metaspace       used 52863K, committed 53440K, reserved 1114112K
  class space    used 7065K, committed 7360K, reserved 1048576K
}
Event: 20.507 GC heap after
{Heap after GC invocations=38 (full 0):
 garbage-first heap   total 335872K, used 126391K [0x0000000700c00000, 0x0000000800000000)
  region size 2048K, 6 young (12288K), 6 survivors (12288K)
 Metaspace       used 52863K, committed 53440K, reserved 1114112K
  class space    used 7065K, committed 7360K, reserved 1048576K
}
Event: 20.816 GC heap before
{Heap before GC invocations=38 (full 0):
 garbage-first heap   total 335872K, used 243127K [0x0000000700c00000, 0x0000000800000000)
  region size 2048K, 63 young (129024K), 6 survivors (12288K)
 Metaspace       used 54116K, committed 54912K, reserved 1114112K
  class space    used 7230K, committed 7616K, reserved 1048576K
}
Event: 20.821 GC heap after
{Heap after GC invocations=39 (full 0):
 garbage-first heap   total 671744K, used 128648K [0x0000000700c00000, 0x0000000800000000)
  region size 2048K, 4 young (8192K), 4 survivors (8192K)
 Metaspace       used 54116K, committed 54912K, reserved 1114112K
  class space    used 7230K, committed 7616K, reserved 1048576K
}
Event: 24.269 GC heap before
{Heap before GC invocations=39 (full 0):
 garbage-first heap   total 671744K, used 519816K [0x0000000700c00000, 0x0000000800000000)
  region size 2048K, 196 young (401408K), 4 survivors (8192K)
 Metaspace       used 55153K, committed 55936K, reserved 1114112K
  class space    used 7363K, committed 7744K, reserved 1048576K
}
Event: 24.272 GC heap after
{Heap after GC invocations=40 (full 0):
 garbage-first heap   total 671744K, used 129594K [0x0000000700c00000, 0x0000000800000000)
  region size 2048K, 4 young (8192K), 4 survivors (8192K)
 Metaspace       used 55153K, committed 55936K, reserved 1114112K
  class space    used 7363K, committed 7744K, reserved 1048576K
}
Event: 25.232 GC heap before
{Heap before GC invocations=40 (full 0):
 garbage-first heap   total 671744K, used 543290K [0x0000000700c00000, 0x0000000800000000)
  region size 2048K, 196 young (401408K), 4 survivors (8192K)
 Metaspace       used 55763K, committed 56576K, reserved 1114112K
  class space    used 7403K, committed 7808K, reserved 1048576K
}
Event: 25.237 GC heap after
{Heap after GC invocations=41 (full 0):
 garbage-first heap   total 671744K, used 138471K [0x0000000700c00000, 0x0000000800000000)
  region size 2048K, 5 young (10240K), 5 survivors (10240K)
 Metaspace       used 55763K, committed 56576K, reserved 1114112K
  class space    used 7403K, committed 7808K, reserved 1048576K
}
Event: 25.310 GC heap before
{Heap before GC invocations=41 (full 0):
 garbage-first heap   total 671744K, used 529639K [0x0000000700c00000, 0x0000000800000000)
  region size 2048K, 196 young (401408K), 5 survivors (10240K)
 Metaspace       used 55763K, committed 56576K, reserved 1114112K
  class space    used 7403K, committed 7808K, reserved 1048576K
}
Event: 25.320 GC heap after
{Heap after GC invocations=42 (full 0):
 garbage-first heap   total 671744K, used 154164K [0x0000000700c00000, 0x0000000800000000)
  region size 2048K, 13 young (26624K), 13 survivors (26624K)
 Metaspace       used 55763K, committed 56576K, reserved 1114112K
  class space    used 7403K, committed 7808K, reserved 1048576K
}
Event: 25.388 GC heap before
{Heap before GC invocations=42 (full 0):
 garbage-first heap   total 671744K, used 528948K [0x0000000700c00000, 0x0000000800000000)
  region size 2048K, 196 young (401408K), 13 survivors (26624K)
 Metaspace       used 55763K, committed 56576K, reserved 1114112K
  class space    used 7403K, committed 7808K, reserved 1048576K
}
Event: 25.402 GC heap after
{Heap after GC invocations=43 (full 0):
 garbage-first heap   total 671744K, used 169191K [0x0000000700c00000, 0x0000000800000000)
  region size 2048K, 20 young (40960K), 20 survivors (40960K)
 Metaspace       used 55763K, committed 56576K, reserved 1114112K
  class space    used 7403K, committed 7808K, reserved 1048576K
}
Event: 25.848 GC heap before
{Heap before GC invocations=43 (full 0):
 garbage-first heap   total 671744K, used 574695K [0x0000000700c00000, 0x0000000800000000)
  region size 2048K, 196 young (401408K), 20 survivors (40960K)
 Metaspace       used 55779K, committed 56576K, reserved 1114112K
  class space    used 7404K, committed 7808K, reserved 1048576K
}
Event: 25.882 GC heap after
{Heap after GC invocations=44 (full 0):
 garbage-first heap   total 673792K, used 226330K [0x0000000700c00000, 0x0000000800000000)
  region size 2048K, 25 young (51200K), 25 survivors (51200K)
 Metaspace       used 55779K, committed 56576K, reserved 1114112K
  class space    used 7404K, committed 7808K, reserved 1048576K
}
Event: 26.023 GC heap before
{Heap before GC invocations=44 (full 0):
 garbage-first heap   total 673792K, used 533530K [0x0000000700c00000, 0x0000000800000000)
  region size 2048K, 175 young (358400K), 25 survivors (51200K)
 Metaspace       used 55779K, committed 56576K, reserved 1114112K
  class space    used 7404K, committed 7808K, reserved 1048576K
}
Event: 26.045 GC heap after
{Heap after GC invocations=45 (full 0):
 garbage-first heap   total 673792K, used 241664K [0x0000000700c00000, 0x0000000800000000)
  region size 2048K, 6 young (12288K), 6 survivors (12288K)
 Metaspace       used 55779K, committed 56576K, reserved 1114112K
  class space    used 7404K, committed 7808K, reserved 1048576K
}
Event: 26.416 GC heap before
{Heap before GC invocations=45 (full 0):
 garbage-first heap   total 673792K, used 546816K [0x0000000700c00000, 0x0000000800000000)
  region size 2048K, 154 young (315392K), 6 survivors (12288K)
 Metaspace       used 55786K, committed 56640K, reserved 1114112K
  class space    used 7404K, committed 7808K, reserved 1048576K
}

Dll operation events (9 events):
Event: 0.010 Loaded shared library C:\Users\jsams\.sonar\cache\11a61a94d383e755b08b4e5890a13d148bc9f95b7149cbbeec62efb8c75a4a67\OpenJDK17U-jre_x64_windows_hotspot_17.0.13_11.zip_extracted\jdk-17.0.13+11-jre\bin\java.dll
Event: 0.023 Loaded shared library C:\Users\jsams\.sonar\cache\11a61a94d383e755b08b4e5890a13d148bc9f95b7149cbbeec62efb8c75a4a67\OpenJDK17U-jre_x64_windows_hotspot_17.0.13_11.zip_extracted\jdk-17.0.13+11-jre\bin\jsvml.dll
Event: 0.052 Loaded shared library C:\Users\jsams\.sonar\cache\11a61a94d383e755b08b4e5890a13d148bc9f95b7149cbbeec62efb8c75a4a67\OpenJDK17U-jre_x64_windows_hotspot_17.0.13_11.zip_extracted\jdk-17.0.13+11-jre\bin\net.dll
Event: 0.055 Loaded shared library C:\Users\jsams\.sonar\cache\11a61a94d383e755b08b4e5890a13d148bc9f95b7149cbbeec62efb8c75a4a67\OpenJDK17U-jre_x64_windows_hotspot_17.0.13_11.zip_extracted\jdk-17.0.13+11-jre\bin\nio.dll
Event: 0.072 Loaded shared library C:\Users\jsams\.sonar\cache\11a61a94d383e755b08b4e5890a13d148bc9f95b7149cbbeec62efb8c75a4a67\OpenJDK17U-jre_x64_windows_hotspot_17.0.13_11.zip_extracted\jdk-17.0.13+11-jre\bin\zip.dll
Event: 0.092 Loaded shared library C:\Users\jsams\.sonar\cache\11a61a94d383e755b08b4e5890a13d148bc9f95b7149cbbeec62efb8c75a4a67\OpenJDK17U-jre_x64_windows_hotspot_17.0.13_11.zip_extracted\jdk-17.0.13+11-jre\bin\jimage.dll
Event: 0.542 Loaded shared library C:\Users\jsams\.sonar\cache\11a61a94d383e755b08b4e5890a13d148bc9f95b7149cbbeec62efb8c75a4a67\OpenJDK17U-jre_x64_windows_hotspot_17.0.13_11.zip_extracted\jdk-17.0.13+11-jre\bin\verify.dll
Event: 0.614 Loaded shared library C:\Users\jsams\.sonar\cache\11a61a94d383e755b08b4e5890a13d148bc9f95b7149cbbeec62efb8c75a4a67\OpenJDK17U-jre_x64_windows_hotspot_17.0.13_11.zip_extracted\jdk-17.0.13+11-jre\bin\sunmscapi.dll
Event: 1.146 Loaded shared library C:\Users\jsams\.sonar\cache\11a61a94d383e755b08b4e5890a13d148bc9f95b7149cbbeec62efb8c75a4a67\OpenJDK17U-jre_x64_windows_hotspot_17.0.13_11.zip_extracted\jdk-17.0.13+11-jre\bin\extnet.dll

Deoptimization events (20 events):
Event: 26.118 Thread 0x0000020985580030 DEOPT PACKING pc=0x00000209925c769c sp=0x0000004b24efe930
Event: 26.118 Thread 0x0000020985580030 DEOPT UNPACKING pc=0x0000020991af69a3 sp=0x0000004b24efe918 mode 2
Event: 26.140 Thread 0x0000020985580030 DEOPT PACKING pc=0x000002098b6e5a28 sp=0x0000004b24efe740
Event: 26.140 Thread 0x0000020985580030 DEOPT UNPACKING pc=0x0000020991af7143 sp=0x0000004b24efdca8 mode 0
Event: 26.141 Thread 0x0000020985580030 Uncommon trap: trap_request=0xffffff45 fr.pc=0x00000209925caba8 relative=0x0000000000000268
Event: 26.141 Thread 0x0000020985580030 Uncommon trap: reason=unstable_if action=reinterpret pc=0x00000209925caba8 method=org.sonar.api.batch.sensor.highlighting.internal.DefaultHighlighting.checkOverlappingBoundaries()V @ 39 c2
Event: 26.141 Thread 0x0000020985580030 DEOPT PACKING pc=0x00000209925caba8 sp=0x0000004b24efe800
Event: 26.141 Thread 0x0000020985580030 DEOPT UNPACKING pc=0x0000020991af69a3 sp=0x0000004b24efe7b0 mode 2
Event: 26.271 Thread 0x0000020985580030 Uncommon trap: trap_request=0xffffffbe fr.pc=0x000002099253f954 relative=0x0000000000000b94
Event: 26.271 Thread 0x0000020985580030 Uncommon trap: reason=profile_predicate action=maybe_recompile pc=0x000002099253f954 method=org.sonar.plugins.html.visitor.HtmlAstScanner.scan(Ljava/util/List;Lorg/sonar/plugins/html/visitor/HtmlSourceCode;Ljava/util/List;)V @ 114 c2
Event: 26.271 Thread 0x0000020985580030 DEOPT PACKING pc=0x000002099253f954 sp=0x0000004b24efea70
Event: 26.271 Thread 0x0000020985580030 DEOPT UNPACKING pc=0x0000020991af69a3 sp=0x0000004b24efea60 mode 2
Event: 26.271 Thread 0x0000020985580030 Uncommon trap: trap_request=0xffffff45 fr.pc=0x0000020992528534 relative=0x0000000000000274
Event: 26.271 Thread 0x0000020985580030 Uncommon trap: reason=unstable_if action=reinterpret pc=0x0000020992528534 method=org.sonar.plugins.html.visitor.HtmlAstScanner.scanElement(Lorg/sonar/plugins/html/visitor/DefaultNodeVisitor;Lorg/sonar/plugins/html/node/Node;)V @ 11 c2
Event: 26.271 Thread 0x0000020985580030 DEOPT PACKING pc=0x0000020992528534 sp=0x0000004b24efea40
Event: 26.271 Thread 0x0000020985580030 DEOPT UNPACKING pc=0x0000020991af69a3 sp=0x0000004b24efe9f0 mode 2
Event: 26.295 Thread 0x0000020985580030 Uncommon trap: trap_request=0xffffffbe fr.pc=0x000002099253f954 relative=0x0000000000000b94
Event: 26.295 Thread 0x0000020985580030 Uncommon trap: reason=profile_predicate action=maybe_recompile pc=0x000002099253f954 method=org.sonar.plugins.html.visitor.HtmlAstScanner.scan(Ljava/util/List;Lorg/sonar/plugins/html/visitor/HtmlSourceCode;Ljava/util/List;)V @ 114 c2
Event: 26.295 Thread 0x0000020985580030 DEOPT PACKING pc=0x000002099253f954 sp=0x0000004b24efea70
Event: 26.295 Thread 0x0000020985580030 DEOPT UNPACKING pc=0x0000020991af69a3 sp=0x0000004b24efea60 mode 2

Classes loaded (20 events):
Event: 19.955 Loading class java/util/TreeMap$NavigableSubMap$SubMapEntryIterator
Event: 19.955 Loading class java/util/TreeMap$NavigableSubMap$SubMapIterator
Event: 19.955 Loading class java/util/TreeMap$NavigableSubMap$SubMapIterator done
Event: 19.955 Loading class java/util/TreeMap$NavigableSubMap$SubMapEntryIterator done
Event: 19.959 Loading class java/util/AbstractMap$2
Event: 19.959 Loading class java/util/AbstractMap$2 done
Event: 19.959 Loading class java/util/AbstractMap$2$1
Event: 19.959 Loading class java/util/AbstractMap$2$1 done
Event: 19.977 Loading class java/util/EnumMap$EntryIterator
Event: 19.977 Loading class java/util/EnumMap$EnumMapIterator
Event: 19.977 Loading class java/util/EnumMap$EnumMapIterator done
Event: 19.977 Loading class java/util/EnumMap$EntryIterator done
Event: 20.212 Loading class java/lang/StringLatin1$LinesSpliterator
Event: 20.212 Loading class java/lang/StringLatin1$LinesSpliterator done
Event: 21.449 Loading class java/util/EnumMap$EntryIterator$Entry
Event: 21.449 Loading class java/util/EnumMap$EntryIterator$Entry done
Event: 21.450 Loading class java/nio/file/FileTreeIterator
Event: 21.450 Loading class java/nio/file/FileTreeIterator done
Event: 24.724 Loading class java/util/LinkedList$LLSpliterator
Event: 24.724 Loading class java/util/LinkedList$LLSpliterator done

Classes unloaded (20 events):
Event: 19.115 Thread 0x00000209a5676770 Unloading class 0x00000209a75a1000 'java/lang/invoke/LambdaForm$MH+0x00000209a75a1000'
Event: 19.115 Thread 0x00000209a5676770 Unloading class 0x00000209a75a0c00 'java/lang/invoke/LambdaForm$MH+0x00000209a75a0c00'
Event: 19.115 Thread 0x00000209a5676770 Unloading class 0x00000209a75a0800 'java/lang/invoke/LambdaForm$MH+0x00000209a75a0800'
Event: 19.115 Thread 0x00000209a5676770 Unloading class 0x00000209a75a0400 'java/lang/invoke/LambdaForm$MH+0x00000209a75a0400'
Event: 19.115 Thread 0x00000209a5676770 Unloading class 0x00000209a75a0000 'java/lang/invoke/LambdaForm$MH+0x00000209a75a0000'
Event: 19.115 Thread 0x00000209a5676770 Unloading class 0x00000209a759fc00 'java/lang/invoke/LambdaForm$DMH+0x00000209a759fc00'
Event: 19.115 Thread 0x00000209a5676770 Unloading class 0x00000209a759f800 'java/lang/invoke/LambdaForm$MH+0x00000209a759f800'
Event: 19.115 Thread 0x00000209a5676770 Unloading class 0x00000209a759f000 'java/lang/invoke/LambdaForm$DMH+0x00000209a759f000'
Event: 19.115 Thread 0x00000209a5676770 Unloading class 0x00000209a759e800 'java/lang/invoke/LambdaForm$DMH+0x00000209a759e800'
Event: 19.115 Thread 0x00000209a5676770 Unloading class 0x00000209a759ec00 'java/lang/invoke/LambdaForm$DMH+0x00000209a759ec00'
Event: 19.115 Thread 0x00000209a5676770 Unloading class 0x00000209a759dc00 'java/lang/invoke/LambdaForm$MH+0x00000209a759dc00'
Event: 19.115 Thread 0x00000209a5676770 Unloading class 0x00000209a759d800 'java/lang/invoke/LambdaForm$MH+0x00000209a759d800'
Event: 19.115 Thread 0x00000209a5676770 Unloading class 0x00000209a759d000 'java/lang/invoke/LambdaForm$DMH+0x00000209a759d000'
Event: 19.115 Thread 0x00000209a5676770 Unloading class 0x00000209a759cc00 'java/lang/invoke/LambdaForm$DMH+0x00000209a759cc00'
Event: 19.115 Thread 0x00000209a5676770 Unloading class 0x00000209a759c400 'java/lang/invoke/LambdaForm$DMH+0x00000209a759c400'
Event: 19.115 Thread 0x00000209a5676770 Unloading class 0x00000209a759c000 'java/lang/invoke/LambdaForm$DMH+0x00000209a759c000'
Event: 19.115 Thread 0x00000209a5676770 Unloading class 0x00000209a7519800 'java/lang/invoke/LambdaForm$DMH+0x00000209a7519800'
Event: 19.115 Thread 0x00000209a5676770 Unloading class 0x00000209a7519400 'java/lang/invoke/LambdaForm$DMH+0x00000209a7519400'
Event: 19.115 Thread 0x00000209a5676770 Unloading class 0x00000209a7519000 'java/lang/invoke/LambdaForm$DMH+0x00000209a7519000'
Event: 19.115 Thread 0x00000209a5676770 Unloading class 0x00000209a7518c00 'java/lang/invoke/LambdaForm$DMH+0x00000209a7518c00'

Classes redefined (0 events):
No events

Internal exceptions (20 events):
Event: 19.911 Thread 0x0000020985580030 Exception <a 'java/lang/NoSuchMethodError'{0x00000007116a5a28}: 'void java.lang.invoke.DirectMethodHandle$Holder.invokeVirtual(java.lang.Object, java.lang.Object, int)'> (0x00000007116a5a28) 
thrown [s\src\hotspot\share\interpreter\linkResolver.cpp, line 759]
Event: 19.918 Thread 0x0000020985580030 Exception <a 'java/lang/NoSuchMethodError'{0x000000071177f230}: 'java.lang.Object java.lang.invoke.DirectMethodHandle$Holder.invokeStatic(java.lang.Object, int, java.lang.Object)'> (0x000000071177f230) 
thrown [s\src\hotspot\share\interpreter\linkResolver.cpp, line 759]
Event: 19.918 Thread 0x0000020985580030 Exception <a 'java/lang/NoSuchMethodError'{0x0000000711782b20}: 'java.lang.Object java.lang.invoke.DirectMethodHandle$Holder.invokeStaticInit(java.lang.Object, int, java.lang.Object)'> (0x0000000711782b20) 
thrown [s\src\hotspot\share\interpreter\linkResolver.cpp, line 759]
Event: 19.925 Thread 0x0000020985580030 Exception <a 'java/lang/NoSuchMethodError'{0x0000000711425cd8}: 'java.lang.Object java.lang.invoke.DirectMethodHandle$Holder.invokeVirtual(java.lang.Object, java.lang.Object, java.lang.Object, java.lang.Object, java.lang.Object, java.lang.Object)'> (0x0000000711425cd8) 
thrown [s\src\hotspot\share\interpreter\linkResolver.cpp, line 759]
Event: 19.938 Thread 0x0000020985580030 Exception <a 'java/lang/IncompatibleClassChangeError'{0x0000000711554e38}: Found class java.lang.Object, but interface was expected> (0x0000000711554e38) 
thrown [s\src\hotspot\share\interpreter\linkResolver.cpp, line 826]
Event: 19.950 Thread 0x0000020985580030 Exception <a 'java/lang/NoSuchMethodError'{0x000000071126edd8}: 'java.lang.Object java.lang.invoke.DirectMethodHandle$Holder.newInvokeSpecial(java.lang.Object, java.lang.Object, java.lang.Object, int)'> (0x000000071126edd8) 
thrown [s\src\hotspot\share\interpreter\linkResolver.cpp, line 759]
Event: 19.950 Thread 0x0000020985580030 Exception <a 'java/lang/NoSuchMethodError'{0x0000000711273460}: 'java.lang.Object java.lang.invoke.DirectMethodHandle$Holder.invokeSpecial(java.lang.Object, java.lang.Object, java.lang.Object, java.lang.Object, int)'> (0x0000000711273460) 
thrown [s\src\hotspot\share\interpreter\linkResolver.cpp, line 759]
Event: 19.950 Thread 0x0000020985580030 Exception <a 'java/lang/NoSuchMethodError'{0x00000007112772d0}: 'java.lang.Object java.lang.invoke.Invokers$Holder.linkToTargetMethod(java.lang.Object, java.lang.Object, int, java.lang.Object)'> (0x00000007112772d0) 
thrown [s\src\hotspot\share\interpreter\linkResolver.cpp, line 759]
Event: 20.045 Thread 0x0000020985580030 Exception <a 'java/lang/IncompatibleClassChangeError'{0x000000070fef0f50}: Found class java.lang.Object, but interface was expected> (0x000000070fef0f50) 
thrown [s\src\hotspot\share\interpreter\linkResolver.cpp, line 826]
Event: 21.062 Thread 0x0000020985580030 Implicit null exception at 0x00000209923bff2c to 0x00000209923c0964
Event: 21.097 Thread 0x0000020985580030 Exception <a 'java/lang/NoSuchMethodError'{0x0000000723a38cc0}: 'java.lang.Object java.lang.invoke.Invokers$Holder.linkToTargetMethod(java.lang.Object, java.lang.Object, java.lang.Object, int, java.lang.Object, java.lang.Object)'> (0x0000000723a38cc0) 
thrown [s\src\hotspot\share\interpreter\linkResolver.cpp, line 759]
Event: 21.104 Thread 0x0000020985580030 Exception <a 'java/lang/IncompatibleClassChangeError'{0x0000000723b76a40}: Found class java.lang.Object, but interface was expected> (0x0000000723b76a40) 
thrown [s\src\hotspot\share\interpreter\linkResolver.cpp, line 826]
Event: 21.175 Thread 0x0000020985580030 Exception <a 'java/lang/IncompatibleClassChangeError'{0x0000000722608ed0}: Found class java.lang.Object, but interface was expected> (0x0000000722608ed0) 
thrown [s\src\hotspot\share\interpreter\linkResolver.cpp, line 826]
Event: 21.448 Thread 0x00000209eedcfaa0 Exception <a 'java/lang/InterruptedException'{0x000000071be00040}: sleep interrupted> (0x000000071be00040) 
thrown [s\src\hotspot\share\prims\jvm.cpp, line 3064]
Event: 21.451 Thread 0x0000020985580030 Exception <a 'java/lang/IncompatibleClassChangeError'{0x000000071c1d1988}: Found class java.lang.Object, but interface was expected> (0x000000071c1d1988) 
thrown [s\src\hotspot\share\interpreter\linkResolver.cpp, line 826]
Event: 24.532 Thread 0x0000020985580030 Implicit null exception at 0x00000209924021cf to 0x0000020992402310
Event: 24.533 Thread 0x0000020985580030 Implicit null exception at 0x000002099238942c to 0x0000020992389480
Event: 24.534 Thread 0x0000020985580030 Exception <a 'java/lang/NoSuchMethodError'{0x000000071fcbe678}: 'java.lang.Object java.lang.invoke.DirectMethodHandle$Holder.newInvokeSpecial(java.lang.Object, java.lang.Object, java.lang.Object, java.lang.Object, int)'> (0x000000071fcbe678) 
thrown [s\src\hotspot\share\interpreter\linkResolver.cpp, line 759]
Event: 24.534 Thread 0x0000020985580030 Exception <a 'java/lang/NoSuchMethodError'{0x000000071fcc29b0}: 'java.lang.Object java.lang.invoke.DirectMethodHandle$Holder.invokeSpecial(java.lang.Object, java.lang.Object, java.lang.Object, java.lang.Object, java.lang.Object, int)'> (0x000000071fcc29b0) 
thrown [s\src\hotspot\share\interpreter\linkResolver.cpp, line 759]
Event: 24.534 Thread 0x0000020985580030 Exception <a 'java/lang/NoSuchMethodError'{0x000000071fcc6698}: 'java.lang.Object java.lang.invoke.Invokers$Holder.linkToTargetMethod(java.lang.Object, java.lang.Object, java.lang.Object, int, java.lang.Object)'> (0x000000071fcc6698) 
thrown [s\src\hotspot\share\interpreter\linkResolver.cpp, line 759]

VM Operations (20 events):
Event: 22.318 Executing VM operation: Cleanup done
Event: 23.324 Executing VM operation: Cleanup
Event: 23.324 Executing VM operation: Cleanup done
Event: 24.269 Executing VM operation: G1CollectForAllocation
Event: 24.272 Executing VM operation: G1CollectForAllocation done
Event: 24.592 Executing VM operation: HandshakeAllThreads
Event: 24.592 Executing VM operation: HandshakeAllThreads done
Event: 24.602 Executing VM operation: ICBufferFull
Event: 24.602 Executing VM operation: ICBufferFull done
Event: 25.232 Executing VM operation: G1CollectForAllocation
Event: 25.237 Executing VM operation: G1CollectForAllocation done
Event: 25.310 Executing VM operation: G1CollectForAllocation
Event: 25.320 Executing VM operation: G1CollectForAllocation done
Event: 25.388 Executing VM operation: G1CollectForAllocation
Event: 25.402 Executing VM operation: G1CollectForAllocation done
Event: 25.848 Executing VM operation: G1CollectForAllocation
Event: 25.882 Executing VM operation: G1CollectForAllocation done
Event: 26.023 Executing VM operation: G1CollectForAllocation
Event: 26.045 Executing VM operation: G1CollectForAllocation done
Event: 26.416 Executing VM operation: G1CollectForAllocation

Memory protections (0 events):
No events

Nmethod flushes (20 events):
Event: 20.589 Thread 0x00000209a569c370 flushing  nmethod 0x000002098b301c90
Event: 20.589 Thread 0x00000209a569c370 flushing  nmethod 0x000002098b303190
Event: 20.589 Thread 0x00000209a569c370 flushing  nmethod 0x000002098b305d10
Event: 20.589 Thread 0x00000209a569c370 flushing  nmethod 0x000002098b307690
Event: 20.589 Thread 0x00000209a569c370 flushing  nmethod 0x000002098b30f310
Event: 20.589 Thread 0x00000209a569c370 flushing  nmethod 0x000002098b30f710
Event: 20.589 Thread 0x00000209a569c370 flushing  nmethod 0x000002098b30fd10
Event: 20.589 Thread 0x00000209a569c370 flushing  nmethod 0x000002098b313790
Event: 20.589 Thread 0x00000209a569c370 flushing  nmethod 0x000002098b313b90
Event: 20.589 Thread 0x00000209a569c370 flushing  nmethod 0x000002098b319a90
Event: 20.589 Thread 0x00000209a569c370 flushing  nmethod 0x000002098b35fb90
Event: 20.589 Thread 0x00000209a569c370 flushing  nmethod 0x000002098b369990
Event: 20.589 Thread 0x00000209a569c370 flushing  nmethod 0x000002098b382a10
Event: 20.589 Thread 0x00000209a569c370 flushing  nmethod 0x000002098b383c10
Event: 20.589 Thread 0x00000209a569c370 flushing  nmethod 0x000002098b39b110
Event: 20.589 Thread 0x00000209a569c370 flushing  nmethod 0x000002098b3be810
Event: 24.599 Thread 0x00000209a569c370 flushing  nmethod 0x000002098b049990
Event: 24.600 Thread 0x00000209a569c370 flushing  nmethod 0x000002098b13f290
Event: 24.601 Thread 0x00000209a569c370 flushing  nmethod 0x000002098b2d4990
Event: 24.601 Thread 0x00000209a569c370 flushing  nmethod 0x000002098b321990

Events (20 events):
Event: 18.492 Thread 0x0000020985580030 Thread added: 0x00000209ec5046b0
Event: 18.493 Thread 0x0000020985580030 Thread added: 0x00000209ec50b610
Event: 18.494 Thread 0x00000209ec50b610 Thread added: 0x00000209ec508d90
Event: 18.501 Thread 0x00000209ec508d90 Thread added: 0x00000209ec5055e0
Event: 18.501 Thread 0x00000209ec5055e0 Thread added: 0x00000209ec506510
Event: 18.501 Thread 0x00000209ec508d90 Thread added: 0x00000209ec509cc0
Event: 19.180 Thread 0x00000209ec506510 Thread exited: 0x00000209ec506510
Event: 19.180 Thread 0x00000209ec508d90 Thread exited: 0x00000209ec508d90
Event: 19.180 Thread 0x00000209ec509cc0 Thread exited: 0x00000209ec509cc0
Event: 19.180 Thread 0x00000209ec5055e0 Thread exited: 0x00000209ec5055e0
Event: 19.180 Thread 0x00000209ec50b610 Thread exited: 0x00000209ec50b610
Event: 19.182 Thread 0x00000209ec5046b0 Thread exited: 0x00000209ec5046b0
Event: 19.215 Thread 0x0000020985580030 Thread added: 0x00000209eedcfaa0
Event: 21.448 Thread 0x00000209eedcfaa0 Thread exited: 0x00000209eedcfaa0
Event: 21.606 Thread 0x00000209ee934810 Thread exited: 0x00000209ee934810
Event: 24.205 Thread 0x00000209a574c3c0 Thread added: 0x00000209ee934810
Event: 25.406 Thread 0x00000209ee934810 Thread exited: 0x00000209ee934810
Event: 25.419 Thread 0x00000209a574c3c0 Thread added: 0x00000209ee934810
Event: 25.714 Thread 0x00000209ee934810 Thread exited: 0x00000209ee934810
Event: 26.142 Thread 0x00000209a5697640 Thread added: 0x00000209ee934810


Dynamic libraries:
0x00007ff75c940000 - 0x00007ff75c94e000 	C:\Users\jsams\.sonar\cache\11a61a94d383e755b08b4e5890a13d148bc9f95b7149cbbeec62efb8c75a4a67\OpenJDK17U-jre_x64_windows_hotspot_17.0.13_11.zip_extracted\jdk-17.0.13+11-jre\bin\java.exe
0x00007ffb6df50000 - 0x00007ffb6e148000 	C:\WINDOWS\SYSTEM32\ntdll.dll
0x00007ffb6d7b0000 - 0x00007ffb6d872000 	C:\WINDOWS\System32\KERNEL32.DLL
0x00007ffb6b940000 - 0x00007ffb6bc37000 	C:\WINDOWS\System32\KERNELBASE.dll
0x00007ffb6bc40000 - 0x00007ffb6bd40000 	C:\WINDOWS\System32\ucrtbase.dll
0x00007ffb500e0000 - 0x00007ffb500f7000 	C:\Users\jsams\.sonar\cache\11a61a94d383e755b08b4e5890a13d148bc9f95b7149cbbeec62efb8c75a4a67\OpenJDK17U-jre_x64_windows_hotspot_17.0.13_11.zip_extracted\jdk-17.0.13+11-jre\bin\jli.dll
0x00007ffb50050000 - 0x00007ffb5006e000 	C:\Users\jsams\.sonar\cache\11a61a94d383e755b08b4e5890a13d148bc9f95b7149cbbeec62efb8c75a4a67\OpenJDK17U-jre_x64_windows_hotspot_17.0.13_11.zip_extracted\jdk-17.0.13+11-jre\bin\VCRUNTIME140.dll
0x00007ffb6c2a0000 - 0x00007ffb6c43d000 	C:\WINDOWS\System32\USER32.dll
0x00007ffb6bd40000 - 0x00007ffb6bd62000 	C:\WINDOWS\System32\win32u.dll
0x00007ffb6c480000 - 0x00007ffb6c4ab000 	C:\WINDOWS\System32\GDI32.dll
0x00007ffb6b5e0000 - 0x00007ffb6b6f9000 	C:\WINDOWS\System32\gdi32full.dll
0x00007ffb6bed0000 - 0x00007ffb6bf6d000 	C:\WINDOWS\System32\msvcp_win.dll
0x00007ffb5eb10000 - 0x00007ffb5edaa000 	C:\WINDOWS\WinSxS\amd64_microsoft.windows.common-controls_6595b64144ccf1df_6.0.19041.5915_none_60b4b9d171f9c7c7\COMCTL32.dll
0x00007ffb6cfb0000 - 0x00007ffb6d04e000 	C:\WINDOWS\System32\msvcrt.dll
0x00007ffb6c450000 - 0x00007ffb6c47f000 	C:\WINDOWS\System32\IMM32.DLL
0x00007ffb521a0000 - 0x00007ffb521ac000 	C:\Users\jsams\.sonar\cache\11a61a94d383e755b08b4e5890a13d148bc9f95b7149cbbeec62efb8c75a4a67\OpenJDK17U-jre_x64_windows_hotspot_17.0.13_11.zip_extracted\jdk-17.0.13+11-jre\bin\vcruntime140_1.dll
0x00007ffb46900000 - 0x00007ffb4698d000 	C:\Users\jsams\.sonar\cache\11a61a94d383e755b08b4e5890a13d148bc9f95b7149cbbeec62efb8c75a4a67\OpenJDK17U-jre_x64_windows_hotspot_17.0.13_11.zip_extracted\jdk-17.0.13+11-jre\bin\msvcp140.dll
0x00007ffb26580000 - 0x00007ffb271eb000 	C:\Users\jsams\.sonar\cache\11a61a94d383e755b08b4e5890a13d148bc9f95b7149cbbeec62efb8c75a4a67\OpenJDK17U-jre_x64_windows_hotspot_17.0.13_11.zip_extracted\jdk-17.0.13+11-jre\bin\server\jvm.dll
0x00007ffb6ce60000 - 0x00007ffb6cf11000 	C:\WINDOWS\System32\ADVAPI32.dll
0x00007ffb6c120000 - 0x00007ffb6c1bf000 	C:\WINDOWS\System32\sechost.dll
0x00007ffb6d880000 - 0x00007ffb6d9a6000 	C:\WINDOWS\System32\RPCRT4.dll
0x00007ffb6b700000 - 0x00007ffb6b727000 	C:\WINDOWS\System32\bcrypt.dll
0x00007ffb6de30000 - 0x00007ffb6de9b000 	C:\WINDOWS\System32\WS2_32.dll
0x00007ffb6ab70000 - 0x00007ffb6abbb000 	C:\WINDOWS\SYSTEM32\POWRPROF.dll
0x00007ffb61f60000 - 0x00007ffb61f87000 	C:\WINDOWS\SYSTEM32\WINMM.dll
0x00007ffb63f70000 - 0x00007ffb63f7a000 	C:\WINDOWS\SYSTEM32\VERSION.dll
0x00007ffb6a9e0000 - 0x00007ffb6a9f2000 	C:\WINDOWS\SYSTEM32\UMPDC.dll
0x00007ffb69480000 - 0x00007ffb69492000 	C:\WINDOWS\SYSTEM32\kernel.appcore.dll
0x00007ffb52150000 - 0x00007ffb5215a000 	C:\Users\jsams\.sonar\cache\11a61a94d383e755b08b4e5890a13d148bc9f95b7149cbbeec62efb8c75a4a67\OpenJDK17U-jre_x64_windows_hotspot_17.0.13_11.zip_extracted\jdk-17.0.13+11-jre\bin\jimage.dll
0x00007ffb64740000 - 0x00007ffb64941000 	C:\WINDOWS\SYSTEM32\DBGHELP.DLL
0x00007ffb5b000000 - 0x00007ffb5b034000 	C:\WINDOWS\SYSTEM32\dbgcore.DLL
0x00007ffb6bd70000 - 0x00007ffb6bdf2000 	C:\WINDOWS\System32\bcryptPrimitives.dll
0x00007ffb50020000 - 0x00007ffb50045000 	C:\Users\jsams\.sonar\cache\11a61a94d383e755b08b4e5890a13d148bc9f95b7149cbbeec62efb8c75a4a67\OpenJDK17U-jre_x64_windows_hotspot_17.0.13_11.zip_extracted\jdk-17.0.13+11-jre\bin\java.dll
0x00007ffb39640000 - 0x00007ffb39717000 	C:\Users\jsams\.sonar\cache\11a61a94d383e755b08b4e5890a13d148bc9f95b7149cbbeec62efb8c75a4a67\OpenJDK17U-jre_x64_windows_hotspot_17.0.13_11.zip_extracted\jdk-17.0.13+11-jre\bin\jsvml.dll
0x00007ffb6c6f0000 - 0x00007ffb6ce5e000 	C:\WINDOWS\System32\SHELL32.dll
0x00007ffb69680000 - 0x00007ffb69e24000 	C:\WINDOWS\SYSTEM32\windows.storage.dll
0x00007ffb6d9b0000 - 0x00007ffb6dd03000 	C:\WINDOWS\System32\combase.dll
0x00007ffb6b010000 - 0x00007ffb6b03b000 	C:\WINDOWS\SYSTEM32\Wldp.dll
0x00007ffb6c4b0000 - 0x00007ffb6c57d000 	C:\WINDOWS\System32\OLEAUT32.dll
0x00007ffb6c1e0000 - 0x00007ffb6c28d000 	C:\WINDOWS\System32\SHCORE.dll
0x00007ffb6c690000 - 0x00007ffb6c6eb000 	C:\WINDOWS\System32\shlwapi.dll
0x00007ffb6b510000 - 0x00007ffb6b534000 	C:\WINDOWS\SYSTEM32\profapi.dll
0x00007ffb4fc40000 - 0x00007ffb4fc59000 	C:\Users\jsams\.sonar\cache\11a61a94d383e755b08b4e5890a13d148bc9f95b7149cbbeec62efb8c75a4a67\OpenJDK17U-jre_x64_windows_hotspot_17.0.13_11.zip_extracted\jdk-17.0.13+11-jre\bin\net.dll
0x00007ffb643b0000 - 0x00007ffb644ba000 	C:\WINDOWS\SYSTEM32\WINHTTP.dll
0x00007ffb6ad70000 - 0x00007ffb6adda000 	C:\WINDOWS\system32\mswsock.dll
0x00007ffb4d630000 - 0x00007ffb4d646000 	C:\Users\jsams\.sonar\cache\11a61a94d383e755b08b4e5890a13d148bc9f95b7149cbbeec62efb8c75a4a67\OpenJDK17U-jre_x64_windows_hotspot_17.0.13_11.zip_extracted\jdk-17.0.13+11-jre\bin\nio.dll
0x00007ffb4d610000 - 0x00007ffb4d628000 	C:\Users\jsams\.sonar\cache\11a61a94d383e755b08b4e5890a13d148bc9f95b7149cbbeec62efb8c75a4a67\OpenJDK17U-jre_x64_windows_hotspot_17.0.13_11.zip_extracted\jdk-17.0.13+11-jre\bin\zip.dll
0x00007ffb6af70000 - 0x00007ffb6af88000 	C:\WINDOWS\SYSTEM32\CRYPTSP.dll
0x00007ffb6a620000 - 0x00007ffb6a658000 	C:\WINDOWS\system32\rsaenh.dll
0x00007ffb6b490000 - 0x00007ffb6b4be000 	C:\WINDOWS\SYSTEM32\USERENV.dll
0x00007ffb6af60000 - 0x00007ffb6af6c000 	C:\WINDOWS\SYSTEM32\CRYPTBASE.dll
0x00007ffb6aa00000 - 0x00007ffb6aa3b000 	C:\WINDOWS\SYSTEM32\IPHLPAPI.DLL
0x00007ffb6c290000 - 0x00007ffb6c298000 	C:\WINDOWS\System32\NSI.dll
0x00007ffb65470000 - 0x00007ffb65487000 	C:\WINDOWS\SYSTEM32\dhcpcsvc6.DLL
0x00007ffb65a90000 - 0x00007ffb65aad000 	C:\WINDOWS\SYSTEM32\dhcpcsvc.DLL
0x00007ffb6aa50000 - 0x00007ffb6ab1a000 	C:\WINDOWS\SYSTEM32\DNSAPI.dll
0x00007ffb51d90000 - 0x00007ffb51da0000 	C:\Users\jsams\.sonar\cache\11a61a94d383e755b08b4e5890a13d148bc9f95b7149cbbeec62efb8c75a4a67\OpenJDK17U-jre_x64_windows_hotspot_17.0.13_11.zip_extracted\jdk-17.0.13+11-jre\bin\verify.dll
0x00007ffb51d70000 - 0x00007ffb51d7e000 	C:\Users\jsams\.sonar\cache\11a61a94d383e755b08b4e5890a13d148bc9f95b7149cbbeec62efb8c75a4a67\OpenJDK17U-jre_x64_windows_hotspot_17.0.13_11.zip_extracted\jdk-17.0.13+11-jre\bin\sunmscapi.dll
0x00007ffb6b7e0000 - 0x00007ffb6b93d000 	C:\WINDOWS\System32\CRYPT32.dll
0x00007ffb6b080000 - 0x00007ffb6b0a7000 	C:\WINDOWS\SYSTEM32\ncrypt.dll
0x00007ffb6b040000 - 0x00007ffb6b07b000 	C:\WINDOWS\SYSTEM32\NTASN1.dll
0x00007ffb6b1a0000 - 0x00007ffb6b1b2000 	C:\WINDOWS\SYSTEM32\MSASN1.dll
0x00007ffb69e40000 - 0x00007ffb69e63000 	C:\WINDOWS\SYSTEM32\gpapi.dll
0x00007ffb56720000 - 0x00007ffb56751000 	C:\WINDOWS\SYSTEM32\cryptnet.dll
0x00007ffb66bc0000 - 0x00007ffb66bcb000 	C:\WINDOWS\SYSTEM32\WINNSI.DLL
0x00007ffb6b3d0000 - 0x00007ffb6b3da000 	C:\WINDOWS\SYSTEM32\DPAPI.dll
0x00007ffb5a0f0000 - 0x00007ffb5a14a000 	C:\WINDOWS\system32\ncryptprov.dll
0x0000000069420000 - 0x0000000069446000 	C:\Program Files\Bonjour\mdnsNSP.dll
0x00007ffb61f90000 - 0x00007ffb61f9a000 	C:\Windows\System32\rasadhlp.dll
0x00007ffb61d80000 - 0x00007ffb61e00000 	C:\WINDOWS\System32\fwpuclnt.dll
0x00007ffb51cb0000 - 0x00007ffb51cb9000 	C:\Users\jsams\.sonar\cache\11a61a94d383e755b08b4e5890a13d148bc9f95b7149cbbeec62efb8c75a4a67\OpenJDK17U-jre_x64_windows_hotspot_17.0.13_11.zip_extracted\jdk-17.0.13+11-jre\bin\extnet.dll
0x00007ffb5da50000 - 0x00007ffb5da57000 	C:\WINDOWS\system32\wshunix.dll

dbghelp: loaded successfully - version: 4.0.5 - missing functions: none
symbol engine: initialized successfully - sym options: 0x614 - pdb path: .;C:\Users\jsams\.sonar\cache\11a61a94d383e755b08b4e5890a13d148bc9f95b7149cbbeec62efb8c75a4a67\OpenJDK17U-jre_x64_windows_hotspot_17.0.13_11.zip_extracted\jdk-17.0.13+11-jre\bin;C:\WINDOWS\SYSTEM32;C:\WINDOWS\WinSxS\amd64_microsoft.windows.common-controls_6595b64144ccf1df_6.0.19041.5915_none_60b4b9d171f9c7c7;C:\Users\jsams\.sonar\cache\11a61a94d383e755b08b4e5890a13d148bc9f95b7149cbbeec62efb8c75a4a67\OpenJDK17U-jre_x64_windows_hotspot_17.0.13_11.zip_extracted\jdk-17.0.13+11-jre\bin\server;C:\Program Files\Bonjour

VM Arguments:
java_command: C:\Users\jsams\.sonar\cache\70ee75b3dd24c4e195caf0320e3d1311f0a75f0f3c368f35429fe8c53570d32a\sonar-scanner-engine-shaded-25.7.0.110598-all.jar
java_class_path (initial): C:\Users\jsams\.sonar\cache\70ee75b3dd24c4e195caf0320e3d1311f0a75f0f3c368f35429fe8c53570d32a\sonar-scanner-engine-shaded-25.7.0.110598-all.jar
Launcher Type: SUN_STANDARD

[Global flags]
     intx CICompilerCount                          = 3                                         {product} {ergonomic}
     uint ConcGCThreads                            = 2                                         {product} {ergonomic}
     uint G1ConcRefinementThreads                  = 6                                         {product} {ergonomic}
   size_t G1HeapRegionSize                         = 2097152                                   {product} {ergonomic}
    uintx GCDrainStackTargetSize                   = 64                                        {product} {ergonomic}
   size_t InitialHeapSize                          = 268435456                                 {product} {ergonomic}
   size_t MarkStackSize                            = 4194304                                   {product} {ergonomic}
   size_t MaxHeapSize                              = 4282384384                                {product} {ergonomic}
   size_t MaxNewSize                               = 2569011200                                {product} {ergonomic}
   size_t MinHeapDeltaBytes                        = 2097152                                   {product} {ergonomic}
   size_t MinHeapSize                              = 8388608                                   {product} {ergonomic}
    uintx NonNMethodCodeHeapSize                   = 5832780                                {pd product} {ergonomic}
    uintx NonProfiledCodeHeapSize                  = 122912730                              {pd product} {ergonomic}
    uintx ProfiledCodeHeapSize                     = 122912730                              {pd product} {ergonomic}
    uintx ReservedCodeCacheSize                    = 251658240                              {pd product} {ergonomic}
     bool SegmentedCodeCache                       = true                                      {product} {ergonomic}
   size_t SoftMaxHeapSize                          = 4282384384                             {manageable} {ergonomic}
     bool UseCompressedClassPointers               = true                           {product lp64_product} {ergonomic}
     bool UseCompressedOops                        = true                           {product lp64_product} {ergonomic}
     bool UseG1GC                                  = true                                      {product} {ergonomic}
     bool UseLargePagesIndividualAllocation        = false                                  {pd product} {ergonomic}

Logging:
Log output configuration:
 #0: stdout all=warning uptime,level,tags
 #1: stderr all=off uptime,level,tags

Environment Variables:
JAVA_HOME=D:\过盔备己沥焊\sonar-scanner-cli-6.2.1.4610-windows-x64\sonar-scanner-6.2.1.4610-windows-x64\bin\..\jre
CLASSPATH=C:\Program Files\Java\jdk-17\lib;.
PATH=C:\maven\apache-maven-3.9.10\bin;C:\Program Files (x86)\PuTTY\;C:\Program Files\nodejs\;C:\Program Files\Git\cmd;D:\过盔备己沥焊\sonar-scanner-cli-6.2.1.4610-windows-x64\sonar-scanner-6.2.1.4610-windows-x64\bin;C:\Users\jsams\AppData\Local\Programs\Python\Python313\Scripts\;C:\Users\jsams\AppData\Local\Programs\Python\Python313\;C:\Users\jsams\AppData\Local\Programs\git-cola\bin;C:\Program Files\MySQL\MySQL Shell 8.0\bin\;C:\Users\jsams\AppData\Local\Microsoft\WindowsApps;C:\Program Files\JetBrains\IntelliJ IDEA 2023.1.2\bin;C:\Windows\System32;C:\Windows;C:\Windows\System32\Wbem;C:\Windows\System32\WindowsPowerShell\v1.0\;C:\Windows\System32\OpenSSH\;C:\tools\apache-maven-3.9.10\bin;C:\Program Files\Java\jdk-17\bin;C:\Users\jsams\AppData\Local\Programs\Microsoft VS Code\bin;C:\Users\jsams\AppData\Roaming\npm;C:\Program Files\JetBrains\PyCharm 2025.1.3.1\bin;;C:\hadoop\bin;C:\Users\jsams\Downloads\windows_10_cmake_Release_Graphviz-13.1.1-win64\Graphviz-13.1.1-win64\bin;
USERNAME=jsams
TMPDIR=C:\Users\Public\Documents\ESTsoft\CreatorTemp
OS=Windows_NT
PROCESSOR_IDENTIFIER=AMD64 Family 23 Model 113 Stepping 0, AuthenticAMD
TMP=C:\Users\jsams\AppData\Local\Temp
TEMP=C:\Users\jsams\AppData\Local\Temp



Periodic native trim disabled


---------------  S Y S T E M  ---------------

OS:
 Windows 10 , 64 bit Build 19041 (10.0.19041.5915)
OS uptime: 7 days 19:47 hours

CPU: total 6 (initial active 6) (6 cores per cpu, 1 threads per core) family 23 model 113 stepping 0 microcode 0x0, cx8, cmov, fxsr, mmx, 3dnowpref, sse, sse2, sse3, ssse3, sse4a, sse4.1, sse4.2, popcnt, lzcnt, tsc, tscinvbit, avx, avx2, aes, clmul, bmi1, bmi2, adx, sha, fma, vzeroupper, clflush, clflushopt
Processor Information for all 6 processors :
  Max Mhz: 3600, Current Mhz: 3600, Mhz Limit: 3600

Memory: 4k page, system-wide physical 16335M (3275M free)
TotalPageFile size 16335M (AvailPageFile size 180M)
current process WorkingSet (physical memory assigned to process): 842M, peak: 849M
current process commit charge ("private bytes"): 889M, peak: 1547M

vm_info: OpenJDK 64-Bit Server VM (17.0.13+11) for windows-amd64 JRE (17.0.13+11), built on Oct 16 2024 00:10:08 by "admin" with MS VC++ 17.7 (VS2022)

END.
