#
# There is insufficient memory for the Java Runtime Environment to continue.
# Native memory allocation (mmap) failed to map 555745280 bytes. Error detail: G1 virtual space
# Possible reasons:
#   The system is out of physical RAM or swap space
#   This process is running with CompressedOops enabled, and the Java Heap may be blocking the growth of the native heap
# Possible solutions:
#   Reduce memory load on the system
#   Increase physical memory or swap space
#   Check if swap backing store is full
#   Decrease Java heap size (-Xmx/-Xms)
#   Decrease number of Java threads
#   Decrease Java thread stack sizes (-Xss)
#   Set larger code cache with -XX:ReservedCodeCacheSize=
#   JVM is running with Zero Based Compressed Oops mode in which the Java heap is
#     placed in the first 32GB address space. The Java Heap base address is the
#     maximum limit for the native heap growth. Please use -XX:HeapBaseMinAddress
#     to set the Java Heap base and to place the Java Heap above 32GB virtual address.
# This output file may be truncated or incomplete.
#
#  Out of Memory Error (os_windows.cpp:3614), pid=25212, tid=24732
#
# JRE version: OpenJDK Runtime Environment Temurin-17.0.13+11 (17.0.13+11) (build 17.0.13+11)
# Java VM: OpenJDK 64-Bit Server VM Temurin-17.0.13+11 (17.0.13+11, mixed mode, sharing, tiered, compressed oops, compressed class ptrs, g1 gc, windows-amd64)
# No core dump will be written. Minidumps are not enabled by default on client versions of Windows
#

---------------  S U M M A R Y ------------

Command Line: C:\Users\jsams\.sonar\cache\70ee75b3dd24c4e195caf0320e3d1311f0a75f0f3c368f35429fe8c53570d32a\sonar-scanner-engine-shaded-25.7.0.110598-all.jar

Host: AMD Ryzen 5 3500 6-Core Processor              , 6 cores, 15G,  Windows 10 , 64 bit Build 19041 (10.0.19041.5915)
Time: Sun Aug  3 22:37:39 2025  Windows 10 , 64 bit Build 19041 (10.0.19041.5915) elapsed time: 23.696502 seconds (0d 0h 0m 23s)

---------------  T H R E A D  ---------------

Current thread (0x000002294b0e82f0):  VMThread "VM Thread" [stack: 0x0000007526400000,0x0000007526500000] [id=24732]

Stack: [0x0000007526400000,0x0000007526500000]
Native frames: (J=compiled Java code, j=interpreted, Vv=VM code, C=native code)
V  [jvm.dll+0x682a19]
V  [jvm.dll+0x839538]
V  [jvm.dll+0x83afe3]
V  [jvm.dll+0x83b653]
V  [jvm.dll+0x24704f]
V  [jvm.dll+0x67f809]
V  [jvm.dll+0x6746fa]
V  [jvm.dll+0x304a96]
V  [jvm.dll+0x30bf56]
V  [jvm.dll+0x35da5e]
V  [jvm.dll+0x35dc9d]
V  [jvm.dll+0x2dbe5c]
V  [jvm.dll+0x2da1ff]
V  [jvm.dll+0x2d996c]
V  [jvm.dll+0x31d14b]
V  [jvm.dll+0x83fe8d]
V  [jvm.dll+0x840bc3]
V  [jvm.dll+0x8410ef]
V  [jvm.dll+0x8414d4]
V  [jvm.dll+0x84159e]
V  [jvm.dll+0x7e8ffc]
V  [jvm.dll+0x6818f7]
C  [ucrtbase.dll+0x21bb2]
C  [KERNEL32.DLL+0x17374]
C  [ntdll.dll+0x4cc91]

VM_Operation (0x0000007525efccd0): G1CollectForAllocation, mode: safepoint, requested by thread 0x000002292aff08f0


---------------  P R O C E S S  ---------------

Threads class SMR info:
_java_thread_list=0x0000022995129340, length=21, elements={
0x000002292aff08f0, 0x000002294b0ee690, 0x000002294b0f1430, 0x000002294b1a5c40,
0x000002294b1a6510, 0x000002294b1a7df0, 0x000002294b1ab410, 0x000002294b1b0bf0,
0x000002294b1b9510, 0x000002294b1cbe10, 0x000002294b2c5a80, 0x000002294b2c6dd0,
0x000002294b954510, 0x000002294b954a20, 0x000002294b954f30, 0x000002294b955950,
0x000002294b956d90, 0x000002294b955440, 0x000002294b9572a0, 0x000002294b955e60,
0x0000022992903810
}

Java Threads: ( => current thread )
  0x000002292aff08f0 JavaThread "main" [_thread_blocked, id=24584, stack(0x0000007525e00000,0x0000007525f00000)]
  0x000002294b0ee690 JavaThread "Reference Handler" daemon [_thread_blocked, id=24744, stack(0x0000007526500000,0x0000007526600000)]
  0x000002294b0f1430 JavaThread "Finalizer" daemon [_thread_blocked, id=24712, stack(0x0000007526600000,0x0000007526700000)]
  0x000002294b1a5c40 JavaThread "Signal Dispatcher" daemon [_thread_blocked, id=24800, stack(0x0000007526700000,0x0000007526800000)]
  0x000002294b1a6510 JavaThread "Attach Listener" daemon [_thread_blocked, id=24784, stack(0x0000007526800000,0x0000007526900000)]
  0x000002294b1a7df0 JavaThread "Service Thread" daemon [_thread_blocked, id=24804, stack(0x0000007526900000,0x0000007526a00000)]
  0x000002294b1ab410 JavaThread "Monitor Deflation Thread" daemon [_thread_blocked, id=24868, stack(0x0000007526a00000,0x0000007526b00000)]
  0x000002294b1b0bf0 JavaThread "C2 CompilerThread0" daemon [_thread_blocked, id=24856, stack(0x0000007526b00000,0x0000007526c00000)]
  0x000002294b1b9510 JavaThread "C1 CompilerThread0" daemon [_thread_blocked, id=24884, stack(0x0000007526c00000,0x0000007526d00000)]
  0x000002294b1cbe10 JavaThread "Sweeper thread" daemon [_thread_blocked, id=24896, stack(0x0000007526d00000,0x0000007526e00000)]
  0x000002294b2c5a80 JavaThread "Notification Thread" daemon [_thread_blocked, id=24888, stack(0x0000007526e00000,0x0000007526f00000)]
  0x000002294b2c6dd0 JavaThread "Common-Cleaner" daemon [_thread_blocked, id=24900, stack(0x0000007527000000,0x0000007527100000)]
  0x000002294b954510 JavaThread "OkHttp TaskRunner" daemon [_thread_blocked, id=25756, stack(0x0000007527b00000,0x0000007527c00000)]
  0x000002294b954a20 JavaThread "Okio Watchdog" daemon [_thread_blocked, id=24768, stack(0x0000007527c00000,0x0000007527d00000)]
  0x000002294b954f30 JavaThread "JGit-WorkQueue" daemon [_thread_blocked, id=24956, stack(0x0000007527900000,0x0000007527a00000)]
  0x000002294b955950 JavaThread "HttpClient-1-SelectorManager" daemon [_thread_in_native, id=25700, stack(0x0000007527e00000,0x0000007527f00000)]
  0x000002294b956d90 JavaThread "ForkJoinPool.commonPool-worker-1" daemon [_thread_blocked, id=26512, stack(0x0000007528300000,0x0000007528400000)]
  0x000002294b955440 JavaThread "ForkJoinPool.commonPool-worker-2" daemon [_thread_blocked, id=26484, stack(0x0000007528400000,0x0000007528500000)]
  0x000002294b9572a0 JavaThread "ForkJoinPool.commonPool-worker-3" daemon [_thread_blocked, id=18752, stack(0x0000007528500000,0x0000007528600000)]
  0x000002294b955e60 JavaThread "ForkJoinPool.commonPool-worker-4" daemon [_thread_blocked, id=18048, stack(0x0000007528600000,0x0000007528700000)]
  0x0000022992903810 JavaThread "ForkJoinPool.commonPool-worker-5" daemon [_thread_blocked, id=7848, stack(0x0000007528700000,0x0000007528800000)]

Other Threads:
=>0x000002294b0e82f0 VMThread "VM Thread" [stack: 0x0000007526400000,0x0000007526500000] [id=24732]
  0x000002294b2c6570 WatcherThread [stack: 0x0000007526f00000,0x0000007527000000] [id=24892]
  0x000002292b05b660 GCTaskThread "GC Thread#0" [stack: 0x0000007525f00000,0x0000007526000000] [id=24708]
  0x000002294b6ead20 GCTaskThread "GC Thread#1" [stack: 0x0000007527200000,0x0000007527300000] [id=24740]
  0x000002294b5d7fe0 GCTaskThread "GC Thread#2" [stack: 0x0000007527300000,0x0000007527400000] [id=25744]
  0x000002294b5d82a0 GCTaskThread "GC Thread#3" [stack: 0x0000007527400000,0x0000007527500000] [id=25500]
  0x000002294b5d8560 GCTaskThread "GC Thread#4" [stack: 0x0000007527500000,0x0000007527600000] [id=25752]
  0x000002294b759880 GCTaskThread "GC Thread#5" [stack: 0x0000007527600000,0x0000007527700000] [id=25740]
  0x000002292b06c400 ConcurrentGCThread "G1 Main Marker" [stack: 0x0000007526000000,0x0000007526100000] [id=20716]
  0x000002292b06d4d0 ConcurrentGCThread "G1 Conc#0" [stack: 0x0000007526100000,0x0000007526200000] [id=24652]
  0x00000229918c9d60 ConcurrentGCThread "G1 Conc#1" [stack: 0x0000007527d00000,0x0000007527e00000] [id=24596]
  0x000002292b0a6520 ConcurrentGCThread "G1 Refine#0" [stack: 0x0000007526200000,0x0000007526300000] [id=24664]
  0x0000022992308310 ConcurrentGCThread "G1 Refine#1" [stack: 0x0000007528000000,0x0000007528100000] [id=20320]
  0x00000229923094b0 ConcurrentGCThread "G1 Refine#2" [stack: 0x0000007528100000,0x0000007528200000] [id=25184]
  0x0000022992308ed0 ConcurrentGCThread "G1 Refine#3" [stack: 0x0000007527f00000,0x0000007528000000] [id=25484]
  0x000002299324d9d0 ConcurrentGCThread "G1 Refine#4" [stack: 0x0000007528e00000,0x0000007528f00000] [id=21980]
  0x000002299324fa20 ConcurrentGCThread "G1 Refine#5" [stack: 0x0000007528f00000,0x0000007529000000] [id=25688]
  0x000002292b0a6e60 ConcurrentGCThread "G1 Service" [stack: 0x0000007526300000,0x0000007526400000] [id=25932]

Threads with active compile tasks:

VM state: at safepoint (normal execution)

VM Mutex/Monitor currently owned by a thread:  ([mutex/lock_event])
[0x000002292afecb70] Threads_lock - owner thread: 0x000002294b0e82f0
[0x000002292afec540] Heap_lock - owner thread: 0x000002292aff08f0

Heap address: 0x0000000700c00000, size: 4084 MB, Compressed Oops mode: Zero based, Oop shift amount: 3

CDS archive(s) mapped at: [0x000002294c000000-0x000002294ca50000-0x000002294ca50000), size 10813440, SharedBaseAddress: 0x000002294c000000, ArchiveRelocationMode: 1.
Compressed class space mapped at: 0x000002294d000000-0x000002298d000000, reserved size: 1073741824
Narrow klass base: 0x000002294c000000, Narrow klass shift: 0, Narrow klass range: 0x100000000

GC Precious Log:
 CPUs: 6 total, 6 available
 Memory: 16335M
 Large Page Support: Disabled
 NUMA Support: Disabled
 Compressed Oops: Enabled (Zero based)
 Heap Region Size: 2M
 Heap Min Capacity: 8M
 Heap Initial Capacity: 256M
 Heap Max Capacity: 4084M
 Pre-touch: Disabled
 Parallel Workers: 6
 Concurrent Workers: 2
 Concurrent Refinement Workers: 6
 Periodic GC: Disabled

Heap:
 garbage-first heap   total 473088K, used 122731K [0x0000000700c00000, 0x0000000800000000)
  region size 2048K, 3 young (6144K), 3 survivors (6144K)
 Metaspace       used 54904K, committed 55680K, reserved 1114112K
  class space    used 7318K, committed 7744K, reserved 1048576K

Heap Regions: E=young(eden), S=young(survivor), O=old, HS=humongous(starts), HC=humongous(continues), CS=collection set, F=free, OA=open archive, CA=closed archive, TAMS=top-at-mark-start (previous, next)
|   0|0x0000000700c00000, 0x0000000700e00000, 0x0000000700e00000|100%| O|  |TAMS 0x0000000700e00000, 0x0000000700c00000| Untracked 
|   1|0x0000000700e00000, 0x0000000701000000, 0x0000000701000000|100%| O|  |TAMS 0x0000000701000000, 0x0000000700e00000| Untracked 
|   2|0x0000000701000000, 0x0000000701200000, 0x0000000701200000|100%|HS|  |TAMS 0x0000000701200000, 0x0000000701000000| Complete 
|   3|0x0000000701200000, 0x0000000701400000, 0x0000000701400000|100%|HC|  |TAMS 0x0000000701400000, 0x0000000701200000| Complete 
|   4|0x0000000701400000, 0x0000000701600000, 0x0000000701600000|100%| O|  |TAMS 0x0000000701600000, 0x0000000701400000| Untracked 
|   5|0x0000000701600000, 0x0000000701800000, 0x0000000701800000|100%| O|  |TAMS 0x0000000701800000, 0x0000000701600000| Untracked 
|   6|0x0000000701800000, 0x0000000701a00000, 0x0000000701a00000|100%| O|  |TAMS 0x0000000701a00000, 0x0000000701800000| Untracked 
|   7|0x0000000701a00000, 0x0000000701c00000, 0x0000000701c00000|100%| O|  |TAMS 0x0000000701c00000, 0x0000000701a00000| Untracked 
|   8|0x0000000701c00000, 0x0000000701e00000, 0x0000000701e00000|100%| O|  |TAMS 0x0000000701e00000, 0x0000000701c00000| Untracked 
|   9|0x0000000701e00000, 0x0000000702000000, 0x0000000702000000|100%|HS|  |TAMS 0x0000000702000000, 0x0000000701e00000| Complete 
|  10|0x0000000702000000, 0x0000000702200000, 0x0000000702200000|100%| O|  |TAMS 0x0000000702200000, 0x0000000702000000| Untracked 
|  11|0x0000000702200000, 0x0000000702400000, 0x0000000702400000|100%| O|  |TAMS 0x0000000702400000, 0x0000000702200000| Untracked 
|  12|0x0000000702400000, 0x0000000702600000, 0x0000000702600000|100%| O|  |TAMS 0x0000000702600000, 0x0000000702400000| Untracked 
|  13|0x0000000702600000, 0x0000000702800000, 0x0000000702800000|100%| O|  |TAMS 0x0000000702800000, 0x0000000702600000| Untracked 
|  14|0x0000000702800000, 0x0000000702a00000, 0x0000000702a00000|100%| O|  |TAMS 0x0000000702a00000, 0x0000000702800000| Untracked 
|  15|0x0000000702a00000, 0x0000000702c00000, 0x0000000702c00000|100%| O|  |TAMS 0x0000000702a00000, 0x0000000702a00000| Untracked 
|  16|0x0000000702c00000, 0x0000000702e00000, 0x0000000702e00000|100%| O|  |TAMS 0x0000000702c00000, 0x0000000702c00000| Untracked 
|  17|0x0000000702e00000, 0x0000000703000000, 0x0000000703000000|100%| O|  |TAMS 0x0000000703000000, 0x0000000702e00000| Untracked 
|  18|0x0000000703000000, 0x0000000703200000, 0x0000000703200000|100%| O|  |TAMS 0x0000000703200000, 0x0000000703000000| Untracked 
|  19|0x0000000703200000, 0x0000000703400000, 0x0000000703400000|100%| O|  |TAMS 0x0000000703200000, 0x0000000703200000| Untracked 
|  20|0x0000000703400000, 0x0000000703600000, 0x0000000703600000|100%| O|  |TAMS 0x0000000703600000, 0x0000000703400000| Untracked 
|  21|0x0000000703600000, 0x0000000703800000, 0x0000000703800000|100%| O|  |TAMS 0x0000000703600000, 0x0000000703600000| Untracked 
|  22|0x0000000703800000, 0x0000000703a00000, 0x0000000703a00000|100%| O|  |TAMS 0x0000000703a00000, 0x0000000703800000| Untracked 
|  23|0x0000000703a00000, 0x0000000703c00000, 0x0000000703c00000|100%| O|  |TAMS 0x0000000703a00000, 0x0000000703a00000| Untracked 
|  24|0x0000000703c00000, 0x0000000703e00000, 0x0000000703e00000|100%| O|  |TAMS 0x0000000703c00000, 0x0000000703c00000| Untracked 
|  25|0x0000000703e00000, 0x0000000704000000, 0x0000000704000000|100%| O|  |TAMS 0x0000000703e00000, 0x0000000703e00000| Untracked 
|  26|0x0000000704000000, 0x0000000704200000, 0x0000000704200000|100%| O|  |TAMS 0x0000000704000000, 0x0000000704000000| Untracked 
|  27|0x0000000704200000, 0x0000000704400000, 0x0000000704400000|100%| O|  |TAMS 0x0000000704200000, 0x0000000704200000| Untracked 
|  28|0x0000000704400000, 0x0000000704600000, 0x0000000704600000|100%| O|  |TAMS 0x0000000704600000, 0x0000000704400000| Untracked 
|  29|0x0000000704600000, 0x0000000704800000, 0x0000000704800000|100%| O|  |TAMS 0x0000000704800000, 0x0000000704600000| Untracked 
|  30|0x0000000704800000, 0x0000000704a00000, 0x0000000704a00000|100%| O|  |TAMS 0x0000000704a00000, 0x0000000704800000| Untracked 
|  31|0x0000000704a00000, 0x0000000704c00000, 0x0000000704c00000|100%| O|  |TAMS 0x0000000704a00000, 0x0000000704a00000| Untracked 
|  32|0x0000000704c00000, 0x0000000704e00000, 0x0000000704e00000|100%| O|  |TAMS 0x0000000704c00000, 0x0000000704c00000| Untracked 
|  33|0x0000000704e00000, 0x0000000705000000, 0x0000000705000000|100%| O|  |TAMS 0x0000000704e00000, 0x0000000704e00000| Untracked 
|  34|0x0000000705000000, 0x0000000705200000, 0x0000000705200000|100%| O|  |TAMS 0x0000000705000000, 0x0000000705000000| Untracked 
|  35|0x0000000705200000, 0x0000000705400000, 0x0000000705400000|100%| O|  |TAMS 0x0000000705200000, 0x0000000705200000| Untracked 
|  36|0x0000000705400000, 0x0000000705600000, 0x0000000705600000|100%| O|  |TAMS 0x0000000705400000, 0x0000000705400000| Untracked 
|  37|0x0000000705600000, 0x0000000705800000, 0x0000000705800000|100%| O|  |TAMS 0x0000000705600000, 0x0000000705600000| Untracked 
|  38|0x0000000705800000, 0x0000000705a00000, 0x0000000705a00000|100%| O|  |TAMS 0x0000000705800000, 0x0000000705800000| Untracked 
|  39|0x0000000705a00000, 0x0000000705c00000, 0x0000000705c00000|100%| O|  |TAMS 0x0000000705a00000, 0x0000000705a00000| Untracked 
|  40|0x0000000705c00000, 0x0000000705e00000, 0x0000000705e00000|100%| O|  |TAMS 0x0000000705c00000, 0x0000000705c00000| Untracked 
|  41|0x0000000705e00000, 0x0000000706000000, 0x0000000706000000|100%| O|  |TAMS 0x0000000705e00000, 0x0000000705e00000| Untracked 
|  42|0x0000000706000000, 0x0000000706200000, 0x0000000706200000|100%| O|  |TAMS 0x0000000706000000, 0x0000000706000000| Untracked 
|  43|0x0000000706200000, 0x0000000706400000, 0x0000000706400000|100%| O|  |TAMS 0x0000000706200000, 0x0000000706200000| Untracked 
|  44|0x0000000706400000, 0x0000000706600000, 0x0000000706600000|100%| O|  |TAMS 0x0000000706400000, 0x0000000706400000| Untracked 
|  45|0x0000000706600000, 0x0000000706800000, 0x0000000706800000|100%| O|  |TAMS 0x0000000706600000, 0x0000000706600000| Untracked 
|  46|0x0000000706800000, 0x0000000706a00000, 0x0000000706a00000|100%| O|  |TAMS 0x0000000706800000, 0x0000000706800000| Untracked 
|  47|0x0000000706a00000, 0x0000000706c00000, 0x0000000706c00000|100%| O|  |TAMS 0x0000000706a00000, 0x0000000706a00000| Untracked 
|  48|0x0000000706c00000, 0x0000000706e00000, 0x0000000706e00000|100%| O|  |TAMS 0x0000000706c00000, 0x0000000706c00000| Untracked 
|  49|0x0000000706e00000, 0x0000000707000000, 0x0000000707000000|100%| O|  |TAMS 0x0000000706e00000, 0x0000000706e00000| Untracked 
|  50|0x0000000707000000, 0x0000000707200000, 0x0000000707200000|100%| O|  |TAMS 0x0000000707000000, 0x0000000707000000| Untracked 
|  51|0x0000000707200000, 0x0000000707400000, 0x0000000707400000|100%| O|  |TAMS 0x0000000707200000, 0x0000000707200000| Untracked 
|  52|0x0000000707400000, 0x0000000707600000, 0x0000000707600000|100%| O|  |TAMS 0x0000000707400000, 0x0000000707400000| Untracked 
|  53|0x0000000707600000, 0x0000000707800000, 0x0000000707800000|100%| O|  |TAMS 0x0000000707600000, 0x0000000707600000| Untracked 
|  54|0x0000000707800000, 0x0000000707a00000, 0x0000000707a00000|100%| O|  |TAMS 0x0000000707800000, 0x0000000707800000| Untracked 
|  55|0x0000000707a00000, 0x0000000707c00000, 0x0000000707c00000|100%| O|  |TAMS 0x0000000707a00000, 0x0000000707a00000| Untracked 
|  56|0x0000000707c00000, 0x0000000707e00000, 0x0000000707e00000|100%| O|  |TAMS 0x0000000707c00000, 0x0000000707c00000| Untracked 
|  57|0x0000000707e00000, 0x0000000707e00000, 0x0000000708000000|  0%| F|  |TAMS 0x0000000707e00000, 0x0000000707e00000| Untracked 
|  58|0x0000000708000000, 0x0000000708000000, 0x0000000708200000|  0%| F|  |TAMS 0x0000000708000000, 0x0000000708000000| Untracked 
|  59|0x0000000708200000, 0x0000000708200000, 0x0000000708400000|  0%| F|  |TAMS 0x0000000708200000, 0x0000000708200000| Untracked 
|  60|0x0000000708400000, 0x0000000708400000, 0x0000000708600000|  0%| F|  |TAMS 0x0000000708400000, 0x0000000708400000| Untracked 
|  61|0x0000000708600000, 0x0000000708600000, 0x0000000708800000|  0%| F|  |TAMS 0x0000000708600000, 0x0000000708600000| Untracked 
|  62|0x0000000708800000, 0x0000000708800000, 0x0000000708a00000|  0%| F|  |TAMS 0x0000000708800000, 0x0000000708800000| Untracked 
|  63|0x0000000708a00000, 0x0000000708a00000, 0x0000000708c00000|  0%| F|  |TAMS 0x0000000708a00000, 0x0000000708a00000| Untracked 
|  64|0x0000000708c00000, 0x0000000708c00000, 0x0000000708e00000|  0%| F|  |TAMS 0x0000000708c00000, 0x0000000708c00000| Untracked 
|  65|0x0000000708e00000, 0x0000000708e00000, 0x0000000709000000|  0%| F|  |TAMS 0x0000000708e00000, 0x0000000708e00000| Untracked 
|  66|0x0000000709000000, 0x0000000709000000, 0x0000000709200000|  0%| F|  |TAMS 0x0000000709000000, 0x0000000709000000| Untracked 
|  67|0x0000000709200000, 0x0000000709200000, 0x0000000709400000|  0%| F|  |TAMS 0x0000000709200000, 0x0000000709200000| Untracked 
|  68|0x0000000709400000, 0x0000000709400000, 0x0000000709600000|  0%| F|  |TAMS 0x0000000709400000, 0x0000000709400000| Untracked 
|  69|0x0000000709600000, 0x0000000709600000, 0x0000000709800000|  0%| F|  |TAMS 0x0000000709600000, 0x0000000709600000| Untracked 
|  70|0x0000000709800000, 0x0000000709800000, 0x0000000709a00000|  0%| F|  |TAMS 0x0000000709800000, 0x0000000709800000| Untracked 
|  71|0x0000000709a00000, 0x0000000709a00000, 0x0000000709c00000|  0%| F|  |TAMS 0x0000000709a00000, 0x0000000709a00000| Untracked 
|  72|0x0000000709c00000, 0x0000000709c00000, 0x0000000709e00000|  0%| F|  |TAMS 0x0000000709c00000, 0x0000000709c00000| Untracked 
|  73|0x0000000709e00000, 0x0000000709e00000, 0x000000070a000000|  0%| F|  |TAMS 0x0000000709e00000, 0x0000000709e00000| Untracked 
|  74|0x000000070a000000, 0x000000070a000000, 0x000000070a200000|  0%| F|  |TAMS 0x000000070a000000, 0x000000070a000000| Untracked 
|  75|0x000000070a200000, 0x000000070a200000, 0x000000070a400000|  0%| F|  |TAMS 0x000000070a200000, 0x000000070a200000| Untracked 
|  76|0x000000070a400000, 0x000000070a400000, 0x000000070a600000|  0%| F|  |TAMS 0x000000070a400000, 0x000000070a400000| Untracked 
|  77|0x000000070a600000, 0x000000070a600000, 0x000000070a800000|  0%| F|  |TAMS 0x000000070a600000, 0x000000070a600000| Untracked 
|  78|0x000000070a800000, 0x000000070a800000, 0x000000070aa00000|  0%| F|  |TAMS 0x000000070a800000, 0x000000070a800000| Untracked 
|  79|0x000000070aa00000, 0x000000070aa00000, 0x000000070ac00000|  0%| F|  |TAMS 0x000000070aa00000, 0x000000070aa00000| Untracked 
|  80|0x000000070ac00000, 0x000000070ac00000, 0x000000070ae00000|  0%| F|  |TAMS 0x000000070ac00000, 0x000000070ac00000| Untracked 
|  81|0x000000070ae00000, 0x000000070ae00000, 0x000000070b000000|  0%| F|  |TAMS 0x000000070ae00000, 0x000000070ae00000| Untracked 
|  82|0x000000070b000000, 0x000000070b000000, 0x000000070b200000|  0%| F|  |TAMS 0x000000070b000000, 0x000000070b000000| Untracked 
|  83|0x000000070b200000, 0x000000070b200000, 0x000000070b400000|  0%| F|  |TAMS 0x000000070b200000, 0x000000070b200000| Untracked 
|  84|0x000000070b400000, 0x000000070b400000, 0x000000070b600000|  0%| F|  |TAMS 0x000000070b400000, 0x000000070b400000| Untracked 
|  85|0x000000070b600000, 0x000000070b600000, 0x000000070b800000|  0%| F|  |TAMS 0x000000070b600000, 0x000000070b600000| Untracked 
|  86|0x000000070b800000, 0x000000070b800000, 0x000000070ba00000|  0%| F|  |TAMS 0x000000070b800000, 0x000000070b800000| Untracked 
|  87|0x000000070ba00000, 0x000000070ba00000, 0x000000070bc00000|  0%| F|  |TAMS 0x000000070ba00000, 0x000000070ba00000| Untracked 
|  88|0x000000070bc00000, 0x000000070bc00000, 0x000000070be00000|  0%| F|  |TAMS 0x000000070bc00000, 0x000000070bc00000| Untracked 
|  89|0x000000070be00000, 0x000000070be00000, 0x000000070c000000|  0%| F|  |TAMS 0x000000070be00000, 0x000000070be00000| Untracked 
|  90|0x000000070c000000, 0x000000070c000000, 0x000000070c200000|  0%| F|  |TAMS 0x000000070c000000, 0x000000070c000000| Untracked 
|  91|0x000000070c200000, 0x000000070c200000, 0x000000070c400000|  0%| F|  |TAMS 0x000000070c200000, 0x000000070c200000| Untracked 
|  92|0x000000070c400000, 0x000000070c400000, 0x000000070c600000|  0%| F|  |TAMS 0x000000070c400000, 0x000000070c400000| Untracked 
|  93|0x000000070c600000, 0x000000070c600000, 0x000000070c800000|  0%| F|  |TAMS 0x000000070c600000, 0x000000070c600000| Untracked 
|  94|0x000000070c800000, 0x000000070c800000, 0x000000070ca00000|  0%| F|  |TAMS 0x000000070c800000, 0x000000070c800000| Untracked 
|  95|0x000000070ca00000, 0x000000070ca00000, 0x000000070cc00000|  0%| F|  |TAMS 0x000000070ca00000, 0x000000070ca00000| Untracked 
|  96|0x000000070cc00000, 0x000000070cc00000, 0x000000070ce00000|  0%| F|  |TAMS 0x000000070cc00000, 0x000000070cc00000| Untracked 
|  97|0x000000070ce00000, 0x000000070ce00000, 0x000000070d000000|  0%| F|  |TAMS 0x000000070ce00000, 0x000000070ce00000| Untracked 
|  98|0x000000070d000000, 0x000000070d000000, 0x000000070d200000|  0%| F|  |TAMS 0x000000070d000000, 0x000000070d000000| Untracked 
|  99|0x000000070d200000, 0x000000070d200000, 0x000000070d400000|  0%| F|  |TAMS 0x000000070d200000, 0x000000070d200000| Untracked 
| 100|0x000000070d400000, 0x000000070d400000, 0x000000070d600000|  0%| F|  |TAMS 0x000000070d400000, 0x000000070d400000| Untracked 
| 101|0x000000070d600000, 0x000000070d600000, 0x000000070d800000|  0%| F|  |TAMS 0x000000070d600000, 0x000000070d600000| Untracked 
| 102|0x000000070d800000, 0x000000070d800000, 0x000000070da00000|  0%| F|  |TAMS 0x000000070d800000, 0x000000070d800000| Untracked 
| 103|0x000000070da00000, 0x000000070da00000, 0x000000070dc00000|  0%| F|  |TAMS 0x000000070da00000, 0x000000070da00000| Untracked 
| 104|0x000000070dc00000, 0x000000070dc00000, 0x000000070de00000|  0%| F|  |TAMS 0x000000070dc00000, 0x000000070dc00000| Untracked 
| 105|0x000000070de00000, 0x000000070de00000, 0x000000070e000000|  0%| F|  |TAMS 0x000000070de00000, 0x000000070de00000| Untracked 
| 106|0x000000070e000000, 0x000000070e000000, 0x000000070e200000|  0%| F|  |TAMS 0x000000070e000000, 0x000000070e000000| Untracked 
| 107|0x000000070e200000, 0x000000070e200000, 0x000000070e400000|  0%| F|  |TAMS 0x000000070e200000, 0x000000070e200000| Untracked 
| 108|0x000000070e400000, 0x000000070e400000, 0x000000070e600000|  0%| F|  |TAMS 0x000000070e400000, 0x000000070e400000| Untracked 
| 109|0x000000070e600000, 0x000000070e600000, 0x000000070e800000|  0%| F|  |TAMS 0x000000070e600000, 0x000000070e600000| Untracked 
| 110|0x000000070e800000, 0x000000070e800000, 0x000000070ea00000|  0%| F|  |TAMS 0x000000070e800000, 0x000000070e800000| Untracked 
| 111|0x000000070ea00000, 0x000000070ea00000, 0x000000070ec00000|  0%| F|  |TAMS 0x000000070ea00000, 0x000000070ea00000| Untracked 
| 112|0x000000070ec00000, 0x000000070ec00000, 0x000000070ee00000|  0%| F|  |TAMS 0x000000070ec00000, 0x000000070ec00000| Untracked 
| 113|0x000000070ee00000, 0x000000070ee00000, 0x000000070f000000|  0%| F|  |TAMS 0x000000070ee00000, 0x000000070ee00000| Untracked 
| 114|0x000000070f000000, 0x000000070f1dafd8, 0x000000070f200000| 92%| S|CS|TAMS 0x000000070f000000, 0x000000070f000000| Complete 
| 115|0x000000070f200000, 0x000000070f400000, 0x000000070f400000|100%| S|CS|TAMS 0x000000070f200000, 0x000000070f200000| Complete 
| 116|0x000000070f400000, 0x000000070f600000, 0x000000070f600000|100%| S|CS|TAMS 0x000000070f400000, 0x000000070f400000| Complete 
| 117|0x000000070f600000, 0x000000070f600000, 0x000000070f800000|  0%| F|  |TAMS 0x000000070f600000, 0x000000070f600000| Untracked 
| 118|0x000000070f800000, 0x000000070f800000, 0x000000070fa00000|  0%| F|  |TAMS 0x000000070f800000, 0x000000070f800000| Untracked 
| 119|0x000000070fa00000, 0x000000070fa00000, 0x000000070fc00000|  0%| F|  |TAMS 0x000000070fa00000, 0x000000070fa00000| Untracked 
| 120|0x000000070fc00000, 0x000000070fc00000, 0x000000070fe00000|  0%| F|  |TAMS 0x000000070fc00000, 0x000000070fc00000| Untracked 
| 121|0x000000070fe00000, 0x000000070fe00000, 0x0000000710000000|  0%| F|  |TAMS 0x000000070fe00000, 0x000000070fe00000| Untracked 
| 122|0x0000000710000000, 0x0000000710000000, 0x0000000710200000|  0%| F|  |TAMS 0x0000000710000000, 0x0000000710000000| Untracked 
| 123|0x0000000710200000, 0x0000000710200000, 0x0000000710400000|  0%| F|  |TAMS 0x0000000710200000, 0x0000000710200000| Untracked 
| 124|0x0000000710400000, 0x0000000710400000, 0x0000000710600000|  0%| F|  |TAMS 0x0000000710400000, 0x0000000710400000| Untracked 
| 125|0x0000000710600000, 0x0000000710600000, 0x0000000710800000|  0%| F|  |TAMS 0x0000000710600000, 0x0000000710600000| Untracked 
| 126|0x0000000710800000, 0x0000000710800000, 0x0000000710a00000|  0%| F|  |TAMS 0x0000000710800000, 0x0000000710800000| Untracked 
| 127|0x0000000710a00000, 0x0000000710a00000, 0x0000000710c00000|  0%| F|  |TAMS 0x0000000710a00000, 0x0000000710a00000| Untracked 
| 128|0x0000000710c00000, 0x0000000710c00000, 0x0000000710e00000|  0%| F|  |TAMS 0x0000000710c00000, 0x0000000710c00000| Untracked 
| 129|0x0000000710e00000, 0x0000000710e00000, 0x0000000711000000|  0%| F|  |TAMS 0x0000000710e00000, 0x0000000710e00000| Untracked 
| 130|0x0000000711000000, 0x0000000711000000, 0x0000000711200000|  0%| F|  |TAMS 0x0000000711000000, 0x0000000711000000| Untracked 
| 131|0x0000000711200000, 0x0000000711200000, 0x0000000711400000|  0%| F|  |TAMS 0x0000000711200000, 0x0000000711200000| Untracked 
| 132|0x0000000711400000, 0x0000000711400000, 0x0000000711600000|  0%| F|  |TAMS 0x0000000711400000, 0x0000000711400000| Untracked 
| 133|0x0000000711600000, 0x0000000711600000, 0x0000000711800000|  0%| F|  |TAMS 0x0000000711600000, 0x0000000711600000| Untracked 
| 134|0x0000000711800000, 0x0000000711800000, 0x0000000711a00000|  0%| F|  |TAMS 0x0000000711800000, 0x0000000711800000| Untracked 
| 135|0x0000000711a00000, 0x0000000711a00000, 0x0000000711c00000|  0%| F|  |TAMS 0x0000000711a00000, 0x0000000711a00000| Untracked 
| 136|0x0000000711c00000, 0x0000000711c00000, 0x0000000711e00000|  0%| F|  |TAMS 0x0000000711c00000, 0x0000000711c00000| Untracked 
| 137|0x0000000711e00000, 0x0000000711e00000, 0x0000000712000000|  0%| F|  |TAMS 0x0000000711e00000, 0x0000000711e00000| Untracked 
| 138|0x0000000712000000, 0x0000000712000000, 0x0000000712200000|  0%| F|  |TAMS 0x0000000712000000, 0x0000000712000000| Untracked 
| 139|0x0000000712200000, 0x0000000712200000, 0x0000000712400000|  0%| F|  |TAMS 0x0000000712200000, 0x0000000712200000| Untracked 
| 140|0x0000000712400000, 0x0000000712400000, 0x0000000712600000|  0%| F|  |TAMS 0x0000000712400000, 0x0000000712400000| Untracked 
| 141|0x0000000712600000, 0x0000000712600000, 0x0000000712800000|  0%| F|  |TAMS 0x0000000712600000, 0x0000000712600000| Untracked 
| 142|0x0000000712800000, 0x0000000712800000, 0x0000000712a00000|  0%| F|  |TAMS 0x0000000712800000, 0x0000000712800000| Untracked 
| 143|0x0000000712a00000, 0x0000000712a00000, 0x0000000712c00000|  0%| F|  |TAMS 0x0000000712a00000, 0x0000000712a00000| Untracked 
| 144|0x0000000712c00000, 0x0000000712c00000, 0x0000000712e00000|  0%| F|  |TAMS 0x0000000712c00000, 0x0000000712c00000| Untracked 
| 145|0x0000000712e00000, 0x0000000712e00000, 0x0000000713000000|  0%| F|  |TAMS 0x0000000712e00000, 0x0000000712e00000| Untracked 
| 146|0x0000000713000000, 0x0000000713000000, 0x0000000713200000|  0%| F|  |TAMS 0x0000000713000000, 0x0000000713000000| Untracked 
| 147|0x0000000713200000, 0x0000000713200000, 0x0000000713400000|  0%| F|  |TAMS 0x0000000713200000, 0x0000000713200000| Untracked 
| 148|0x0000000713400000, 0x0000000713400000, 0x0000000713600000|  0%| F|  |TAMS 0x0000000713400000, 0x0000000713400000| Untracked 
| 149|0x0000000713600000, 0x0000000713600000, 0x0000000713800000|  0%| F|  |TAMS 0x0000000713600000, 0x0000000713600000| Untracked 
| 150|0x0000000713800000, 0x0000000713800000, 0x0000000713a00000|  0%| F|  |TAMS 0x0000000713800000, 0x0000000713800000| Untracked 
| 151|0x0000000713a00000, 0x0000000713a00000, 0x0000000713c00000|  0%| F|  |TAMS 0x0000000713a00000, 0x0000000713a00000| Untracked 
| 152|0x0000000713c00000, 0x0000000713c00000, 0x0000000713e00000|  0%| F|  |TAMS 0x0000000713c00000, 0x0000000713c00000| Untracked 
| 153|0x0000000713e00000, 0x0000000713e00000, 0x0000000714000000|  0%| F|  |TAMS 0x0000000713e00000, 0x0000000713e00000| Untracked 
| 154|0x0000000714000000, 0x0000000714000000, 0x0000000714200000|  0%| F|  |TAMS 0x0000000714000000, 0x0000000714000000| Untracked 
| 155|0x0000000714200000, 0x0000000714200000, 0x0000000714400000|  0%| F|  |TAMS 0x0000000714200000, 0x0000000714200000| Untracked 
| 156|0x0000000714400000, 0x0000000714400000, 0x0000000714600000|  0%| F|  |TAMS 0x0000000714400000, 0x0000000714400000| Untracked 
| 157|0x0000000714600000, 0x0000000714600000, 0x0000000714800000|  0%| F|  |TAMS 0x0000000714600000, 0x0000000714600000| Untracked 
| 158|0x0000000714800000, 0x0000000714800000, 0x0000000714a00000|  0%| F|  |TAMS 0x0000000714800000, 0x0000000714800000| Untracked 
| 159|0x0000000714a00000, 0x0000000714a00000, 0x0000000714c00000|  0%| F|  |TAMS 0x0000000714a00000, 0x0000000714a00000| Untracked 
| 160|0x0000000714c00000, 0x0000000714c00000, 0x0000000714e00000|  0%| F|  |TAMS 0x0000000714c00000, 0x0000000714c00000| Untracked 
| 161|0x0000000714e00000, 0x0000000714e00000, 0x0000000715000000|  0%| F|  |TAMS 0x0000000714e00000, 0x0000000714e00000| Untracked 
| 162|0x0000000715000000, 0x0000000715000000, 0x0000000715200000|  0%| F|  |TAMS 0x0000000715000000, 0x0000000715000000| Untracked 
| 163|0x0000000715200000, 0x0000000715200000, 0x0000000715400000|  0%| F|  |TAMS 0x0000000715200000, 0x0000000715200000| Untracked 
| 164|0x0000000715400000, 0x0000000715400000, 0x0000000715600000|  0%| F|  |TAMS 0x0000000715400000, 0x0000000715400000| Untracked 
| 165|0x0000000715600000, 0x0000000715600000, 0x0000000715800000|  0%| F|  |TAMS 0x0000000715600000, 0x0000000715600000| Untracked 
| 166|0x0000000715800000, 0x0000000715800000, 0x0000000715a00000|  0%| F|  |TAMS 0x0000000715800000, 0x0000000715800000| Untracked 
| 167|0x0000000715a00000, 0x0000000715a00000, 0x0000000715c00000|  0%| F|  |TAMS 0x0000000715a00000, 0x0000000715a00000| Untracked 
| 168|0x0000000715c00000, 0x0000000715c00000, 0x0000000715e00000|  0%| F|  |TAMS 0x0000000715c00000, 0x0000000715c00000| Untracked 
| 169|0x0000000715e00000, 0x0000000715e00000, 0x0000000716000000|  0%| F|  |TAMS 0x0000000715e00000, 0x0000000715e00000| Untracked 
| 170|0x0000000716000000, 0x0000000716000000, 0x0000000716200000|  0%| F|  |TAMS 0x0000000716000000, 0x0000000716000000| Untracked 
| 171|0x0000000716200000, 0x0000000716200000, 0x0000000716400000|  0%| F|  |TAMS 0x0000000716200000, 0x0000000716200000| Untracked 
| 172|0x0000000716400000, 0x0000000716400000, 0x0000000716600000|  0%| F|  |TAMS 0x0000000716400000, 0x0000000716400000| Untracked 
| 173|0x0000000716600000, 0x0000000716600000, 0x0000000716800000|  0%| F|  |TAMS 0x0000000716600000, 0x0000000716600000| Untracked 
| 174|0x0000000716800000, 0x0000000716800000, 0x0000000716a00000|  0%| F|  |TAMS 0x0000000716800000, 0x0000000716800000| Untracked 
| 175|0x0000000716a00000, 0x0000000716a00000, 0x0000000716c00000|  0%| F|  |TAMS 0x0000000716a00000, 0x0000000716a00000| Untracked 
| 176|0x0000000716c00000, 0x0000000716c00000, 0x0000000716e00000|  0%| F|  |TAMS 0x0000000716c00000, 0x0000000716c00000| Untracked 
| 177|0x0000000716e00000, 0x0000000716e00000, 0x0000000717000000|  0%| F|  |TAMS 0x0000000716e00000, 0x0000000716e00000| Untracked 
| 178|0x0000000717000000, 0x0000000717000000, 0x0000000717200000|  0%| F|  |TAMS 0x0000000717000000, 0x0000000717000000| Untracked 
| 179|0x0000000717200000, 0x0000000717200000, 0x0000000717400000|  0%| F|  |TAMS 0x0000000717200000, 0x0000000717200000| Untracked 
| 180|0x0000000717400000, 0x0000000717400000, 0x0000000717600000|  0%| F|  |TAMS 0x0000000717400000, 0x0000000717400000| Untracked 
| 181|0x0000000717600000, 0x0000000717600000, 0x0000000717800000|  0%| F|  |TAMS 0x0000000717600000, 0x0000000717600000| Untracked 
| 182|0x0000000717800000, 0x0000000717800000, 0x0000000717a00000|  0%| F|  |TAMS 0x0000000717800000, 0x0000000717800000| Untracked 
| 183|0x0000000717a00000, 0x0000000717a00000, 0x0000000717c00000|  0%| F|  |TAMS 0x0000000717a00000, 0x0000000717a00000| Untracked 
| 184|0x0000000717c00000, 0x0000000717c00000, 0x0000000717e00000|  0%| F|  |TAMS 0x0000000717c00000, 0x0000000717c00000| Untracked 
| 185|0x0000000717e00000, 0x0000000717e00000, 0x0000000718000000|  0%| F|  |TAMS 0x0000000717e00000, 0x0000000717e00000| Untracked 
| 186|0x0000000718000000, 0x0000000718000000, 0x0000000718200000|  0%| F|  |TAMS 0x0000000718000000, 0x0000000718000000| Untracked 
| 187|0x0000000718200000, 0x0000000718200000, 0x0000000718400000|  0%| F|  |TAMS 0x0000000718200000, 0x0000000718200000| Untracked 
| 188|0x0000000718400000, 0x0000000718400000, 0x0000000718600000|  0%| F|  |TAMS 0x0000000718400000, 0x0000000718400000| Untracked 
| 189|0x0000000718600000, 0x0000000718600000, 0x0000000718800000|  0%| F|  |TAMS 0x0000000718600000, 0x0000000718600000| Untracked 
| 190|0x0000000718800000, 0x0000000718800000, 0x0000000718a00000|  0%| F|  |TAMS 0x0000000718800000, 0x0000000718800000| Untracked 
| 191|0x0000000718a00000, 0x0000000718a00000, 0x0000000718c00000|  0%| F|  |TAMS 0x0000000718a00000, 0x0000000718a00000| Untracked 
| 192|0x0000000718c00000, 0x0000000718c00000, 0x0000000718e00000|  0%| F|  |TAMS 0x0000000718c00000, 0x0000000718c00000| Untracked 
| 193|0x0000000718e00000, 0x0000000718e00000, 0x0000000719000000|  0%| F|  |TAMS 0x0000000718e00000, 0x0000000718e00000| Untracked 
| 194|0x0000000719000000, 0x0000000719000000, 0x0000000719200000|  0%| F|  |TAMS 0x0000000719000000, 0x0000000719000000| Untracked 
| 195|0x0000000719200000, 0x0000000719200000, 0x0000000719400000|  0%| F|  |TAMS 0x0000000719200000, 0x0000000719200000| Untracked 
| 196|0x0000000719400000, 0x0000000719400000, 0x0000000719600000|  0%| F|  |TAMS 0x0000000719400000, 0x0000000719400000| Untracked 
| 197|0x0000000719600000, 0x0000000719600000, 0x0000000719800000|  0%| F|  |TAMS 0x0000000719600000, 0x0000000719600000| Untracked 
| 198|0x0000000719800000, 0x0000000719800000, 0x0000000719a00000|  0%| F|  |TAMS 0x0000000719800000, 0x0000000719800000| Untracked 
| 199|0x0000000719a00000, 0x0000000719a00000, 0x0000000719c00000|  0%| F|  |TAMS 0x0000000719a00000, 0x0000000719a00000| Untracked 
| 200|0x0000000719c00000, 0x0000000719c00000, 0x0000000719e00000|  0%| F|  |TAMS 0x0000000719c00000, 0x0000000719c00000| Untracked 
| 201|0x0000000719e00000, 0x0000000719e00000, 0x000000071a000000|  0%| F|  |TAMS 0x0000000719e00000, 0x0000000719e00000| Untracked 
| 202|0x000000071a000000, 0x000000071a000000, 0x000000071a200000|  0%| F|  |TAMS 0x000000071a000000, 0x000000071a000000| Untracked 
| 203|0x000000071a200000, 0x000000071a200000, 0x000000071a400000|  0%| F|  |TAMS 0x000000071a200000, 0x000000071a200000| Untracked 
| 204|0x000000071a400000, 0x000000071a400000, 0x000000071a600000|  0%| F|  |TAMS 0x000000071a400000, 0x000000071a400000| Untracked 
| 205|0x000000071a600000, 0x000000071a600000, 0x000000071a800000|  0%| F|  |TAMS 0x000000071a600000, 0x000000071a600000| Untracked 
| 206|0x000000071a800000, 0x000000071a800000, 0x000000071aa00000|  0%| F|  |TAMS 0x000000071a800000, 0x000000071a800000| Untracked 
| 207|0x000000071aa00000, 0x000000071aa00000, 0x000000071ac00000|  0%| F|  |TAMS 0x000000071aa00000, 0x000000071aa00000| Untracked 
| 208|0x000000071ac00000, 0x000000071ac00000, 0x000000071ae00000|  0%| F|  |TAMS 0x000000071ac00000, 0x000000071ac00000| Untracked 
| 209|0x000000071ae00000, 0x000000071ae00000, 0x000000071b000000|  0%| F|  |TAMS 0x000000071ae00000, 0x000000071ae00000| Untracked 
| 210|0x000000071b000000, 0x000000071b000000, 0x000000071b200000|  0%| F|  |TAMS 0x000000071b000000, 0x000000071b000000| Untracked 
| 211|0x000000071b200000, 0x000000071b200000, 0x000000071b400000|  0%| F|  |TAMS 0x000000071b200000, 0x000000071b200000| Untracked 
| 212|0x000000071b400000, 0x000000071b400000, 0x000000071b600000|  0%| F|  |TAMS 0x000000071b400000, 0x000000071b400000| Untracked 
| 213|0x000000071b600000, 0x000000071b600000, 0x000000071b800000|  0%| F|  |TAMS 0x000000071b600000, 0x000000071b600000| Untracked 
| 214|0x000000071b800000, 0x000000071b800000, 0x000000071ba00000|  0%| F|  |TAMS 0x000000071b800000, 0x000000071b800000| Untracked 
| 215|0x000000071ba00000, 0x000000071ba00000, 0x000000071bc00000|  0%| F|  |TAMS 0x000000071ba00000, 0x000000071ba00000| Untracked 
| 216|0x000000071bc00000, 0x000000071bc00000, 0x000000071be00000|  0%| F|  |TAMS 0x000000071bc00000, 0x000000071bc00000| Untracked 
| 217|0x000000071be00000, 0x000000071be00000, 0x000000071c000000|  0%| F|  |TAMS 0x000000071be00000, 0x000000071be00000| Untracked 
| 218|0x000000071c000000, 0x000000071c000000, 0x000000071c200000|  0%| F|  |TAMS 0x000000071c000000, 0x000000071c000000| Untracked 
| 219|0x000000071c200000, 0x000000071c200000, 0x000000071c400000|  0%| F|  |TAMS 0x000000071c200000, 0x000000071c200000| Untracked 
| 220|0x000000071c400000, 0x000000071c400000, 0x000000071c600000|  0%| F|  |TAMS 0x000000071c400000, 0x000000071c400000| Untracked 
| 221|0x000000071c600000, 0x000000071c600000, 0x000000071c800000|  0%| F|  |TAMS 0x000000071c600000, 0x000000071c600000| Untracked 
| 222|0x000000071c800000, 0x000000071c800000, 0x000000071ca00000|  0%| F|  |TAMS 0x000000071c800000, 0x000000071c800000| Untracked 
| 223|0x000000071ca00000, 0x000000071ca00000, 0x000000071cc00000|  0%| F|  |TAMS 0x000000071ca00000, 0x000000071ca00000| Untracked 
| 224|0x000000071cc00000, 0x000000071cc00000, 0x000000071ce00000|  0%| F|  |TAMS 0x000000071cc00000, 0x000000071cc00000| Untracked 
| 225|0x000000071ce00000, 0x000000071ce00000, 0x000000071d000000|  0%| F|  |TAMS 0x000000071ce00000, 0x000000071ce00000| Untracked 
| 226|0x000000071d000000, 0x000000071d000000, 0x000000071d200000|  0%| F|  |TAMS 0x000000071d000000, 0x000000071d000000| Untracked 
| 227|0x000000071d200000, 0x000000071d200000, 0x000000071d400000|  0%| F|  |TAMS 0x000000071d200000, 0x000000071d200000| Untracked 
| 228|0x000000071d400000, 0x000000071d400000, 0x000000071d600000|  0%| F|  |TAMS 0x000000071d400000, 0x000000071d400000| Untracked 
| 229|0x000000071d600000, 0x000000071d600000, 0x000000071d800000|  0%| F|  |TAMS 0x000000071d600000, 0x000000071d600000| Untracked 
| 230|0x000000071d800000, 0x000000071d800000, 0x000000071da00000|  0%| F|  |TAMS 0x000000071d800000, 0x000000071d800000| Untracked 

Card table byte_map: [0x000002293f8f0000,0x00000229400f0000] _byte_map_base: 0x000002293c0ea000

Marking Bits (Prev, Next): (CMBitMap*) 0x000002292b05bbd0, (CMBitMap*) 0x000002292b05bb90
 Prev Bits: [0x00000229448c0000, 0x0000022948890000)
 Next Bits: [0x00000229408f0000, 0x00000229448c0000)

Polling page: 0x0000022928e50000

Metaspace:

Usage:
  Non-class:     46.47 MB used.
      Class:      7.15 MB used.
       Both:     53.62 MB used.

Virtual space:
  Non-class space:       64.00 MB reserved,      46.81 MB ( 73%) committed,  1 nodes.
      Class space:        1.00 GB reserved,       7.56 MB ( <1%) committed,  1 nodes.
             Both:        1.06 GB reserved,      54.38 MB (  5%) committed. 

Chunk freelists:
   Non-Class:  848.00 KB
       Class:  8.36 MB
        Both:  9.19 MB

MaxMetaspaceSize: unlimited
CompressedClassSpaceSize: 1.00 GB
Initial GC threshold: 21.00 MB
Current GC threshold: 73.38 MB
CDS: on
MetaspaceReclaimPolicy: balanced
 - commit_granule_bytes: 65536.
 - commit_granule_words: 8192.
 - virtual_space_node_default_size: 8388608.
 - enlarge_chunks_in_place: 1.
 - new_chunks_are_fully_committed: 0.
 - uncommit_free_chunks: 1.
 - use_allocation_guard: 0.
 - handle_deallocations: 1.


Internal statistics:

num_allocs_failed_limit: 6.
num_arena_births: 1384.
num_arena_deaths: 130.
num_vsnodes_births: 2.
num_vsnodes_deaths: 0.
num_space_committed: 870.
num_space_uncommitted: 0.
num_chunks_returned_to_freelist: 185.
num_chunks_taken_from_freelist: 3718.
num_chunk_merges: 68.
num_chunk_splits: 2345.
num_chunks_enlarged: 1462.
num_inconsistent_stats: 0.

CodeHeap 'non-profiled nmethods': size=120000Kb used=4849Kb max_used=4849Kb free=115150Kb
 bounds [0x0000022937ab0000, 0x0000022937f70000, 0x000002293efe0000]
CodeHeap 'profiled nmethods': size=120000Kb used=15766Kb max_used=15784Kb free=104233Kb
 bounds [0x000002292ffe0000, 0x0000022930f70000, 0x0000022937510000]
CodeHeap 'non-nmethods': size=5760Kb used=1298Kb max_used=1372Kb free=4461Kb
 bounds [0x0000022937510000, 0x0000022937780000, 0x0000022937ab0000]
 total_blobs=9281 nmethods=8667 adapters=525
 compilation: enabled
              stopped_count=0, restarted_count=0
 full_count=0

Compilation events (20 events):
Event: 22.193 Thread 0x000002294b1b0bf0 10828       4       java.nio.file.FileTreeIterator::hasNext (35 bytes)
Event: 22.194 Thread 0x000002294b1b0bf0 nmethod 10828 0x0000022937f67590 code [0x0000022937f67740, 0x0000022937f679b8]
Event: 22.269 Thread 0x000002294b1b0bf0 10829       4       org.sonarsource.analyzer.commons.FileProvider$$Lambda$3294/0x000002294d7a3310::test (12 bytes)
Event: 22.286 Thread 0x000002294b1b0bf0 nmethod 10829 0x0000022937f67c10 code [0x0000022937f67e40, 0x0000022937f68a60]
Event: 22.287 Thread 0x000002294b1b0bf0 10830       4       org.sonarsource.analyzer.commons.FileProvider::lambda$getMatchingFiles$0 (40 bytes)
Event: 22.304 Thread 0x000002294b1b0bf0 nmethod 10830 0x0000022937f69610 code [0x0000022937f69840, 0x0000022937f6a480]
Event: 22.331 Thread 0x000002294b1b0bf0 10831       4       java.util.Iterator::forEachRemaining (30 bytes)
Event: 22.332 Thread 0x000002294b1b0bf0 nmethod 10831 0x0000022937f6b090 code [0x0000022937f6b220, 0x0000022937f6b338]
Event: 22.898 Thread 0x000002294b1b9510 10832       3       java.nio.file.FileTreeIterator::hasNext (35 bytes)
Event: 22.898 Thread 0x000002294b1b9510 nmethod 10832 0x0000022930785090 code [0x0000022930785260, 0x00000229307855b8]
Event: 23.054 Thread 0x000002294b1b0bf0 10833       4       jdk.internal.misc.Unsafe::checkNativeAddress (28 bytes)
Event: 23.054 Thread 0x000002294b1b0bf0 nmethod 10833 0x0000022937f6b490 code [0x0000022937f6b600, 0x0000022937f6b678]
Event: 23.281 Thread 0x000002294b1b0bf0 10834       4       java.nio.file.FileTreeIterator::hasNext (35 bytes)
Event: 23.283 Thread 0x000002294b1b0bf0 nmethod 10834 0x0000022937f6b790 code [0x0000022937f6b920, 0x0000022937f6bb58]
Event: 23.528 Thread 0x000002294b1b0bf0 10835       4       jdk.internal.ref.CleanerImpl$PhantomCleanableRef::performCleanup (10 bytes)
Event: 23.528 Thread 0x000002294b1b0bf0 nmethod 10835 0x0000022937f6bd90 code [0x0000022937f6bf00, 0x0000022937f6bf98]
Event: 23.533 Thread 0x000002294b1b0bf0 10836       4       jdk.internal.misc.Unsafe::checkSize (32 bytes)
Event: 23.534 Thread 0x000002294b1b0bf0 nmethod 10836 0x0000022937f6c090 code [0x0000022937f6c200, 0x0000022937f6c298]
Event: 23.646 Thread 0x000002294b1b0bf0 10837       4       java.util.AbstractMap::isEmpty (13 bytes)
Event: 23.646 Thread 0x000002294b1b0bf0 nmethod 10837 0x0000022937f6c390 code [0x0000022937f6c500, 0x0000022937f6c5b8]

GC Heap History (20 events):
Event: 18.708 GC heap after
{Heap after GC invocations=28 (full 0):
 garbage-first heap   total 161792K, used 44938K [0x0000000700c00000, 0x0000000800000000)
  region size 2048K, 1 young (2048K), 1 survivors (2048K)
 Metaspace       used 42381K, committed 42816K, reserved 1114112K
  class space    used 5155K, committed 5376K, reserved 1048576K
}
Event: 18.899 GC heap before
{Heap before GC invocations=29 (full 0):
 garbage-first heap   total 157696K, used 118666K [0x0000000700c00000, 0x0000000800000000)
  region size 2048K, 37 young (75776K), 1 survivors (2048K)
 Metaspace       used 43937K, committed 44480K, reserved 1114112K
  class space    used 5527K, committed 5760K, reserved 1048576K
}
Event: 18.918 GC heap after
{Heap after GC invocations=30 (full 0):
 garbage-first heap   total 157696K, used 68737K [0x0000000700c00000, 0x0000000800000000)
  region size 2048K, 5 young (10240K), 5 survivors (10240K)
 Metaspace       used 43937K, committed 44480K, reserved 1114112K
  class space    used 5527K, committed 5760K, reserved 1048576K
}
Event: 18.976 GC heap before
{Heap before GC invocations=30 (full 0):
 garbage-first heap   total 157696K, used 107649K [0x0000000700c00000, 0x0000000800000000)
  region size 2048K, 24 young (49152K), 5 survivors (10240K)
 Metaspace       used 44203K, committed 44736K, reserved 1114112K
  class space    used 5587K, committed 5824K, reserved 1048576K
}
Event: 18.990 GC heap after
{Heap after GC invocations=31 (full 0):
 garbage-first heap   total 157696K, used 77706K [0x0000000700c00000, 0x0000000800000000)
  region size 2048K, 3 young (6144K), 3 survivors (6144K)
 Metaspace       used 44203K, committed 44736K, reserved 1114112K
  class space    used 5587K, committed 5824K, reserved 1048576K
}
Event: 19.032 GC heap before
{Heap before GC invocations=31 (full 0):
 garbage-first heap   total 157696K, used 112522K [0x0000000700c00000, 0x0000000800000000)
  region size 2048K, 20 young (40960K), 3 survivors (6144K)
 Metaspace       used 44369K, committed 44864K, reserved 1114112K
  class space    used 5601K, committed 5824K, reserved 1048576K
}
Event: 19.040 GC heap after
{Heap after GC invocations=32 (full 0):
 garbage-first heap   total 157696K, used 81802K [0x0000000700c00000, 0x0000000800000000)
  region size 2048K, 2 young (4096K), 2 survivors (4096K)
 Metaspace       used 44369K, committed 44864K, reserved 1114112K
  class space    used 5601K, committed 5824K, reserved 1048576K
}
Event: 19.101 GC heap before
{Heap before GC invocations=33 (full 0):
 garbage-first heap   total 157696K, used 116618K [0x0000000700c00000, 0x0000000800000000)
  region size 2048K, 20 young (40960K), 2 survivors (4096K)
 Metaspace       used 44367K, committed 45056K, reserved 1114112K
  class space    used 5583K, committed 5888K, reserved 1048576K
}
Event: 19.106 GC heap after
{Heap after GC invocations=34 (full 0):
 garbage-first heap   total 157696K, used 83158K [0x0000000700c00000, 0x0000000800000000)
  region size 2048K, 3 young (6144K), 3 survivors (6144K)
 Metaspace       used 44367K, committed 45056K, reserved 1114112K
  class space    used 5583K, committed 5888K, reserved 1048576K
}
Event: 19.109 GC heap before
{Heap before GC invocations=34 (full 0):
 garbage-first heap   total 157696K, used 85206K [0x0000000700c00000, 0x0000000800000000)
  region size 2048K, 4 young (8192K), 3 survivors (6144K)
 Metaspace       used 44375K, committed 45056K, reserved 1114112K
  class space    used 5584K, committed 5888K, reserved 1048576K
}
Event: 19.114 GC heap after
{Heap after GC invocations=35 (full 0):
 garbage-first heap   total 157696K, used 70542K [0x0000000700c00000, 0x0000000800000000)
  region size 2048K, 1 young (2048K), 1 survivors (2048K)
 Metaspace       used 44375K, committed 45056K, reserved 1114112K
  class space    used 5584K, committed 5888K, reserved 1048576K
}
Event: 19.119 GC heap before
{Heap before GC invocations=35 (full 0):
 garbage-first heap   total 157696K, used 74638K [0x0000000700c00000, 0x0000000800000000)
  region size 2048K, 3 young (6144K), 1 survivors (2048K)
 Metaspace       used 44385K, committed 45056K, reserved 1114112K
  class space    used 5585K, committed 5888K, reserved 1048576K
}
Event: 19.124 GC heap after
{Heap after GC invocations=36 (full 0):
 garbage-first heap   total 473088K, used 65887K [0x0000000700c00000, 0x0000000800000000)
  region size 2048K, 1 young (2048K), 1 survivors (2048K)
 Metaspace       used 44385K, committed 45056K, reserved 1114112K
  class space    used 5585K, committed 5888K, reserved 1048576K
}
Event: 19.810 GC heap before
{Heap before GC invocations=36 (full 0):
 garbage-first heap   total 473088K, used 319839K [0x0000000700c00000, 0x0000000800000000)
  region size 2048K, 125 young (256000K), 1 survivors (2048K)
 Metaspace       used 50583K, committed 51200K, reserved 1114112K
  class space    used 6612K, committed 6912K, reserved 1048576K
}
Event: 19.826 GC heap after
{Heap after GC invocations=37 (full 0):
 garbage-first heap   total 473088K, used 88190K [0x0000000700c00000, 0x0000000800000000)
  region size 2048K, 12 young (24576K), 12 survivors (24576K)
 Metaspace       used 50583K, committed 51200K, reserved 1114112K
  class space    used 6612K, committed 6912K, reserved 1048576K
}
Event: 20.552 GC heap before
{Heap before GC invocations=37 (full 0):
 garbage-first heap   total 473088K, used 340094K [0x0000000700c00000, 0x0000000800000000)
  region size 2048K, 135 young (276480K), 12 survivors (24576K)
 Metaspace       used 52856K, committed 53440K, reserved 1114112K
  class space    used 7055K, committed 7296K, reserved 1048576K
}
Event: 20.573 GC heap after
{Heap after GC invocations=38 (full 0):
 garbage-first heap   total 473088K, used 121810K [0x0000000700c00000, 0x0000000800000000)
  region size 2048K, 17 young (34816K), 17 survivors (34816K)
 Metaspace       used 52856K, committed 53440K, reserved 1114112K
  class space    used 7055K, committed 7296K, reserved 1048576K
}
Event: 21.113 GC heap before
{Heap before GC invocations=38 (full 0):
 garbage-first heap   total 473088K, used 328658K [0x0000000700c00000, 0x0000000800000000)
  region size 2048K, 118 young (241664K), 17 survivors (34816K)
 Metaspace       used 54507K, committed 55296K, reserved 1114112K
  class space    used 7234K, committed 7616K, reserved 1048576K
}
Event: 21.123 GC heap after
{Heap after GC invocations=39 (full 0):
 garbage-first heap   total 473088K, used 124902K [0x0000000700c00000, 0x0000000800000000)
  region size 2048K, 4 young (8192K), 4 survivors (8192K)
 Metaspace       used 54507K, committed 55296K, reserved 1114112K
  class space    used 7234K, committed 7616K, reserved 1048576K
}
Event: 23.688 GC heap before
{Heap before GC invocations=39 (full 0):
 garbage-first heap   total 473088K, used 350182K [0x0000000700c00000, 0x0000000800000000)
  region size 2048K, 114 young (233472K), 4 survivors (8192K)
 Metaspace       used 54904K, committed 55680K, reserved 1114112K
  class space    used 7318K, committed 7744K, reserved 1048576K
}

Dll operation events (9 events):
Event: 0.010 Loaded shared library C:\Users\jsams\.sonar\cache\11a61a94d383e755b08b4e5890a13d148bc9f95b7149cbbeec62efb8c75a4a67\OpenJDK17U-jre_x64_windows_hotspot_17.0.13_11.zip_extracted\jdk-17.0.13+11-jre\bin\java.dll
Event: 0.023 Loaded shared library C:\Users\jsams\.sonar\cache\11a61a94d383e755b08b4e5890a13d148bc9f95b7149cbbeec62efb8c75a4a67\OpenJDK17U-jre_x64_windows_hotspot_17.0.13_11.zip_extracted\jdk-17.0.13+11-jre\bin\jsvml.dll
Event: 0.053 Loaded shared library C:\Users\jsams\.sonar\cache\11a61a94d383e755b08b4e5890a13d148bc9f95b7149cbbeec62efb8c75a4a67\OpenJDK17U-jre_x64_windows_hotspot_17.0.13_11.zip_extracted\jdk-17.0.13+11-jre\bin\net.dll
Event: 0.057 Loaded shared library C:\Users\jsams\.sonar\cache\11a61a94d383e755b08b4e5890a13d148bc9f95b7149cbbeec62efb8c75a4a67\OpenJDK17U-jre_x64_windows_hotspot_17.0.13_11.zip_extracted\jdk-17.0.13+11-jre\bin\nio.dll
Event: 0.073 Loaded shared library C:\Users\jsams\.sonar\cache\11a61a94d383e755b08b4e5890a13d148bc9f95b7149cbbeec62efb8c75a4a67\OpenJDK17U-jre_x64_windows_hotspot_17.0.13_11.zip_extracted\jdk-17.0.13+11-jre\bin\zip.dll
Event: 0.094 Loaded shared library C:\Users\jsams\.sonar\cache\11a61a94d383e755b08b4e5890a13d148bc9f95b7149cbbeec62efb8c75a4a67\OpenJDK17U-jre_x64_windows_hotspot_17.0.13_11.zip_extracted\jdk-17.0.13+11-jre\bin\jimage.dll
Event: 0.553 Loaded shared library C:\Users\jsams\.sonar\cache\11a61a94d383e755b08b4e5890a13d148bc9f95b7149cbbeec62efb8c75a4a67\OpenJDK17U-jre_x64_windows_hotspot_17.0.13_11.zip_extracted\jdk-17.0.13+11-jre\bin\verify.dll
Event: 0.683 Loaded shared library C:\Users\jsams\.sonar\cache\11a61a94d383e755b08b4e5890a13d148bc9f95b7149cbbeec62efb8c75a4a67\OpenJDK17U-jre_x64_windows_hotspot_17.0.13_11.zip_extracted\jdk-17.0.13+11-jre\bin\sunmscapi.dll
Event: 1.161 Loaded shared library C:\Users\jsams\.sonar\cache\11a61a94d383e755b08b4e5890a13d148bc9f95b7149cbbeec62efb8c75a4a67\OpenJDK17U-jre_x64_windows_hotspot_17.0.13_11.zip_extracted\jdk-17.0.13+11-jre\bin\extnet.dll

Deoptimization events (20 events):
Event: 21.157 Thread 0x000002292aff08f0 DEOPT PACKING pc=0x0000022937ca54c8 sp=0x0000007525efdca0
Event: 21.157 Thread 0x000002292aff08f0 DEOPT UNPACKING pc=0x00000229375669a3 sp=0x0000007525efdbe0 mode 2
Event: 21.158 Thread 0x000002292aff08f0 Uncommon trap: trap_request=0xffffff45 fr.pc=0x0000022937c5bec8 relative=0x00000000000001a8
Event: 21.158 Thread 0x000002292aff08f0 Uncommon trap: reason=unstable_if action=reinterpret pc=0x0000022937c5bec8 method=java.util.stream.SpinedBuffer.copyInto([Ljava/lang/Object;I)V @ 37 c2
Event: 21.158 Thread 0x000002292aff08f0 DEOPT PACKING pc=0x0000022937c5bec8 sp=0x0000007525efdc10
Event: 21.158 Thread 0x000002292aff08f0 DEOPT UNPACKING pc=0x00000229375669a3 sp=0x0000007525efdbd8 mode 2
Event: 21.272 Thread 0x000002292aff08f0 DEOPT PACKING pc=0x000002293076cd71 sp=0x0000007525efcb30
Event: 21.272 Thread 0x000002292aff08f0 DEOPT UNPACKING pc=0x0000022937567143 sp=0x0000007525efc050 mode 0
Event: 22.890 Thread 0x000002292aff08f0 Uncommon trap: trap_request=0xffffff45 fr.pc=0x0000022937f678bc relative=0x000000000000017c
Event: 22.890 Thread 0x000002292aff08f0 Uncommon trap: reason=unstable_if action=reinterpret pc=0x0000022937f678bc method=java.nio.file.FileTreeIterator.fetchNextIfNeeded()V @ 16 c2
Event: 22.890 Thread 0x000002292aff08f0 DEOPT PACKING pc=0x0000022937f678bc sp=0x0000007525efe320
Event: 22.890 Thread 0x000002292aff08f0 DEOPT UNPACKING pc=0x00000229375669a3 sp=0x0000007525efe278 mode 2
Event: 22.890 Thread 0x000002292aff08f0 Uncommon trap: trap_request=0xffffff45 fr.pc=0x0000022937dff288 relative=0x0000000000000108
Event: 22.890 Thread 0x000002292aff08f0 Uncommon trap: reason=unstable_if action=reinterpret pc=0x0000022937dff288 method=java.util.stream.AbstractPipeline.close()V @ 22 c2
Event: 22.890 Thread 0x000002292aff08f0 DEOPT PACKING pc=0x0000022937dff288 sp=0x0000007525efe510
Event: 22.890 Thread 0x000002292aff08f0 DEOPT UNPACKING pc=0x00000229375669a3 sp=0x0000007525efe4c8 mode 2
Event: 22.891 Thread 0x000002292aff08f0 Uncommon trap: trap_request=0xffffffde fr.pc=0x0000022937f688c4 relative=0x0000000000000a84
Event: 22.891 Thread 0x000002292aff08f0 Uncommon trap: reason=class_check action=maybe_recompile pc=0x0000022937f688c4 method=org.sonarsource.analyzer.commons.FileProvider$$Lambda$3294/0x000002294d7a3310.test(Ljava/lang/Object;)Z @ 5 c2
Event: 22.891 Thread 0x000002292aff08f0 DEOPT PACKING pc=0x0000022937f688c4 sp=0x0000007525efe380
Event: 22.891 Thread 0x000002292aff08f0 DEOPT UNPACKING pc=0x00000229375669a3 sp=0x0000007525efe328 mode 2

Classes loaded (20 events):
Event: 20.019 Loading class java/util/TreeMap$NavigableSubMap$EntrySetView done
Event: 20.019 Loading class java/util/TreeMap$AscendingSubMap$AscendingEntrySetView done
Event: 20.019 Loading class java/util/TreeMap$NavigableSubMap$SubMapEntryIterator
Event: 20.019 Loading class java/util/TreeMap$NavigableSubMap$SubMapIterator
Event: 20.019 Loading class java/util/TreeMap$NavigableSubMap$SubMapIterator done
Event: 20.019 Loading class java/util/TreeMap$NavigableSubMap$SubMapEntryIterator done
Event: 20.024 Loading class java/util/AbstractMap$2
Event: 20.024 Loading class java/util/AbstractMap$2 done
Event: 20.024 Loading class java/util/AbstractMap$2$1
Event: 20.024 Loading class java/util/AbstractMap$2$1 done
Event: 20.041 Loading class java/util/EnumMap$EntryIterator
Event: 20.042 Loading class java/util/EnumMap$EnumMapIterator
Event: 20.042 Loading class java/util/EnumMap$EnumMapIterator done
Event: 20.042 Loading class java/util/EnumMap$EntryIterator done
Event: 20.281 Loading class java/lang/StringLatin1$LinesSpliterator
Event: 20.282 Loading class java/lang/StringLatin1$LinesSpliterator done
Event: 21.500 Loading class java/util/EnumMap$EntryIterator$Entry
Event: 21.500 Loading class java/util/EnumMap$EntryIterator$Entry done
Event: 21.500 Loading class java/nio/file/FileTreeIterator
Event: 21.500 Loading class java/nio/file/FileTreeIterator done

Classes unloaded (20 events):
Event: 19.066 Thread 0x000002294b0e82f0 Unloading class 0x000002294d599400 'java/lang/invoke/LambdaForm$MH+0x000002294d599400'
Event: 19.066 Thread 0x000002294b0e82f0 Unloading class 0x000002294d599000 'java/lang/invoke/LambdaForm$MH+0x000002294d599000'
Event: 19.066 Thread 0x000002294b0e82f0 Unloading class 0x000002294d598800 'java/lang/invoke/LambdaForm$MH+0x000002294d598800'
Event: 19.066 Thread 0x000002294b0e82f0 Unloading class 0x000002294d598400 'java/lang/invoke/LambdaForm$DMH+0x000002294d598400'
Event: 19.066 Thread 0x000002294b0e82f0 Unloading class 0x000002294d598000 'java/lang/invoke/LambdaForm$MH+0x000002294d598000'
Event: 19.066 Thread 0x000002294b0e82f0 Unloading class 0x000002294d597c00 'java/lang/invoke/LambdaForm$MH+0x000002294d597c00'
Event: 19.066 Thread 0x000002294b0e82f0 Unloading class 0x000002294d597800 'java/lang/invoke/LambdaForm$MH+0x000002294d597800'
Event: 19.066 Thread 0x000002294b0e82f0 Unloading class 0x000002294d597000 'java/lang/invoke/LambdaForm$DMH+0x000002294d597000'
Event: 19.066 Thread 0x000002294b0e82f0 Unloading class 0x000002294d596c00 'java/lang/invoke/LambdaForm$DMH+0x000002294d596c00'
Event: 19.066 Thread 0x000002294b0e82f0 Unloading class 0x000002294d596800 'java/lang/invoke/LambdaForm$DMH+0x000002294d596800'
Event: 19.066 Thread 0x000002294b0e82f0 Unloading class 0x000002294d596000 'java/lang/invoke/LambdaForm$MH+0x000002294d596000'
Event: 19.066 Thread 0x000002294b0e82f0 Unloading class 0x000002294d595c00 'java/lang/invoke/LambdaForm$MH+0x000002294d595c00'
Event: 19.066 Thread 0x000002294b0e82f0 Unloading class 0x000002294d595000 'java/lang/invoke/LambdaForm$DMH+0x000002294d595000'
Event: 19.066 Thread 0x000002294b0e82f0 Unloading class 0x000002294d594c00 'java/lang/invoke/LambdaForm$DMH+0x000002294d594c00'
Event: 19.066 Thread 0x000002294b0e82f0 Unloading class 0x000002294d594800 'java/lang/invoke/LambdaForm$DMH+0x000002294d594800'
Event: 19.066 Thread 0x000002294b0e82f0 Unloading class 0x000002294d594400 'java/lang/invoke/LambdaForm$DMH+0x000002294d594400'
Event: 19.066 Thread 0x000002294b0e82f0 Unloading class 0x000002294d518800 'java/lang/invoke/LambdaForm$DMH+0x000002294d518800'
Event: 19.066 Thread 0x000002294b0e82f0 Unloading class 0x000002294d518400 'java/lang/invoke/LambdaForm$DMH+0x000002294d518400'
Event: 19.066 Thread 0x000002294b0e82f0 Unloading class 0x000002294d518000 'java/lang/invoke/LambdaForm$DMH+0x000002294d518000'
Event: 19.066 Thread 0x000002294b0e82f0 Unloading class 0x000002294d512c00 'java/lang/invoke/LambdaForm$DMH+0x000002294d512c00'

Classes redefined (0 events):
No events

Internal exceptions (20 events):
Event: 21.110 Thread 0x000002292aff08f0 Implicit null exception at 0x0000022937e099aa to 0x0000022937e0a178
Event: 21.149 Thread 0x000002292aff08f0 Exception <a 'java/lang/NoSuchMethodError'{0x000000071cee05c8}: 'java.lang.Object java.lang.invoke.Invokers$Holder.linkToTargetMethod(java.lang.Object, java.lang.Object, java.lang.Object, int, java.lang.Object, java.lang.Object)'> (0x000000071cee05c8) 
thrown [s\src\hotspot\share\interpreter\linkResolver.cpp, line 759]
Event: 21.156 Thread 0x000002292aff08f0 Exception <a 'java/lang/IncompatibleClassChangeError'{0x000000071cc1e660}: Found class java.lang.Object, but interface was expected> (0x000000071cc1e660) 
thrown [s\src\hotspot\share\interpreter\linkResolver.cpp, line 826]
Event: 21.217 Thread 0x000002292aff08f0 Exception <a 'java/lang/IncompatibleClassChangeError'{0x000000071baa5808}: Found class java.lang.Object, but interface was expected> (0x000000071baa5808) 
thrown [s\src\hotspot\share\interpreter\linkResolver.cpp, line 826]
Event: 21.499 Thread 0x00000229929065a0 Exception <a 'java/lang/InterruptedException'{0x0000000715300040}: sleep interrupted> (0x0000000715300040) 
thrown [s\src\hotspot\share\prims\jvm.cpp, line 3064]
Event: 21.499 Thread 0x00000229929065a0 Exception <a 'java/io/IOException'{0x0000000715300c40}> (0x0000000715300c40) 
thrown [s\src\hotspot\share\prims\jni.cpp, line 516]
Event: 21.499 Thread 0x00000229929065a0 Exception <a 'java/io/IOException'{0x0000000715301020}> (0x0000000715301020) 
thrown [s\src\hotspot\share\prims\jni.cpp, line 516]
Event: 21.499 Thread 0x000002292aff08f0 Exception <a 'java/io/IOException'{0x00000007152586e0}> (0x00000007152586e0) 
thrown [s\src\hotspot\share\prims\jni.cpp, line 516]
Event: 21.499 Thread 0x000002292aff08f0 Exception <a 'java/io/IOException'{0x0000000715258d68}> (0x0000000715258d68) 
thrown [s\src\hotspot\share\prims\jni.cpp, line 516]
Event: 21.499 Thread 0x000002292aff08f0 Exception <a 'java/io/IOException'{0x000000071525ad48}> (0x000000071525ad48) 
thrown [s\src\hotspot\share\prims\jni.cpp, line 516]
Event: 21.499 Thread 0x000002292aff08f0 Exception <a 'java/io/IOException'{0x000000071525b3d0}> (0x000000071525b3d0) 
thrown [s\src\hotspot\share\prims\jni.cpp, line 516]
Event: 21.500 Thread 0x000002292aff08f0 Exception <a 'java/io/IOException'{0x0000000715260560}> (0x0000000715260560) 
thrown [s\src\hotspot\share\prims\jni.cpp, line 516]
Event: 21.500 Thread 0x000002292aff08f0 Exception <a 'java/io/IOException'{0x0000000715260be8}> (0x0000000715260be8) 
thrown [s\src\hotspot\share\prims\jni.cpp, line 516]
Event: 21.500 Thread 0x000002292aff08f0 Exception <a 'java/io/IOException'{0x0000000715261fd8}> (0x0000000715261fd8) 
thrown [s\src\hotspot\share\prims\jni.cpp, line 516]
Event: 21.500 Thread 0x000002292aff08f0 Exception <a 'java/io/IOException'{0x0000000715262660}> (0x0000000715262660) 
thrown [s\src\hotspot\share\prims\jni.cpp, line 516]
Event: 21.501 Thread 0x000002292aff08f0 Exception <a 'java/lang/IncompatibleClassChangeError'{0x0000000715272d18}: Found class java.lang.Object, but interface was expected> (0x0000000715272d18) 
thrown [s\src\hotspot\share\interpreter\linkResolver.cpp, line 826]
Event: 22.891 Thread 0x000002292aff08f0 Exception <a 'java/io/IOException'{0x0000000711cb9b60}> (0x0000000711cb9b60) 
thrown [s\src\hotspot\share\prims\jni.cpp, line 516]
Event: 22.891 Thread 0x000002292aff08f0 Exception <a 'java/io/IOException'{0x0000000711cba1e8}> (0x0000000711cba1e8) 
thrown [s\src\hotspot\share\prims\jni.cpp, line 516]
Event: 22.891 Thread 0x000002292aff08f0 Exception <a 'java/io/IOException'{0x0000000711cbb200}> (0x0000000711cbb200) 
thrown [s\src\hotspot\share\prims\jni.cpp, line 516]
Event: 22.891 Thread 0x000002292aff08f0 Exception <a 'java/io/IOException'{0x0000000711cbb888}> (0x0000000711cbb888) 
thrown [s\src\hotspot\share\prims\jni.cpp, line 516]

VM Operations (20 events):
Event: 20.534 Executing VM operation: HandshakeAllThreads done
Event: 20.535 Executing VM operation: ICBufferFull
Event: 20.535 Executing VM operation: ICBufferFull done
Event: 20.550 Executing VM operation: HandshakeAllThreads
Event: 20.550 Executing VM operation: HandshakeAllThreads done
Event: 20.552 Executing VM operation: G1CollectForAllocation
Event: 20.573 Executing VM operation: G1CollectForAllocation done
Event: 20.718 Executing VM operation: ICBufferFull
Event: 20.718 Executing VM operation: ICBufferFull done
Event: 20.968 Executing VM operation: ICBufferFull
Event: 20.969 Executing VM operation: ICBufferFull done
Event: 21.104 Executing VM operation: HandshakeAllThreads
Event: 21.104 Executing VM operation: HandshakeAllThreads done
Event: 21.112 Executing VM operation: G1CollectForAllocation
Event: 21.123 Executing VM operation: G1CollectForAllocation done
Event: 22.129 Executing VM operation: Cleanup
Event: 22.130 Executing VM operation: Cleanup done
Event: 23.135 Executing VM operation: Cleanup
Event: 23.135 Executing VM operation: Cleanup done
Event: 23.688 Executing VM operation: G1CollectForAllocation

Memory protections (0 events):
No events

Nmethod flushes (20 events):
Event: 20.578 Thread 0x000002294b1cbe10 flushing  nmethod 0x0000022930d51090
Event: 20.578 Thread 0x000002294b1cbe10 flushing  nmethod 0x0000022930d52c90
Event: 20.578 Thread 0x000002294b1cbe10 flushing  nmethod 0x0000022930d53690
Event: 20.578 Thread 0x000002294b1cbe10 flushing  nmethod 0x0000022930d61610
Event: 20.578 Thread 0x000002294b1cbe10 flushing  nmethod 0x0000022930d61d90
Event: 20.578 Thread 0x000002294b1cbe10 flushing  nmethod 0x0000022930d62190
Event: 20.578 Thread 0x000002294b1cbe10 flushing  nmethod 0x0000022930d64b10
Event: 20.578 Thread 0x000002294b1cbe10 flushing  nmethod 0x0000022930d65010
Event: 20.578 Thread 0x000002294b1cbe10 flushing  nmethod 0x0000022930d65f90
Event: 20.578 Thread 0x000002294b1cbe10 flushing  nmethod 0x0000022930d71490
Event: 20.578 Thread 0x000002294b1cbe10 flushing  nmethod 0x0000022930d7ab90
Event: 20.578 Thread 0x000002294b1cbe10 flushing  nmethod 0x0000022930d7af90
Event: 20.578 Thread 0x000002294b1cbe10 flushing  nmethod 0x0000022930d7b590
Event: 20.578 Thread 0x000002294b1cbe10 flushing  nmethod 0x0000022930d7f490
Event: 20.578 Thread 0x000002294b1cbe10 flushing  nmethod 0x0000022930d7f890
Event: 20.578 Thread 0x000002294b1cbe10 flushing  nmethod 0x0000022930d85790
Event: 20.578 Thread 0x000002294b1cbe10 flushing  nmethod 0x0000022930dc8b10
Event: 20.578 Thread 0x000002294b1cbe10 flushing  nmethod 0x0000022930dde010
Event: 20.578 Thread 0x000002294b1cbe10 flushing  nmethod 0x0000022930ded990
Event: 20.578 Thread 0x000002294b1cbe10 flushing  nmethod 0x0000022930e30590

Events (20 events):
Event: 18.506 Thread 0x000002292aff08f0 Thread added: 0x000002294b956d90
Event: 18.506 Thread 0x000002292aff08f0 Thread added: 0x000002294b955440
Event: 18.506 Thread 0x000002294b956d90 Thread added: 0x000002294b9572a0
Event: 18.506 Thread 0x000002292aff08f0 Thread added: 0x000002294b955e60
Event: 18.506 Thread 0x000002294b956d90 Thread added: 0x0000022992903810
Event: 18.506 Thread 0x000002292aff08f0 Thread added: 0x0000022992901ec0
Event: 18.507 Thread 0x000002292aff08f0 Thread added: 0x00000229929023d0
Event: 18.508 Thread 0x00000229929023d0 Thread added: 0x0000022992903d20
Event: 18.509 Thread 0x0000022992903d20 Thread added: 0x00000229929028e0
Event: 18.509 Thread 0x0000022992903d20 Thread added: 0x00000229929014a0
Event: 18.515 Thread 0x00000229929014a0 Thread added: 0x00000229929074d0
Event: 19.231 Thread 0x00000229929014a0 Thread exited: 0x00000229929014a0
Event: 19.231 Thread 0x00000229929074d0 Thread exited: 0x00000229929074d0
Event: 19.231 Thread 0x00000229929028e0 Thread exited: 0x00000229929028e0
Event: 19.231 Thread 0x0000022992903d20 Thread exited: 0x0000022992903d20
Event: 19.231 Thread 0x00000229929023d0 Thread exited: 0x00000229929023d0
Event: 19.234 Thread 0x0000022992901ec0 Thread exited: 0x0000022992901ec0
Event: 19.266 Thread 0x000002292aff08f0 Thread added: 0x00000229929065a0
Event: 21.499 Thread 0x00000229929065a0 Thread exited: 0x00000229929065a0
Event: 21.978 Thread 0x00000229944fd690 Thread exited: 0x00000229944fd690


Dynamic libraries:
0x00007ff75c940000 - 0x00007ff75c94e000 	C:\Users\jsams\.sonar\cache\11a61a94d383e755b08b4e5890a13d148bc9f95b7149cbbeec62efb8c75a4a67\OpenJDK17U-jre_x64_windows_hotspot_17.0.13_11.zip_extracted\jdk-17.0.13+11-jre\bin\java.exe
0x00007ffb6df50000 - 0x00007ffb6e148000 	C:\WINDOWS\SYSTEM32\ntdll.dll
0x00007ffb6d7b0000 - 0x00007ffb6d872000 	C:\WINDOWS\System32\KERNEL32.DLL
0x00007ffb6b940000 - 0x00007ffb6bc37000 	C:\WINDOWS\System32\KERNELBASE.dll
0x00007ffb6bc40000 - 0x00007ffb6bd40000 	C:\WINDOWS\System32\ucrtbase.dll
0x00007ffb4d630000 - 0x00007ffb4d64e000 	C:\Users\jsams\.sonar\cache\11a61a94d383e755b08b4e5890a13d148bc9f95b7149cbbeec62efb8c75a4a67\OpenJDK17U-jre_x64_windows_hotspot_17.0.13_11.zip_extracted\jdk-17.0.13+11-jre\bin\VCRUNTIME140.dll
0x00007ffb4d610000 - 0x00007ffb4d627000 	C:\Users\jsams\.sonar\cache\11a61a94d383e755b08b4e5890a13d148bc9f95b7149cbbeec62efb8c75a4a67\OpenJDK17U-jre_x64_windows_hotspot_17.0.13_11.zip_extracted\jdk-17.0.13+11-jre\bin\jli.dll
0x00007ffb6c2a0000 - 0x00007ffb6c43d000 	C:\WINDOWS\System32\USER32.dll
0x00007ffb6bd40000 - 0x00007ffb6bd62000 	C:\WINDOWS\System32\win32u.dll
0x00007ffb6c480000 - 0x00007ffb6c4ab000 	C:\WINDOWS\System32\GDI32.dll
0x00007ffb6b5e0000 - 0x00007ffb6b6f9000 	C:\WINDOWS\System32\gdi32full.dll
0x00007ffb6bed0000 - 0x00007ffb6bf6d000 	C:\WINDOWS\System32\msvcp_win.dll
0x00007ffb5eb10000 - 0x00007ffb5edaa000 	C:\WINDOWS\WinSxS\amd64_microsoft.windows.common-controls_6595b64144ccf1df_6.0.19041.5915_none_60b4b9d171f9c7c7\COMCTL32.dll
0x00007ffb6cfb0000 - 0x00007ffb6d04e000 	C:\WINDOWS\System32\msvcrt.dll
0x00007ffb6c450000 - 0x00007ffb6c47f000 	C:\WINDOWS\System32\IMM32.DLL
0x00007ffb521a0000 - 0x00007ffb521ac000 	C:\Users\jsams\.sonar\cache\11a61a94d383e755b08b4e5890a13d148bc9f95b7149cbbeec62efb8c75a4a67\OpenJDK17U-jre_x64_windows_hotspot_17.0.13_11.zip_extracted\jdk-17.0.13+11-jre\bin\vcruntime140_1.dll
0x00007ffb40f20000 - 0x00007ffb40fad000 	C:\Users\jsams\.sonar\cache\11a61a94d383e755b08b4e5890a13d148bc9f95b7149cbbeec62efb8c75a4a67\OpenJDK17U-jre_x64_windows_hotspot_17.0.13_11.zip_extracted\jdk-17.0.13+11-jre\bin\msvcp140.dll
0x00007ffb26580000 - 0x00007ffb271eb000 	C:\Users\jsams\.sonar\cache\11a61a94d383e755b08b4e5890a13d148bc9f95b7149cbbeec62efb8c75a4a67\OpenJDK17U-jre_x64_windows_hotspot_17.0.13_11.zip_extracted\jdk-17.0.13+11-jre\bin\server\jvm.dll
0x00007ffb6ce60000 - 0x00007ffb6cf11000 	C:\WINDOWS\System32\ADVAPI32.dll
0x00007ffb6c120000 - 0x00007ffb6c1bf000 	C:\WINDOWS\System32\sechost.dll
0x00007ffb6d880000 - 0x00007ffb6d9a6000 	C:\WINDOWS\System32\RPCRT4.dll
0x00007ffb6b700000 - 0x00007ffb6b727000 	C:\WINDOWS\System32\bcrypt.dll
0x00007ffb6de30000 - 0x00007ffb6de9b000 	C:\WINDOWS\System32\WS2_32.dll
0x00007ffb61f60000 - 0x00007ffb61f87000 	C:\WINDOWS\SYSTEM32\WINMM.dll
0x00007ffb6ab70000 - 0x00007ffb6abbb000 	C:\WINDOWS\SYSTEM32\POWRPROF.dll
0x00007ffb63f70000 - 0x00007ffb63f7a000 	C:\WINDOWS\SYSTEM32\VERSION.dll
0x00007ffb6a9e0000 - 0x00007ffb6a9f2000 	C:\WINDOWS\SYSTEM32\UMPDC.dll
0x00007ffb69480000 - 0x00007ffb69492000 	C:\WINDOWS\SYSTEM32\kernel.appcore.dll
0x00007ffb52150000 - 0x00007ffb5215a000 	C:\Users\jsams\.sonar\cache\11a61a94d383e755b08b4e5890a13d148bc9f95b7149cbbeec62efb8c75a4a67\OpenJDK17U-jre_x64_windows_hotspot_17.0.13_11.zip_extracted\jdk-17.0.13+11-jre\bin\jimage.dll
0x00007ffb64740000 - 0x00007ffb64941000 	C:\WINDOWS\SYSTEM32\DBGHELP.DLL
0x00007ffb5b000000 - 0x00007ffb5b034000 	C:\WINDOWS\SYSTEM32\dbgcore.DLL
0x00007ffb6bd70000 - 0x00007ffb6bdf2000 	C:\WINDOWS\System32\bcryptPrimitives.dll
0x00007ffb4d5e0000 - 0x00007ffb4d605000 	C:\Users\jsams\.sonar\cache\11a61a94d383e755b08b4e5890a13d148bc9f95b7149cbbeec62efb8c75a4a67\OpenJDK17U-jre_x64_windows_hotspot_17.0.13_11.zip_extracted\jdk-17.0.13+11-jre\bin\java.dll
0x00007ffb39390000 - 0x00007ffb39467000 	C:\Users\jsams\.sonar\cache\11a61a94d383e755b08b4e5890a13d148bc9f95b7149cbbeec62efb8c75a4a67\OpenJDK17U-jre_x64_windows_hotspot_17.0.13_11.zip_extracted\jdk-17.0.13+11-jre\bin\jsvml.dll
0x00007ffb6c6f0000 - 0x00007ffb6ce5e000 	C:\WINDOWS\System32\SHELL32.dll
0x00007ffb69680000 - 0x00007ffb69e24000 	C:\WINDOWS\SYSTEM32\windows.storage.dll
0x00007ffb6d9b0000 - 0x00007ffb6dd03000 	C:\WINDOWS\System32\combase.dll
0x00007ffb6b010000 - 0x00007ffb6b03b000 	C:\WINDOWS\SYSTEM32\Wldp.dll
0x00007ffb6c4b0000 - 0x00007ffb6c57d000 	C:\WINDOWS\System32\OLEAUT32.dll
0x00007ffb6c1e0000 - 0x00007ffb6c28d000 	C:\WINDOWS\System32\SHCORE.dll
0x00007ffb6c690000 - 0x00007ffb6c6eb000 	C:\WINDOWS\System32\shlwapi.dll
0x00007ffb6b510000 - 0x00007ffb6b534000 	C:\WINDOWS\SYSTEM32\profapi.dll
0x00007ffb4d100000 - 0x00007ffb4d119000 	C:\Users\jsams\.sonar\cache\11a61a94d383e755b08b4e5890a13d148bc9f95b7149cbbeec62efb8c75a4a67\OpenJDK17U-jre_x64_windows_hotspot_17.0.13_11.zip_extracted\jdk-17.0.13+11-jre\bin\net.dll
0x00007ffb643b0000 - 0x00007ffb644ba000 	C:\WINDOWS\SYSTEM32\WINHTTP.dll
0x00007ffb6ad70000 - 0x00007ffb6adda000 	C:\WINDOWS\system32\mswsock.dll
0x00007ffb4cc60000 - 0x00007ffb4cc76000 	C:\Users\jsams\.sonar\cache\11a61a94d383e755b08b4e5890a13d148bc9f95b7149cbbeec62efb8c75a4a67\OpenJDK17U-jre_x64_windows_hotspot_17.0.13_11.zip_extracted\jdk-17.0.13+11-jre\bin\nio.dll
0x00007ffb4cc40000 - 0x00007ffb4cc58000 	C:\Users\jsams\.sonar\cache\11a61a94d383e755b08b4e5890a13d148bc9f95b7149cbbeec62efb8c75a4a67\OpenJDK17U-jre_x64_windows_hotspot_17.0.13_11.zip_extracted\jdk-17.0.13+11-jre\bin\zip.dll
0x00007ffb6af70000 - 0x00007ffb6af88000 	C:\WINDOWS\SYSTEM32\CRYPTSP.dll
0x00007ffb6a620000 - 0x00007ffb6a658000 	C:\WINDOWS\system32\rsaenh.dll
0x00007ffb6b490000 - 0x00007ffb6b4be000 	C:\WINDOWS\SYSTEM32\USERENV.dll
0x00007ffb6af60000 - 0x00007ffb6af6c000 	C:\WINDOWS\SYSTEM32\CRYPTBASE.dll
0x00007ffb6aa00000 - 0x00007ffb6aa3b000 	C:\WINDOWS\SYSTEM32\IPHLPAPI.DLL
0x00007ffb6c290000 - 0x00007ffb6c298000 	C:\WINDOWS\System32\NSI.dll
0x00007ffb65470000 - 0x00007ffb65487000 	C:\WINDOWS\SYSTEM32\dhcpcsvc6.DLL
0x00007ffb65a90000 - 0x00007ffb65aad000 	C:\WINDOWS\SYSTEM32\dhcpcsvc.DLL
0x00007ffb6aa50000 - 0x00007ffb6ab1a000 	C:\WINDOWS\SYSTEM32\DNSAPI.dll
0x00007ffb51d90000 - 0x00007ffb51da0000 	C:\Users\jsams\.sonar\cache\11a61a94d383e755b08b4e5890a13d148bc9f95b7149cbbeec62efb8c75a4a67\OpenJDK17U-jre_x64_windows_hotspot_17.0.13_11.zip_extracted\jdk-17.0.13+11-jre\bin\verify.dll
0x00007ffb51d70000 - 0x00007ffb51d7e000 	C:\Users\jsams\.sonar\cache\11a61a94d383e755b08b4e5890a13d148bc9f95b7149cbbeec62efb8c75a4a67\OpenJDK17U-jre_x64_windows_hotspot_17.0.13_11.zip_extracted\jdk-17.0.13+11-jre\bin\sunmscapi.dll
0x00007ffb6b7e0000 - 0x00007ffb6b93d000 	C:\WINDOWS\System32\CRYPT32.dll
0x00007ffb6b080000 - 0x00007ffb6b0a7000 	C:\WINDOWS\SYSTEM32\ncrypt.dll
0x00007ffb6b040000 - 0x00007ffb6b07b000 	C:\WINDOWS\SYSTEM32\NTASN1.dll
0x00007ffb6b1a0000 - 0x00007ffb6b1b2000 	C:\WINDOWS\SYSTEM32\MSASN1.dll
0x00007ffb69e40000 - 0x00007ffb69e63000 	C:\WINDOWS\SYSTEM32\gpapi.dll
0x00007ffb56720000 - 0x00007ffb56751000 	C:\WINDOWS\SYSTEM32\cryptnet.dll
0x00007ffb66bc0000 - 0x00007ffb66bcb000 	C:\WINDOWS\SYSTEM32\WINNSI.DLL
0x00007ffb6b3d0000 - 0x00007ffb6b3da000 	C:\WINDOWS\SYSTEM32\DPAPI.dll
0x00007ffb5a0f0000 - 0x00007ffb5a14a000 	C:\WINDOWS\system32\ncryptprov.dll
0x0000000069420000 - 0x0000000069446000 	C:\Program Files\Bonjour\mdnsNSP.dll
0x00007ffb61f90000 - 0x00007ffb61f9a000 	C:\Windows\System32\rasadhlp.dll
0x00007ffb61d80000 - 0x00007ffb61e00000 	C:\WINDOWS\System32\fwpuclnt.dll
0x00007ffb51cb0000 - 0x00007ffb51cb9000 	C:\Users\jsams\.sonar\cache\11a61a94d383e755b08b4e5890a13d148bc9f95b7149cbbeec62efb8c75a4a67\OpenJDK17U-jre_x64_windows_hotspot_17.0.13_11.zip_extracted\jdk-17.0.13+11-jre\bin\extnet.dll
0x00007ffb5da50000 - 0x00007ffb5da57000 	C:\WINDOWS\system32\wshunix.dll

dbghelp: loaded successfully - version: 4.0.5 - missing functions: none
symbol engine: initialized successfully - sym options: 0x614 - pdb path: .;C:\Users\jsams\.sonar\cache\11a61a94d383e755b08b4e5890a13d148bc9f95b7149cbbeec62efb8c75a4a67\OpenJDK17U-jre_x64_windows_hotspot_17.0.13_11.zip_extracted\jdk-17.0.13+11-jre\bin;C:\WINDOWS\SYSTEM32;C:\WINDOWS\WinSxS\amd64_microsoft.windows.common-controls_6595b64144ccf1df_6.0.19041.5915_none_60b4b9d171f9c7c7;C:\Users\jsams\.sonar\cache\11a61a94d383e755b08b4e5890a13d148bc9f95b7149cbbeec62efb8c75a4a67\OpenJDK17U-jre_x64_windows_hotspot_17.0.13_11.zip_extracted\jdk-17.0.13+11-jre\bin\server;C:\Program Files\Bonjour

VM Arguments:
java_command: C:\Users\jsams\.sonar\cache\70ee75b3dd24c4e195caf0320e3d1311f0a75f0f3c368f35429fe8c53570d32a\sonar-scanner-engine-shaded-25.7.0.110598-all.jar
java_class_path (initial): C:\Users\jsams\.sonar\cache\70ee75b3dd24c4e195caf0320e3d1311f0a75f0f3c368f35429fe8c53570d32a\sonar-scanner-engine-shaded-25.7.0.110598-all.jar
Launcher Type: SUN_STANDARD

[Global flags]
     intx CICompilerCount                          = 3                                         {product} {ergonomic}
     uint ConcGCThreads                            = 2                                         {product} {ergonomic}
     uint G1ConcRefinementThreads                  = 6                                         {product} {ergonomic}
   size_t G1HeapRegionSize                         = 2097152                                   {product} {ergonomic}
    uintx GCDrainStackTargetSize                   = 64                                        {product} {ergonomic}
   size_t InitialHeapSize                          = 268435456                                 {product} {ergonomic}
   size_t MarkStackSize                            = 4194304                                   {product} {ergonomic}
   size_t MaxHeapSize                              = 4282384384                                {product} {ergonomic}
   size_t MaxNewSize                               = 2569011200                                {product} {ergonomic}
   size_t MinHeapDeltaBytes                        = 2097152                                   {product} {ergonomic}
   size_t MinHeapSize                              = 8388608                                   {product} {ergonomic}
    uintx NonNMethodCodeHeapSize                   = 5832780                                {pd product} {ergonomic}
    uintx NonProfiledCodeHeapSize                  = 122912730                              {pd product} {ergonomic}
    uintx ProfiledCodeHeapSize                     = 122912730                              {pd product} {ergonomic}
    uintx ReservedCodeCacheSize                    = 251658240                              {pd product} {ergonomic}
     bool SegmentedCodeCache                       = true                                      {product} {ergonomic}
   size_t SoftMaxHeapSize                          = 4282384384                             {manageable} {ergonomic}
     bool UseCompressedClassPointers               = true                           {product lp64_product} {ergonomic}
     bool UseCompressedOops                        = true                           {product lp64_product} {ergonomic}
     bool UseG1GC                                  = true                                      {product} {ergonomic}
     bool UseLargePagesIndividualAllocation        = false                                  {pd product} {ergonomic}

Logging:
Log output configuration:
 #0: stdout all=warning uptime,level,tags
 #1: stderr all=off uptime,level,tags

Environment Variables:
JAVA_HOME=D:\过盔备己沥焊\sonar-scanner-cli-6.2.1.4610-windows-x64\sonar-scanner-6.2.1.4610-windows-x64\bin\..\jre
CLASSPATH=C:\Program Files\Java\jdk-17\lib;.
PATH=C:\maven\apache-maven-3.9.10\bin;C:\Program Files (x86)\PuTTY\;C:\Program Files\nodejs\;C:\Program Files\Git\cmd;D:\过盔备己沥焊\sonar-scanner-cli-6.2.1.4610-windows-x64\sonar-scanner-6.2.1.4610-windows-x64\bin;C:\Users\jsams\AppData\Local\Programs\Python\Python313\Scripts\;C:\Users\jsams\AppData\Local\Programs\Python\Python313\;C:\Users\jsams\AppData\Local\Programs\git-cola\bin;C:\Program Files\MySQL\MySQL Shell 8.0\bin\;C:\Users\jsams\AppData\Local\Microsoft\WindowsApps;C:\Program Files\JetBrains\IntelliJ IDEA 2023.1.2\bin;C:\Windows\System32;C:\Windows;C:\Windows\System32\Wbem;C:\Windows\System32\WindowsPowerShell\v1.0\;C:\Windows\System32\OpenSSH\;C:\tools\apache-maven-3.9.10\bin;C:\Program Files\Java\jdk-17\bin;C:\Users\jsams\AppData\Local\Programs\Microsoft VS Code\bin;C:\Users\jsams\AppData\Roaming\npm;C:\Program Files\JetBrains\PyCharm 2025.1.3.1\bin;;C:\hadoop\bin;C:\Users\jsams\Downloads\windows_10_cmake_Release_Graphviz-13.1.1-win64\Graphviz-13.1.1-win64\bin;
USERNAME=jsams
TMPDIR=C:\Users\Public\Documents\ESTsoft\CreatorTemp
OS=Windows_NT
PROCESSOR_IDENTIFIER=AMD64 Family 23 Model 113 Stepping 0, AuthenticAMD
TMP=C:\Users\jsams\AppData\Local\Temp
TEMP=C:\Users\jsams\AppData\Local\Temp



Periodic native trim disabled


---------------  S Y S T E M  ---------------

OS:
 Windows 10 , 64 bit Build 19041 (10.0.19041.5915)
OS uptime: 7 days 19:45 hours

CPU: total 6 (initial active 6) (6 cores per cpu, 1 threads per core) family 23 model 113 stepping 0 microcode 0x0, cx8, cmov, fxsr, mmx, 3dnowpref, sse, sse2, sse3, ssse3, sse4a, sse4.1, sse4.2, popcnt, lzcnt, tsc, tscinvbit, avx, avx2, aes, clmul, bmi1, bmi2, adx, sha, fma, vzeroupper, clflush, clflushopt
Processor Information for all 6 processors :
  Max Mhz: 3600, Current Mhz: 3600, Mhz Limit: 3600

Memory: 4k page, system-wide physical 16335M (3563M free)
TotalPageFile size 16335M (AvailPageFile size 463M)
current process WorkingSet (physical memory assigned to process): 634M, peak: 638M
current process commit charge ("private bytes"): 689M, peak: 1219M

vm_info: OpenJDK 64-Bit Server VM (17.0.13+11) for windows-amd64 JRE (17.0.13+11), built on Oct 16 2024 00:10:08 by "admin" with MS VC++ 17.7 (VS2022)

END.
